  [1m[35m (9.6ms)[0m  [1m[35mCREATE TABLE "schema_migrations" ("version" varchar NOT NULL PRIMARY KEY)[0m
  [1m[35m (6.8ms)[0m  [1m[35mCREATE TABLE "ar_internal_metadata" ("key" varchar NOT NULL PRIMARY KEY, "value" varchar, "created_at" datetime(6) NOT NULL, "updated_at" datetime(6) NOT NULL)[0m
  [1m[36mActiveRecord::SchemaMigration Pluck (0.1ms)[0m  [1m[34mSELECT "schema_migrations"."version" FROM "schema_migrations" ORDER BY "schema_migrations"."version" ASC[0m
  [1m[36mActiveRecord::InternalMetadata Pluck (0.1ms)[0m  [1m[34mSELECT "ar_internal_metadata"."value" FROM "ar_internal_metadata" WHERE "ar_internal_metadata"."key" = ? LIMIT ?[0m  [["key", "schema_sha1"], ["LIMIT", 1]]
  [1m[36mActiveRecord::SchemaMigration Pluck (0.0ms)[0m  [1m[34mSELECT "schema_migrations"."version" FROM "schema_migrations" ORDER BY "schema_migrations"."version" ASC[0m
  [1m[36mActiveRecord::SchemaMigration Pluck (0.0ms)[0m  [1m[34mSELECT "schema_migrations"."version" FROM "schema_migrations" ORDER BY "schema_migrations"."version" ASC[0m
  [1m[36mActiveRecord::SchemaMigration Pluck (0.1ms)[0m  [1m[34mSELECT "schema_migrations"."version" FROM "schema_migrations" ORDER BY "schema_migrations"."version" ASC[0m
Migrating to CreateUsers (20230506161620)
  [1m[36mTRANSACTION (0.1ms)[0m  [1m[36mbegin transaction[0m
  [1m[35m (0.9ms)[0m  [1m[35mCREATE TABLE "users" ("id" integer PRIMARY KEY AUTOINCREMENT NOT NULL, "name" varchar, "email" varchar, "created_at" datetime(6) NOT NULL, "updated_at" datetime(6) NOT NULL)[0m
  [1m[36mActiveRecord::SchemaMigration Create (0.2ms)[0m  [1m[32mINSERT INTO "schema_migrations" ("version") VALUES (?)[0m  [["version", "20230506161620"]]
  [1m[36mTRANSACTION (5.5ms)[0m  [1m[36mcommit transaction[0m
Migrating to CreateMicroposts (20230506175244)
  [1m[36mTRANSACTION (0.1ms)[0m  [1m[36mbegin transaction[0m
  [1m[35m (0.5ms)[0m  [1m[35mCREATE TABLE "microposts" ("id" integer PRIMARY KEY AUTOINCREMENT NOT NULL, "content" text, "user_id" integer, "created_at" datetime(6) NOT NULL, "updated_at" datetime(6) NOT NULL)[0m
  [1m[36mActiveRecord::SchemaMigration Create (0.1ms)[0m  [1m[32mINSERT INTO "schema_migrations" ("version") VALUES (?)[0m  [["version", "20230506175244"]]
  [1m[36mTRANSACTION (6.3ms)[0m  [1m[36mcommit transaction[0m
  [1m[36mActiveRecord::InternalMetadata Load (0.3ms)[0m  [1m[34mSELECT "ar_internal_metadata".* FROM "ar_internal_metadata" WHERE "ar_internal_metadata"."key" = ? LIMIT ?[0m  [["key", "environment"], ["LIMIT", 1]]
  [1m[36mTRANSACTION (0.0ms)[0m  [1m[36mbegin transaction[0m
  [1m[36mActiveRecord::InternalMetadata Create (0.5ms)[0m  [1m[32mINSERT INTO "ar_internal_metadata" ("key", "value", "created_at", "updated_at") VALUES (?, ?, ?, ?)[0m  [["key", "environment"], ["value", "test"], ["created_at", "2023-05-20 07:15:01.739497"], ["updated_at", "2023-05-20 07:15:01.739497"]]
  [1m[36mTRANSACTION (6.1ms)[0m  [1m[36mcommit transaction[0m
  [1m[36mActiveRecord::SchemaMigration Pluck (0.0ms)[0m  [1m[34mSELECT "schema_migrations"."version" FROM "schema_migrations" ORDER BY "schema_migrations"."version" ASC[0m
  [1m[36mActiveRecord::InternalMetadata Pluck (0.1ms)[0m  [1m[34mSELECT "ar_internal_metadata"."value" FROM "ar_internal_metadata" WHERE "ar_internal_metadata"."key" = ? LIMIT ?[0m  [["key", "schema_sha1"], ["LIMIT", 1]]
  [1m[36mActiveRecord::SchemaMigration Pluck (0.0ms)[0m  [1m[34mSELECT "schema_migrations"."version" FROM "schema_migrations" ORDER BY "schema_migrations"."version" ASC[0m
  [1m[35m (0.1ms)[0m  [1m[35mPRAGMA foreign_keys[0m
  [1m[35m (0.0ms)[0m  [1m[35mPRAGMA defer_foreign_keys[0m
  [1m[35m (0.0ms)[0m  [1m[35mPRAGMA defer_foreign_keys = ON[0m
  [1m[35m (0.0ms)[0m  [1m[35mPRAGMA foreign_keys = OFF[0m
  [1m[36mTRANSACTION (0.0ms)[0m  [1m[36mbegin transaction[0m
  [1m[36mFixtures Load (0.9ms)[0m  [1m[31mDELETE FROM "microposts";
DELETE FROM "users";
INSERT INTO "microposts" ("id", "content", "user_id", "created_at", "updated_at") VALUES (980190962, 'MyText', 1, '2023-05-20 07:15:07.901499', '2023-05-20 07:15:07.901499');
INSERT INTO "microposts" ("id", "content", "user_id", "created_at", "updated_at") VALUES (298486374, 'MyText', 1, '2023-05-20 07:15:07.901499', '2023-05-20 07:15:07.901499');
INSERT INTO "users" ("id", "name", "email", "created_at", "updated_at") VALUES (980190962, 'MyString', 'MyString', '2023-05-20 07:15:07.902398', '2023-05-20 07:15:07.902398');
INSERT INTO "users" ("id", "name", "email", "created_at", "updated_at") VALUES (298486374, 'MyString', 'MyString', '2023-05-20 07:15:07.902398', '2023-05-20 07:15:07.902398')[0m
  [1m[36mTRANSACTION (6.2ms)[0m  [1m[36mcommit transaction[0m
  [1m[35m (0.0ms)[0m  [1m[35mPRAGMA defer_foreign_keys = 0[0m
  [1m[35m (0.0ms)[0m  [1m[35mPRAGMA foreign_keys = 1[0m
  [1m[35m (0.0ms)[0m  [1m[35mPRAGMA foreign_key_check[0m
  [1m[36mTRANSACTION (0.0ms)[0m  [1m[36mbegin transaction[0m
---------------------------------------------
UsersControllerTest: test_should_destroy_user
---------------------------------------------
  [1m[36mUser Load (0.1ms)[0m  [1m[34mSELECT "users".* FROM "users" WHERE "users"."id" = ? LIMIT ?[0m  [["id", 980190962], ["LIMIT", 1]]
  [1m[36mUser Count (0.0ms)[0m  [1m[34mSELECT COUNT(*) FROM "users"[0m
Started DELETE "/users/980190962" for 127.0.0.1 at 2023-05-20 12:45:09 +0530
Processing by UsersController#destroy as HTML
  Parameters: {"id"=>"980190962"}
  [1m[36mUser Load (0.0ms)[0m  [1m[34mSELECT "users".* FROM "users" WHERE "users"."id" = ? LIMIT ?[0m  [["id", 980190962], ["LIMIT", 1]]
  [1m[36mTRANSACTION (0.0ms)[0m  [1m[35mSAVEPOINT active_record_1[0m
  [1m[36mUser Destroy (0.6ms)[0m  [1m[31mDELETE FROM "users" WHERE "users"."id" = ?[0m  [["id", 980190962]]
  [1m[36mTRANSACTION (0.0ms)[0m  [1m[35mRELEASE SAVEPOINT active_record_1[0m
Redirected to http://www.example.com/users
Completed 302 Found in 9ms (ActiveRecord: 0.7ms | Allocations: 2629)
  [1m[36mUser Count (0.1ms)[0m  [1m[34mSELECT COUNT(*) FROM "users"[0m
  [1m[36mTRANSACTION (0.2ms)[0m  [1m[31mrollback transaction[0m
  [1m[36mTRANSACTION (0.0ms)[0m  [1m[36mbegin transaction[0m
-----------------------------------------
UsersControllerTest: test_should_get_edit
-----------------------------------------
  [1m[36mUser Load (0.1ms)[0m  [1m[34mSELECT "users".* FROM "users" WHERE "users"."id" = ? LIMIT ?[0m  [["id", 980190962], ["LIMIT", 1]]
Started GET "/users/980190962/edit" for 127.0.0.1 at 2023-05-20 12:45:09 +0530
Processing by UsersController#edit as HTML
  Parameters: {"id"=>"980190962"}
  [1m[36mUser Load (0.1ms)[0m  [1m[34mSELECT "users".* FROM "users" WHERE "users"."id" = ? LIMIT ?[0m  [["id", 980190962], ["LIMIT", 1]]
  Rendering layout layouts/application.html.erb
  Rendering users/edit.html.erb within layouts/application
  Rendered users/_form.html.erb (Duration: 71.5ms | Allocations: 2992)
  Rendered users/edit.html.erb within layouts/application (Duration: 74.0ms | Allocations: 3609)
  Rendered layout layouts/application.html.erb (Duration: 746.3ms | Allocations: 87364)
Completed 500 Internal Server Error in 758ms (ActiveRecord: 0.1ms | Allocations: 89576)
  [1m[36mTRANSACTION (0.0ms)[0m  [1m[31mrollback transaction[0m
  [1m[36mTRANSACTION (0.1ms)[0m  [1m[36mbegin transaction[0m
------------------------------------------
UsersControllerTest: test_should_get_index
------------------------------------------
  [1m[36mUser Load (0.2ms)[0m  [1m[34mSELECT "users".* FROM "users" WHERE "users"."id" = ? LIMIT ?[0m  [["id", 980190962], ["LIMIT", 1]]
Started GET "/users" for 127.0.0.1 at 2023-05-20 12:45:10 +0530
Processing by UsersController#index as HTML
  Rendering layout layouts/application.html.erb
  Rendering users/index.html.erb within layouts/application
  [1m[36mUser Load (0.1ms)[0m  [1m[34mSELECT "users".* FROM "users"[0m
  [1m[36mMicropost Load (0.1ms)[0m  [1m[34mSELECT "microposts".* FROM "microposts" WHERE "microposts"."user_id" = ?[0m  [["user_id", 298486374]]
  Rendered users/_user.html.erb (Duration: 4.9ms | Allocations: 1188)
  [1m[36mMicropost Load (0.0ms)[0m  [1m[34mSELECT "microposts".* FROM "microposts" WHERE "microposts"."user_id" = ?[0m  [["user_id", 980190962]]
  Rendered users/_user.html.erb (Duration: 0.3ms | Allocations: 200)
  Rendered users/index.html.erb within layouts/application (Duration: 12.3ms | Allocations: 3321)
  Rendered shared/_navbar.html.erb (Duration: 1.2ms | Allocations: 246)
  Rendered layout layouts/application.html.erb (Duration: 34.1ms | Allocations: 27993)
Completed 200 OK in 36ms (Views: 34.2ms | ActiveRecord: 0.2ms | Allocations: 28350)
  [1m[36mTRANSACTION (0.0ms)[0m  [1m[31mrollback transaction[0m
  [1m[36mTRANSACTION (0.2ms)[0m  [1m[36mbegin transaction[0m
------------------------------------------
UsersControllerTest: test_should_show_user
------------------------------------------
  [1m[36mUser Load (0.1ms)[0m  [1m[34mSELECT "users".* FROM "users" WHERE "users"."id" = ? LIMIT ?[0m  [["id", 980190962], ["LIMIT", 1]]
Started GET "/users/980190962" for 127.0.0.1 at 2023-05-20 12:45:10 +0530
Processing by UsersController#show as HTML
  Parameters: {"id"=>"980190962"}
  [1m[36mUser Load (0.0ms)[0m  [1m[34mSELECT "users".* FROM "users" WHERE "users"."id" = ? LIMIT ?[0m  [["id", 980190962], ["LIMIT", 1]]
  Rendering layout layouts/application.html.erb
  Rendering users/show.html.erb within layouts/application
  [1m[36mMicropost Load (0.0ms)[0m  [1m[34mSELECT "microposts".* FROM "microposts" WHERE "microposts"."user_id" = ?[0m  [["user_id", 980190962]]
  Rendered users/_user.html.erb (Duration: 0.4ms | Allocations: 200)
  Rendered users/show.html.erb within layouts/application (Duration: 1.4ms | Allocations: 761)
  Rendered shared/_navbar.html.erb (Duration: 0.0ms | Allocations: 43)
  Rendered layout layouts/application.html.erb (Duration: 2.0ms | Allocations: 2326)
Completed 200 OK in 4ms (Views: 2.2ms | ActiveRecord: 0.1ms | Allocations: 2755)
  [1m[36mTRANSACTION (0.0ms)[0m  [1m[31mrollback transaction[0m
  [1m[36mTRANSACTION (0.0ms)[0m  [1m[36mbegin transaction[0m
----------------------------------------
UsersControllerTest: test_should_get_new
----------------------------------------
  [1m[36mUser Load (0.1ms)[0m  [1m[34mSELECT "users".* FROM "users" WHERE "users"."id" = ? LIMIT ?[0m  [["id", 980190962], ["LIMIT", 1]]
Started GET "/users/new" for 127.0.0.1 at 2023-05-20 12:45:10 +0530
Processing by UsersController#new as HTML
  Rendering layout layouts/application.html.erb
  Rendering users/new.html.erb within layouts/application
  Rendered users/_form.html.erb (Duration: 0.6ms | Allocations: 759)
  Rendered users/new.html.erb within layouts/application (Duration: 1.0ms | Allocations: 981)
  Rendered shared/_navbar.html.erb (Duration: 0.0ms | Allocations: 43)
  Rendered layout layouts/application.html.erb (Duration: 1.7ms | Allocations: 2554)
Completed 200 OK in 3ms (Views: 1.8ms | ActiveRecord: 0.0ms | Allocations: 2894)
  [1m[36mTRANSACTION (0.0ms)[0m  [1m[31mrollback transaction[0m
  [1m[36mTRANSACTION (0.0ms)[0m  [1m[36mbegin transaction[0m
--------------------------------------------
UsersControllerTest: test_should_update_user
--------------------------------------------
  [1m[36mUser Load (0.1ms)[0m  [1m[34mSELECT "users".* FROM "users" WHERE "users"."id" = ? LIMIT ?[0m  [["id", 980190962], ["LIMIT", 1]]
Started PATCH "/users/980190962" for 127.0.0.1 at 2023-05-20 12:45:10 +0530
Processing by UsersController#update as HTML
  Parameters: {"user"=>{"email"=>"MyString", "name"=>"MyString"}, "id"=>"980190962"}
  [1m[36mUser Load (0.0ms)[0m  [1m[34mSELECT "users".* FROM "users" WHERE "users"."id" = ? LIMIT ?[0m  [["id", 980190962], ["LIMIT", 1]]
Redirected to http://www.example.com/users/980190962
Completed 302 Found in 3ms (ActiveRecord: 0.0ms | Allocations: 997)
  [1m[36mTRANSACTION (0.0ms)[0m  [1m[31mrollback transaction[0m
  [1m[36mTRANSACTION (1.0ms)[0m  [1m[36mbegin transaction[0m
--------------------------------------------
UsersControllerTest: test_should_create_user
--------------------------------------------
  [1m[36mUser Load (0.1ms)[0m  [1m[34mSELECT "users".* FROM "users" WHERE "users"."id" = ? LIMIT ?[0m  [["id", 980190962], ["LIMIT", 1]]
  [1m[36mUser Count (0.0ms)[0m  [1m[34mSELECT COUNT(*) FROM "users"[0m
Started POST "/users" for 127.0.0.1 at 2023-05-20 12:45:10 +0530
Processing by UsersController#create as HTML
  Parameters: {"user"=>{"email"=>"MyString", "name"=>"MyString"}}
  [1m[36mTRANSACTION (0.0ms)[0m  [1m[35mSAVEPOINT active_record_1[0m
  [1m[36mUser Create (0.5ms)[0m  [1m[32mINSERT INTO "users" ("name", "email", "created_at", "updated_at") VALUES (?, ?, ?, ?)[0m  [["name", "MyString"], ["email", "MyString"], ["created_at", "2023-05-20 07:15:10.344859"], ["updated_at", "2023-05-20 07:15:10.344859"]]
  [1m[36mTRANSACTION (0.0ms)[0m  [1m[35mRELEASE SAVEPOINT active_record_1[0m
Redirected to http://www.example.com/users/980190963
Completed 302 Found in 7ms (ActiveRecord: 0.6ms | Allocations: 862)
  [1m[36mUser Count (0.1ms)[0m  [1m[34mSELECT COUNT(*) FROM "users"[0m
  [1m[36mUser Load (0.1ms)[0m  [1m[34mSELECT "users".* FROM "users" ORDER BY "users"."id" DESC LIMIT ?[0m  [["LIMIT", 1]]
  [1m[36mTRANSACTION (0.2ms)[0m  [1m[31mrollback transaction[0m
  [1m[36mTRANSACTION (0.0ms)[0m  [1m[36mbegin transaction[0m
-------------------------------------------------------
MicropostsControllerTest: test_should_destroy_micropost
-------------------------------------------------------
  [1m[36mMicropost Load (0.1ms)[0m  [1m[34mSELECT "microposts".* FROM "microposts" WHERE "microposts"."id" = ? LIMIT ?[0m  [["id", 980190962], ["LIMIT", 1]]
  [1m[36mMicropost Count (0.1ms)[0m  [1m[34mSELECT COUNT(*) FROM "microposts"[0m
Started DELETE "/microposts/980190962" for 127.0.0.1 at 2023-05-20 12:45:10 +0530
Processing by MicropostsController#destroy as HTML
  Parameters: {"id"=>"980190962"}
  [1m[36mMicropost Load (0.1ms)[0m  [1m[34mSELECT "microposts".* FROM "microposts" WHERE "microposts"."id" = ? LIMIT ?[0m  [["id", 980190962], ["LIMIT", 1]]
  [1m[36mTRANSACTION (0.0ms)[0m  [1m[35mSAVEPOINT active_record_1[0m
  [1m[36mMicropost Destroy (0.5ms)[0m  [1m[31mDELETE FROM "microposts" WHERE "microposts"."id" = ?[0m  [["id", 980190962]]
  [1m[36mTRANSACTION (0.0ms)[0m  [1m[35mRELEASE SAVEPOINT active_record_1[0m
Redirected to http://www.example.com/microposts
Completed 302 Found in 3ms (ActiveRecord: 0.6ms | Allocations: 803)
  [1m[36mMicropost Count (0.1ms)[0m  [1m[34mSELECT COUNT(*) FROM "microposts"[0m
  [1m[36mTRANSACTION (0.2ms)[0m  [1m[31mrollback transaction[0m
  [1m[36mTRANSACTION (0.3ms)[0m  [1m[36mbegin transaction[0m
----------------------------------------------
MicropostsControllerTest: test_should_get_edit
----------------------------------------------
  [1m[36mMicropost Load (0.1ms)[0m  [1m[34mSELECT "microposts".* FROM "microposts" WHERE "microposts"."id" = ? LIMIT ?[0m  [["id", 980190962], ["LIMIT", 1]]
Started GET "/microposts/980190962/edit" for 127.0.0.1 at 2023-05-20 12:45:10 +0530
Processing by MicropostsController#edit as HTML
  Parameters: {"id"=>"980190962"}
  [1m[36mMicropost Load (0.1ms)[0m  [1m[34mSELECT "microposts".* FROM "microposts" WHERE "microposts"."id" = ? LIMIT ?[0m  [["id", 980190962], ["LIMIT", 1]]
  Rendering layout layouts/application.html.erb
  Rendering microposts/edit.html.erb within layouts/application
  Rendered microposts/_form.html.erb (Duration: 30.9ms | Allocations: 1558)
  Rendered microposts/edit.html.erb within layouts/application (Duration: 31.9ms | Allocations: 1906)
  Rendered shared/_navbar.html.erb (Duration: 0.0ms | Allocations: 47)
  Rendered layout layouts/application.html.erb (Duration: 32.8ms | Allocations: 3560)
Completed 200 OK in 36ms (Views: 34.9ms | ActiveRecord: 0.1ms | Allocations: 4260)
  [1m[36mTRANSACTION (0.0ms)[0m  [1m[31mrollback transaction[0m
  [1m[36mTRANSACTION (0.0ms)[0m  [1m[36mbegin transaction[0m
-----------------------------------------------
MicropostsControllerTest: test_should_get_index
-----------------------------------------------
  [1m[36mMicropost Load (0.1ms)[0m  [1m[34mSELECT "microposts".* FROM "microposts" WHERE "microposts"."id" = ? LIMIT ?[0m  [["id", 980190962], ["LIMIT", 1]]
Started GET "/microposts" for 127.0.0.1 at 2023-05-20 12:45:10 +0530
Processing by MicropostsController#index as HTML
  Rendering layout layouts/application.html.erb
  Rendering microposts/index.html.erb within layouts/application
  [1m[36mMicropost Load (0.1ms)[0m  [1m[34mSELECT "microposts".* FROM "microposts"[0m
  Rendered microposts/_micropost.html.erb (Duration: 0.6ms | Allocations: 182)
  Rendered microposts/_micropost.html.erb (Duration: 0.0ms | Allocations: 15)
  Rendered microposts/index.html.erb within layouts/application (Duration: 13.5ms | Allocations: 1130)
  Rendered shared/_navbar.html.erb (Duration: 0.0ms | Allocations: 43)
  Rendered layout layouts/application.html.erb (Duration: 14.5ms | Allocations: 2704)
Completed 200 OK in 16ms (Views: 14.6ms | ActiveRecord: 0.1ms | Allocations: 3041)
  [1m[36mTRANSACTION (0.1ms)[0m  [1m[31mrollback transaction[0m
  [1m[36mTRANSACTION (0.0ms)[0m  [1m[36mbegin transaction[0m
----------------------------------------------------
MicropostsControllerTest: test_should_show_micropost
----------------------------------------------------
  [1m[36mMicropost Load (0.1ms)[0m  [1m[34mSELECT "microposts".* FROM "microposts" WHERE "microposts"."id" = ? LIMIT ?[0m  [["id", 980190962], ["LIMIT", 1]]
Started GET "/microposts/980190962" for 127.0.0.1 at 2023-05-20 12:45:10 +0530
Processing by MicropostsController#show as HTML
  Parameters: {"id"=>"980190962"}
  [1m[36mMicropost Load (0.0ms)[0m  [1m[34mSELECT "microposts".* FROM "microposts" WHERE "microposts"."id" = ? LIMIT ?[0m  [["id", 980190962], ["LIMIT", 1]]
  Rendering layout layouts/application.html.erb
  Rendering microposts/show.html.erb within layouts/application
  Rendered microposts/_micropost.html.erb (Duration: 0.0ms | Allocations: 16)
  Rendered microposts/show.html.erb within layouts/application (Duration: 1.0ms | Allocations: 538)
  Rendered shared/_navbar.html.erb (Duration: 0.1ms | Allocations: 43)
  Rendered layout layouts/application.html.erb (Duration: 1.8ms | Allocations: 2103)
Completed 200 OK in 4ms (Views: 2.1ms | ActiveRecord: 0.0ms | Allocations: 2532)
  [1m[36mTRANSACTION (0.1ms)[0m  [1m[31mrollback transaction[0m
  [1m[36mTRANSACTION (0.0ms)[0m  [1m[36mbegin transaction[0m
---------------------------------------------
MicropostsControllerTest: test_should_get_new
---------------------------------------------
  [1m[36mMicropost Load (0.1ms)[0m  [1m[34mSELECT "microposts".* FROM "microposts" WHERE "microposts"."id" = ? LIMIT ?[0m  [["id", 980190962], ["LIMIT", 1]]
Started GET "/microposts/new" for 127.0.0.1 at 2023-05-20 12:45:10 +0530
Processing by MicropostsController#new as HTML
  Rendering layout layouts/application.html.erb
  Rendering microposts/new.html.erb within layouts/application
  Rendered microposts/_form.html.erb (Duration: 0.6ms | Allocations: 739)
  Rendered microposts/new.html.erb within layouts/application (Duration: 1.2ms | Allocations: 951)
  Rendered shared/_navbar.html.erb (Duration: 0.0ms | Allocations: 43)
  Rendered layout layouts/application.html.erb (Duration: 2.0ms | Allocations: 2524)
Completed 200 OK in 3ms (Views: 2.2ms | ActiveRecord: 0.0ms | Allocations: 2844)
  [1m[36mTRANSACTION (0.0ms)[0m  [1m[31mrollback transaction[0m
  [1m[36mTRANSACTION (0.0ms)[0m  [1m[36mbegin transaction[0m
------------------------------------------------------
MicropostsControllerTest: test_should_update_micropost
------------------------------------------------------
  [1m[36mMicropost Load (0.1ms)[0m  [1m[34mSELECT "microposts".* FROM "microposts" WHERE "microposts"."id" = ? LIMIT ?[0m  [["id", 980190962], ["LIMIT", 1]]
Started PATCH "/microposts/980190962" for 127.0.0.1 at 2023-05-20 12:45:10 +0530
Processing by MicropostsController#update as HTML
  Parameters: {"micropost"=>{"content"=>"MyText", "user_id"=>"1"}, "id"=>"980190962"}
  [1m[36mMicropost Load (0.1ms)[0m  [1m[34mSELECT "microposts".* FROM "microposts" WHERE "microposts"."id" = ? LIMIT ?[0m  [["id", 980190962], ["LIMIT", 1]]
  [1m[36mTRANSACTION (0.0ms)[0m  [1m[35mSAVEPOINT active_record_1[0m
  [1m[36mUser Load (0.0ms)[0m  [1m[34mSELECT "users".* FROM "users" WHERE "users"."id" = ? LIMIT ?[0m  [["id", 1], ["LIMIT", 1]]
  [1m[36mTRANSACTION (0.0ms)[0m  [1m[31mROLLBACK TO SAVEPOINT active_record_1[0m
  Rendering layout layouts/application.html.erb
  Rendering microposts/edit.html.erb within layouts/application
  Rendered microposts/_form.html.erb (Duration: 1.0ms | Allocations: 1293)
  Rendered microposts/edit.html.erb within layouts/application (Duration: 1.2ms | Allocations: 1396)
  Rendered shared/_navbar.html.erb (Duration: 0.0ms | Allocations: 43)
  Rendered layout layouts/application.html.erb (Duration: 1.8ms | Allocations: 2961)
Completed 422 Unprocessable Entity in 7ms (Views: 2.1ms | ActiveRecord: 0.2ms | Allocations: 4639)
  [1m[36mTRANSACTION (0.0ms)[0m  [1m[31mrollback transaction[0m
  [1m[36mTRANSACTION (0.1ms)[0m  [1m[36mbegin transaction[0m
------------------------------------------------------
MicropostsControllerTest: test_should_create_micropost
------------------------------------------------------
  [1m[36mMicropost Load (0.1ms)[0m  [1m[34mSELECT "microposts".* FROM "microposts" WHERE "microposts"."id" = ? LIMIT ?[0m  [["id", 980190962], ["LIMIT", 1]]
  [1m[36mMicropost Count (0.0ms)[0m  [1m[34mSELECT COUNT(*) FROM "microposts"[0m
Started POST "/microposts" for 127.0.0.1 at 2023-05-20 12:45:10 +0530
Processing by MicropostsController#create as HTML
  Parameters: {"micropost"=>{"content"=>"MyText", "user_id"=>"1"}}
  [1m[36mTRANSACTION (0.1ms)[0m  [1m[35mSAVEPOINT active_record_1[0m
  [1m[36mUser Load (0.0ms)[0m  [1m[34mSELECT "users".* FROM "users" WHERE "users"."id" = ? LIMIT ?[0m  [["id", 1], ["LIMIT", 1]]
  [1m[36mTRANSACTION (0.0ms)[0m  [1m[31mROLLBACK TO SAVEPOINT active_record_1[0m
  Rendering layout layouts/application.html.erb
  Rendering microposts/new.html.erb within layouts/application
  Rendered microposts/_form.html.erb (Duration: 0.9ms | Allocations: 1124)
  Rendered microposts/new.html.erb within layouts/application (Duration: 1.0ms | Allocations: 1190)
  Rendered shared/_navbar.html.erb (Duration: 0.1ms | Allocations: 43)
  Rendered layout layouts/application.html.erb (Duration: 1.9ms | Allocations: 2755)
Completed 422 Unprocessable Entity in 4ms (Views: 2.2ms | ActiveRecord: 0.1ms | Allocations: 3552)
  [1m[36mMicropost Count (0.2ms)[0m  [1m[34mSELECT COUNT(*) FROM "microposts"[0m
  [1m[36mTRANSACTION (0.0ms)[0m  [1m[31mrollback transaction[0m
  [1m[36mTRANSACTION (0.1ms)[0m  [1m[36mbegin transaction[0m
-----------------------------------------------
StaticPagesControllerTest: test_should_get_home
-----------------------------------------------
Started GET "/static_pages/home" for 127.0.0.1 at 2023-05-20 12:45:10 +0530
Processing by StaticPagesController#home as HTML
  Rendering layout layouts/application.html.erb
  Rendering static_pages/home.html.erb within layouts/application
  Rendered static_pages/home.html.erb within layouts/application (Duration: 0.5ms | Allocations: 108)
  Rendered shared/_navbar.html.erb (Duration: 0.3ms | Allocations: 71)
  Rendered layout layouts/application.html.erb (Duration: 1.6ms | Allocations: 1789)
Completed 200 OK in 7ms (Views: 5.2ms | ActiveRecord: 0.0ms | Allocations: 2453)
  [1m[36mTRANSACTION (0.0ms)[0m  [1m[31mrollback transaction[0m
  [1m[36mTRANSACTION (0.0ms)[0m  [1m[36mbegin transaction[0m
-----------------------------------------------
StaticPagesControllerTest: test_should_get_help
-----------------------------------------------
Started GET "/static_pages/help" for 127.0.0.1 at 2023-05-20 12:45:10 +0530
Processing by StaticPagesController#help as HTML
  Rendering layout layouts/application.html.erb
  Rendering static_pages/help.html.erb within layouts/application
  Rendered static_pages/help.html.erb within layouts/application (Duration: 11.8ms | Allocations: 108)
  Rendered shared/_navbar.html.erb (Duration: 0.1ms | Allocations: 48)
  Rendered layout layouts/application.html.erb (Duration: 12.8ms | Allocations: 1687)
Completed 200 OK in 14ms (Views: 13.0ms | ActiveRecord: 0.0ms | Allocations: 1983)
  [1m[36mTRANSACTION (0.0ms)[0m  [1m[31mrollback transaction[0m
  [1m[36mActiveRecord::InternalMetadata Pluck (0.4ms)[0m  [1m[34mSELECT "ar_internal_metadata"."value" FROM "ar_internal_metadata" WHERE "ar_internal_metadata"."key" = ? LIMIT ?[0m  [["key", "schema_sha1"], ["LIMIT", 1]]
  [1m[36mActiveRecord::SchemaMigration Pluck (0.0ms)[0m  [1m[34mSELECT "schema_migrations"."version" FROM "schema_migrations" ORDER BY "schema_migrations"."version" ASC[0m
  [1m[36mActiveRecord::InternalMetadata Pluck (0.3ms)[0m  [1m[34mSELECT "ar_internal_metadata"."value" FROM "ar_internal_metadata" WHERE "ar_internal_metadata"."key" = ? LIMIT ?[0m  [["key", "schema_sha1"], ["LIMIT", 1]]
  [1m[36mActiveRecord::SchemaMigration Pluck (0.1ms)[0m  [1m[34mSELECT "schema_migrations"."version" FROM "schema_migrations" ORDER BY "schema_migrations"."version" ASC[0m
  [1m[36mActiveRecord::InternalMetadata Pluck (0.1ms)[0m  [1m[34mSELECT "ar_internal_metadata"."value" FROM "ar_internal_metadata" WHERE "ar_internal_metadata"."key" = ? LIMIT ?[0m  [["key", "schema_sha1"], ["LIMIT", 1]]
  [1m[36mActiveRecord::SchemaMigration Pluck (0.0ms)[0m  [1m[34mSELECT "schema_migrations"."version" FROM "schema_migrations" ORDER BY "schema_migrations"."version" ASC[0m
  [1m[36mActiveRecord::InternalMetadata Pluck (0.1ms)[0m  [1m[34mSELECT "ar_internal_metadata"."value" FROM "ar_internal_metadata" WHERE "ar_internal_metadata"."key" = ? LIMIT ?[0m  [["key", "schema_sha1"], ["LIMIT", 1]]
  [1m[36mActiveRecord::SchemaMigration Pluck (0.1ms)[0m  [1m[34mSELECT "schema_migrations"."version" FROM "schema_migrations" ORDER BY "schema_migrations"."version" ASC[0m
  [1m[35m (0.0ms)[0m  [1m[35mPRAGMA foreign_keys[0m
  [1m[35m (0.0ms)[0m  [1m[35mPRAGMA defer_foreign_keys[0m
  [1m[35m (0.0ms)[0m  [1m[35mPRAGMA defer_foreign_keys = ON[0m
  [1m[35m (0.0ms)[0m  [1m[35mPRAGMA foreign_keys = OFF[0m
  [1m[36mTRANSACTION (0.0ms)[0m  [1m[36mbegin transaction[0m
  [1m[36mFixtures Load (2.1ms)[0m  [1m[31mDELETE FROM "microposts";
DELETE FROM "users";
INSERT INTO "microposts" ("id", "content", "user_id", "created_at", "updated_at") VALUES (980190962, 'MyText', 1, '2023-05-20 07:23:14.405386', '2023-05-20 07:23:14.405386');
INSERT INTO "microposts" ("id", "content", "user_id", "created_at", "updated_at") VALUES (298486374, 'MyText', 1, '2023-05-20 07:23:14.405386', '2023-05-20 07:23:14.405386');
INSERT INTO "users" ("id", "name", "email", "created_at", "updated_at") VALUES (980190962, 'MyString', 'MyString', '2023-05-20 07:23:14.406108', '2023-05-20 07:23:14.406108');
INSERT INTO "users" ("id", "name", "email", "created_at", "updated_at") VALUES (298486374, 'MyString', 'MyString', '2023-05-20 07:23:14.406108', '2023-05-20 07:23:14.406108')[0m
  [1m[36mTRANSACTION (7.0ms)[0m  [1m[36mcommit transaction[0m
  [1m[35m (0.1ms)[0m  [1m[35mPRAGMA defer_foreign_keys = 0[0m
  [1m[35m (0.0ms)[0m  [1m[35mPRAGMA foreign_keys = 1[0m
  [1m[35m (0.0ms)[0m  [1m[35mPRAGMA foreign_key_check[0m
  [1m[36mTRANSACTION (0.0ms)[0m  [1m[36mbegin transaction[0m
----------------------------------------
UsersControllerTest: test_should_get_new
----------------------------------------
  [1m[36mUser Load (0.1ms)[0m  [1m[34mSELECT "users".* FROM "users" WHERE "users"."id" = ? LIMIT ?[0m  [["id", 980190962], ["LIMIT", 1]]
Started GET "/users/new" for 127.0.0.1 at 2023-05-20 12:53:14 +0530
Processing by UsersController#new as HTML
  Rendering layout layouts/application.html.erb
  Rendering users/new.html.erb within layouts/application
  Rendered users/_form.html.erb (Duration: 7.2ms | Allocations: 2978)
  Rendered users/new.html.erb within layouts/application (Duration: 8.9ms | Allocations: 3532)
  Rendered shared/_navbar.html.erb (Duration: 0.5ms | Allocations: 246)
  Rendered layout layouts/application.html.erb (Duration: 73.0ms | Allocations: 39028)
Completed 200 OK in 87ms (Views: 77.6ms | ActiveRecord: 0.0ms | Allocations: 42581)
  [1m[36mTRANSACTION (0.0ms)[0m  [1m[31mrollback transaction[0m
  [1m[36mTRANSACTION (0.0ms)[0m  [1m[36mbegin transaction[0m
--------------------------------------------
UsersControllerTest: test_should_update_user
--------------------------------------------
  [1m[36mUser Load (0.1ms)[0m  [1m[34mSELECT "users".* FROM "users" WHERE "users"."id" = ? LIMIT ?[0m  [["id", 980190962], ["LIMIT", 1]]
Started PATCH "/users/980190962" for 127.0.0.1 at 2023-05-20 12:53:14 +0530
Processing by UsersController#update as HTML
  Parameters: {"user"=>{"email"=>"MyString", "name"=>"MyString"}, "id"=>"980190962"}
  [1m[36mUser Load (0.0ms)[0m  [1m[34mSELECT "users".* FROM "users" WHERE "users"."id" = ? LIMIT ?[0m  [["id", 980190962], ["LIMIT", 1]]
Redirected to http://www.example.com/users/980190962
Completed 302 Found in 3ms (ActiveRecord: 0.0ms | Allocations: 1485)
  [1m[36mTRANSACTION (0.0ms)[0m  [1m[31mrollback transaction[0m
  [1m[36mTRANSACTION (0.0ms)[0m  [1m[36mbegin transaction[0m
--------------------------------------------
UsersControllerTest: test_should_create_user
--------------------------------------------
  [1m[36mUser Load (0.0ms)[0m  [1m[34mSELECT "users".* FROM "users" WHERE "users"."id" = ? LIMIT ?[0m  [["id", 980190962], ["LIMIT", 1]]
  [1m[36mUser Count (0.0ms)[0m  [1m[34mSELECT COUNT(*) FROM "users"[0m
Started POST "/users" for 127.0.0.1 at 2023-05-20 12:53:14 +0530
Processing by UsersController#create as HTML
  Parameters: {"user"=>{"email"=>"MyString", "name"=>"MyString"}}
  [1m[36mTRANSACTION (0.0ms)[0m  [1m[35mSAVEPOINT active_record_1[0m
  [1m[36mUser Create (1.4ms)[0m  [1m[32mINSERT INTO "users" ("name", "email", "created_at", "updated_at") VALUES (?, ?, ?, ?)[0m  [["name", "MyString"], ["email", "MyString"], ["created_at", "2023-05-20 07:23:14.643684"], ["updated_at", "2023-05-20 07:23:14.643684"]]
  [1m[36mTRANSACTION (0.0ms)[0m  [1m[35mRELEASE SAVEPOINT active_record_1[0m
Redirected to http://www.example.com/users/980190963
Completed 302 Found in 3ms (ActiveRecord: 1.5ms | Allocations: 815)
  [1m[36mUser Count (0.0ms)[0m  [1m[34mSELECT COUNT(*) FROM "users"[0m
  [1m[36mUser Load (0.2ms)[0m  [1m[34mSELECT "users".* FROM "users" ORDER BY "users"."id" DESC LIMIT ?[0m  [["LIMIT", 1]]
  [1m[36mTRANSACTION (0.2ms)[0m  [1m[31mrollback transaction[0m
  [1m[36mTRANSACTION (0.0ms)[0m  [1m[36mbegin transaction[0m
------------------------------------------
UsersControllerTest: test_should_get_index
------------------------------------------
  [1m[36mUser Load (0.0ms)[0m  [1m[34mSELECT "users".* FROM "users" WHERE "users"."id" = ? LIMIT ?[0m  [["id", 980190962], ["LIMIT", 1]]
Started GET "/users" for 127.0.0.1 at 2023-05-20 12:53:14 +0530
Processing by UsersController#index as HTML
  Rendering layout layouts/application.html.erb
  Rendering users/index.html.erb within layouts/application
  [1m[36mUser Load (0.0ms)[0m  [1m[34mSELECT "users".* FROM "users"[0m
  [1m[36mMicropost Load (0.1ms)[0m  [1m[34mSELECT "microposts".* FROM "microposts" WHERE "microposts"."user_id" = ?[0m  [["user_id", 298486374]]
  Rendered users/_user.html.erb (Duration: 3.7ms | Allocations: 1186)
  [1m[36mMicropost Load (0.2ms)[0m  [1m[34mSELECT "microposts".* FROM "microposts" WHERE "microposts"."user_id" = ?[0m  [["user_id", 980190962]]
  Rendered users/_user.html.erb (Duration: 1.0ms | Allocations: 200)
  Rendered users/index.html.erb within layouts/application (Duration: 10.9ms | Allocations: 3326)
  Rendered shared/_navbar.html.erb (Duration: 0.0ms | Allocations: 43)
  Rendered layout layouts/application.html.erb (Duration: 12.2ms | Allocations: 4899)
Completed 200 OK in 13ms (Views: 12.1ms | ActiveRecord: 0.3ms | Allocations: 5238)
  [1m[36mTRANSACTION (0.1ms)[0m  [1m[31mrollback transaction[0m
  [1m[36mTRANSACTION (0.0ms)[0m  [1m[36mbegin transaction[0m
---------------------------------------------
UsersControllerTest: test_should_destroy_user
---------------------------------------------
  [1m[36mUser Load (0.1ms)[0m  [1m[34mSELECT "users".* FROM "users" WHERE "users"."id" = ? LIMIT ?[0m  [["id", 980190962], ["LIMIT", 1]]
  [1m[36mUser Count (0.1ms)[0m  [1m[34mSELECT COUNT(*) FROM "users"[0m
Started DELETE "/users/980190962" for 127.0.0.1 at 2023-05-20 12:53:14 +0530
Processing by UsersController#destroy as HTML
  Parameters: {"id"=>"980190962"}
  [1m[36mUser Load (0.0ms)[0m  [1m[34mSELECT "users".* FROM "users" WHERE "users"."id" = ? LIMIT ?[0m  [["id", 980190962], ["LIMIT", 1]]
  [1m[36mTRANSACTION (0.0ms)[0m  [1m[35mSAVEPOINT active_record_1[0m
  [1m[36mUser Destroy (1.9ms)[0m  [1m[31mDELETE FROM "users" WHERE "users"."id" = ?[0m  [["id", 980190962]]
  [1m[36mTRANSACTION (0.0ms)[0m  [1m[35mRELEASE SAVEPOINT active_record_1[0m
Redirected to http://www.example.com/users
Completed 302 Found in 4ms (ActiveRecord: 2.0ms | Allocations: 634)
  [1m[36mUser Count (0.0ms)[0m  [1m[34mSELECT COUNT(*) FROM "users"[0m
  [1m[36mTRANSACTION (0.2ms)[0m  [1m[31mrollback transaction[0m
  [1m[36mTRANSACTION (0.0ms)[0m  [1m[36mbegin transaction[0m
------------------------------------------
UsersControllerTest: test_should_show_user
------------------------------------------
  [1m[36mUser Load (0.1ms)[0m  [1m[34mSELECT "users".* FROM "users" WHERE "users"."id" = ? LIMIT ?[0m  [["id", 980190962], ["LIMIT", 1]]
Started GET "/users/980190962" for 127.0.0.1 at 2023-05-20 12:53:14 +0530
Processing by UsersController#show as HTML
  Parameters: {"id"=>"980190962"}
  [1m[36mUser Load (0.0ms)[0m  [1m[34mSELECT "users".* FROM "users" WHERE "users"."id" = ? LIMIT ?[0m  [["id", 980190962], ["LIMIT", 1]]
  Rendering layout layouts/application.html.erb
  Rendering users/show.html.erb within layouts/application
  [1m[36mMicropost Load (0.0ms)[0m  [1m[34mSELECT "microposts".* FROM "microposts" WHERE "microposts"."user_id" = ?[0m  [["user_id", 980190962]]
  Rendered users/_user.html.erb (Duration: 0.3ms | Allocations: 200)
  Rendered users/show.html.erb within layouts/application (Duration: 1.2ms | Allocations: 765)
  Rendered shared/_navbar.html.erb (Duration: 0.0ms | Allocations: 43)
  Rendered layout layouts/application.html.erb (Duration: 1.8ms | Allocations: 2330)
Completed 200 OK in 3ms (Views: 2.0ms | ActiveRecord: 0.0ms | Allocations: 2760)
  [1m[36mTRANSACTION (0.0ms)[0m  [1m[31mrollback transaction[0m
  [1m[36mTRANSACTION (0.0ms)[0m  [1m[36mbegin transaction[0m
-----------------------------------------
UsersControllerTest: test_should_get_edit
-----------------------------------------
  [1m[36mUser Load (0.0ms)[0m  [1m[34mSELECT "users".* FROM "users" WHERE "users"."id" = ? LIMIT ?[0m  [["id", 980190962], ["LIMIT", 1]]
Started GET "/users/980190962/edit" for 127.0.0.1 at 2023-05-20 12:53:14 +0530
Processing by UsersController#edit as HTML
  Parameters: {"id"=>"980190962"}
  [1m[36mUser Load (0.0ms)[0m  [1m[34mSELECT "users".* FROM "users" WHERE "users"."id" = ? LIMIT ?[0m  [["id", 980190962], ["LIMIT", 1]]
  Rendering layout layouts/application.html.erb
  Rendering users/edit.html.erb within layouts/application
  Rendered users/_form.html.erb (Duration: 1.6ms | Allocations: 832)
  Rendered users/edit.html.erb within layouts/application (Duration: 3.6ms | Allocations: 1107)
  Rendered shared/_navbar.html.erb (Duration: 0.1ms | Allocations: 43)
  Rendered layout layouts/application.html.erb (Duration: 8.5ms | Allocations: 2672)
Completed 200 OK in 10ms (Views: 8.7ms | ActiveRecord: 0.0ms | Allocations: 3076)
  [1m[36mTRANSACTION (0.0ms)[0m  [1m[31mrollback transaction[0m
  [1m[36mTRANSACTION (0.0ms)[0m  [1m[36mbegin transaction[0m
---------------------------------------------
MicropostsControllerTest: test_should_get_new
---------------------------------------------
  [1m[36mMicropost Load (0.1ms)[0m  [1m[34mSELECT "microposts".* FROM "microposts" WHERE "microposts"."id" = ? LIMIT ?[0m  [["id", 980190962], ["LIMIT", 1]]
Started GET "/microposts/new" for 127.0.0.1 at 2023-05-20 12:53:14 +0530
Processing by MicropostsController#new as HTML
  Rendering layout layouts/application.html.erb
  Rendering microposts/new.html.erb within layouts/application
  Rendered microposts/_form.html.erb (Duration: 4.1ms | Allocations: 1489)
  Rendered microposts/new.html.erb within layouts/application (Duration: 5.3ms | Allocations: 1779)
  Rendered shared/_navbar.html.erb (Duration: 0.1ms | Allocations: 47)
  Rendered layout layouts/application.html.erb (Duration: 6.5ms | Allocations: 3441)
Completed 200 OK in 31ms (Views: 28.5ms | ActiveRecord: 0.0ms | Allocations: 4141)
  [1m[36mTRANSACTION (0.0ms)[0m  [1m[31mrollback transaction[0m
  [1m[36mTRANSACTION (0.0ms)[0m  [1m[36mbegin transaction[0m
------------------------------------------------------
MicropostsControllerTest: test_should_update_micropost
------------------------------------------------------
  [1m[36mMicropost Load (0.1ms)[0m  [1m[34mSELECT "microposts".* FROM "microposts" WHERE "microposts"."id" = ? LIMIT ?[0m  [["id", 980190962], ["LIMIT", 1]]
Started PATCH "/microposts/980190962" for 127.0.0.1 at 2023-05-20 12:53:14 +0530
Processing by MicropostsController#update as HTML
  Parameters: {"micropost"=>{"content"=>"MyText", "user_id"=>"1"}, "id"=>"980190962"}
  [1m[36mMicropost Load (0.0ms)[0m  [1m[34mSELECT "microposts".* FROM "microposts" WHERE "microposts"."id" = ? LIMIT ?[0m  [["id", 980190962], ["LIMIT", 1]]
  [1m[36mTRANSACTION (0.0ms)[0m  [1m[35mSAVEPOINT active_record_1[0m
  [1m[36mUser Load (0.0ms)[0m  [1m[34mSELECT "users".* FROM "users" WHERE "users"."id" = ? LIMIT ?[0m  [["id", 1], ["LIMIT", 1]]
  [1m[36mTRANSACTION (0.0ms)[0m  [1m[31mROLLBACK TO SAVEPOINT active_record_1[0m
  Rendering layout layouts/application.html.erb
  Rendering microposts/edit.html.erb within layouts/application
  Rendered microposts/_form.html.erb (Duration: 1.1ms | Allocations: 1309)
  Rendered microposts/edit.html.erb within layouts/application (Duration: 1.7ms | Allocations: 1580)
  Rendered shared/_navbar.html.erb (Duration: 0.0ms | Allocations: 43)
  Rendered layout layouts/application.html.erb (Duration: 2.3ms | Allocations: 3157)
Completed 422 Unprocessable Entity in 9ms (Views: 2.9ms | ActiveRecord: 0.1ms | Allocations: 5013)
  [1m[36mTRANSACTION (0.0ms)[0m  [1m[31mrollback transaction[0m
  [1m[36mTRANSACTION (0.0ms)[0m  [1m[36mbegin transaction[0m
------------------------------------------------------
MicropostsControllerTest: test_should_create_micropost
------------------------------------------------------
  [1m[36mMicropost Load (0.1ms)[0m  [1m[34mSELECT "microposts".* FROM "microposts" WHERE "microposts"."id" = ? LIMIT ?[0m  [["id", 980190962], ["LIMIT", 1]]
  [1m[36mMicropost Count (0.0ms)[0m  [1m[34mSELECT COUNT(*) FROM "microposts"[0m
Started POST "/microposts" for 127.0.0.1 at 2023-05-20 12:53:14 +0530
Processing by MicropostsController#create as HTML
  Parameters: {"micropost"=>{"content"=>"MyText", "user_id"=>"1"}}
  [1m[36mTRANSACTION (0.0ms)[0m  [1m[35mSAVEPOINT active_record_1[0m
  [1m[36mUser Load (0.0ms)[0m  [1m[34mSELECT "users".* FROM "users" WHERE "users"."id" = ? LIMIT ?[0m  [["id", 1], ["LIMIT", 1]]
  [1m[36mTRANSACTION (0.0ms)[0m  [1m[31mROLLBACK TO SAVEPOINT active_record_1[0m
  Rendering layout layouts/application.html.erb
  Rendering microposts/new.html.erb within layouts/application
  Rendered microposts/_form.html.erb (Duration: 0.9ms | Allocations: 1124)
  Rendered microposts/new.html.erb within layouts/application (Duration: 1.0ms | Allocations: 1190)
  Rendered shared/_navbar.html.erb (Duration: 0.0ms | Allocations: 43)
  Rendered layout layouts/application.html.erb (Duration: 1.7ms | Allocations: 2755)
Completed 422 Unprocessable Entity in 3ms (Views: 1.8ms | ActiveRecord: 0.1ms | Allocations: 3553)
  [1m[36mMicropost Count (0.1ms)[0m  [1m[34mSELECT COUNT(*) FROM "microposts"[0m
  [1m[36mTRANSACTION (0.0ms)[0m  [1m[31mrollback transaction[0m
  [1m[36mTRANSACTION (0.1ms)[0m  [1m[36mbegin transaction[0m
-----------------------------------------------
MicropostsControllerTest: test_should_get_index
-----------------------------------------------
  [1m[36mMicropost Load (0.1ms)[0m  [1m[34mSELECT "microposts".* FROM "microposts" WHERE "microposts"."id" = ? LIMIT ?[0m  [["id", 980190962], ["LIMIT", 1]]
Started GET "/microposts" for 127.0.0.1 at 2023-05-20 12:53:14 +0530
Processing by MicropostsController#index as HTML
  Rendering layout layouts/application.html.erb
  Rendering microposts/index.html.erb within layouts/application
  [1m[36mMicropost Load (0.1ms)[0m  [1m[34mSELECT "microposts".* FROM "microposts"[0m
  Rendered microposts/_micropost.html.erb (Duration: 0.4ms | Allocations: 180)
  Rendered microposts/_micropost.html.erb (Duration: 0.0ms | Allocations: 15)
  Rendered microposts/index.html.erb within layouts/application (Duration: 2.9ms | Allocations: 1127)
  Rendered shared/_navbar.html.erb (Duration: 0.0ms | Allocations: 43)
  Rendered layout layouts/application.html.erb (Duration: 3.8ms | Allocations: 2700)
Completed 200 OK in 7ms (Views: 4.0ms | ActiveRecord: 0.1ms | Allocations: 3036)
  [1m[36mTRANSACTION (0.0ms)[0m  [1m[31mrollback transaction[0m
  [1m[36mTRANSACTION (0.0ms)[0m  [1m[36mbegin transaction[0m
-------------------------------------------------------
MicropostsControllerTest: test_should_destroy_micropost
-------------------------------------------------------
  [1m[36mMicropost Load (0.1ms)[0m  [1m[34mSELECT "microposts".* FROM "microposts" WHERE "microposts"."id" = ? LIMIT ?[0m  [["id", 980190962], ["LIMIT", 1]]
  [1m[36mMicropost Count (0.1ms)[0m  [1m[34mSELECT COUNT(*) FROM "microposts"[0m
Started DELETE "/microposts/980190962" for 127.0.0.1 at 2023-05-20 12:53:14 +0530
Processing by MicropostsController#destroy as HTML
  Parameters: {"id"=>"980190962"}
  [1m[36mMicropost Load (0.0ms)[0m  [1m[34mSELECT "microposts".* FROM "microposts" WHERE "microposts"."id" = ? LIMIT ?[0m  [["id", 980190962], ["LIMIT", 1]]
  [1m[36mTRANSACTION (0.0ms)[0m  [1m[35mSAVEPOINT active_record_1[0m
  [1m[36mMicropost Destroy (1.8ms)[0m  [1m[31mDELETE FROM "microposts" WHERE "microposts"."id" = ?[0m  [["id", 980190962]]
  [1m[36mTRANSACTION (0.0ms)[0m  [1m[35mRELEASE SAVEPOINT active_record_1[0m
Redirected to http://www.example.com/microposts
Completed 302 Found in 4ms (ActiveRecord: 1.9ms | Allocations: 596)
  [1m[36mMicropost Count (0.1ms)[0m  [1m[34mSELECT COUNT(*) FROM "microposts"[0m
  [1m[36mTRANSACTION (1.0ms)[0m  [1m[31mrollback transaction[0m
  [1m[36mTRANSACTION (0.1ms)[0m  [1m[36mbegin transaction[0m
----------------------------------------------------
MicropostsControllerTest: test_should_show_micropost
----------------------------------------------------
  [1m[36mMicropost Load (0.1ms)[0m  [1m[34mSELECT "microposts".* FROM "microposts" WHERE "microposts"."id" = ? LIMIT ?[0m  [["id", 980190962], ["LIMIT", 1]]
Started GET "/microposts/980190962" for 127.0.0.1 at 2023-05-20 12:53:14 +0530
Processing by MicropostsController#show as HTML
  Parameters: {"id"=>"980190962"}
  [1m[36mMicropost Load (0.0ms)[0m  [1m[34mSELECT "microposts".* FROM "microposts" WHERE "microposts"."id" = ? LIMIT ?[0m  [["id", 980190962], ["LIMIT", 1]]
  Rendering layout layouts/application.html.erb
  Rendering microposts/show.html.erb within layouts/application
  Rendered microposts/_micropost.html.erb (Duration: 0.1ms | Allocations: 16)
  Rendered microposts/show.html.erb within layouts/application (Duration: 1.4ms | Allocations: 538)
  Rendered shared/_navbar.html.erb (Duration: 0.1ms | Allocations: 43)
  Rendered layout layouts/application.html.erb (Duration: 2.1ms | Allocations: 2103)
Completed 200 OK in 4ms (Views: 2.3ms | ActiveRecord: 0.0ms | Allocations: 2532)
  [1m[36mTRANSACTION (0.0ms)[0m  [1m[31mrollback transaction[0m
  [1m[36mTRANSACTION (0.1ms)[0m  [1m[36mbegin transaction[0m
----------------------------------------------
MicropostsControllerTest: test_should_get_edit
----------------------------------------------
  [1m[36mMicropost Load (0.1ms)[0m  [1m[34mSELECT "microposts".* FROM "microposts" WHERE "microposts"."id" = ? LIMIT ?[0m  [["id", 980190962], ["LIMIT", 1]]
Started GET "/microposts/980190962/edit" for 127.0.0.1 at 2023-05-20 12:53:14 +0530
Processing by MicropostsController#edit as HTML
  Parameters: {"id"=>"980190962"}
  [1m[36mMicropost Load (0.0ms)[0m  [1m[34mSELECT "microposts".* FROM "microposts" WHERE "microposts"."id" = ? LIMIT ?[0m  [["id", 980190962], ["LIMIT", 1]]
  Rendering layout layouts/application.html.erb
  Rendering microposts/edit.html.erb within layouts/application
  Rendered microposts/_form.html.erb (Duration: 0.9ms | Allocations: 797)
  Rendered microposts/edit.html.erb within layouts/application (Duration: 1.1ms | Allocations: 900)
  Rendered shared/_navbar.html.erb (Duration: 0.1ms | Allocations: 43)
  Rendered layout layouts/application.html.erb (Duration: 2.9ms | Allocations: 2465)
Completed 200 OK in 4ms (Views: 3.1ms | ActiveRecord: 0.0ms | Allocations: 2813)
  [1m[36mTRANSACTION (0.0ms)[0m  [1m[31mrollback transaction[0m
  [1m[36mTRANSACTION (0.0ms)[0m  [1m[36mbegin transaction[0m
-----------------------------------------------
StaticPagesControllerTest: test_should_get_home
-----------------------------------------------
Started GET "/static_pages/home" for 127.0.0.1 at 2023-05-20 12:53:14 +0530
Processing by StaticPagesController#home as HTML
  Rendering layout layouts/application.html.erb
  Rendering static_pages/home.html.erb within layouts/application
  Rendered static_pages/home.html.erb within layouts/application (Duration: 0.8ms | Allocations: 108)
  Rendered shared/_navbar.html.erb (Duration: 0.1ms | Allocations: 71)
  Rendered layout layouts/application.html.erb (Duration: 1.8ms | Allocations: 1789)
Completed 200 OK in 5ms (Views: 4.0ms | ActiveRecord: 0.0ms | Allocations: 2453)
  [1m[36mTRANSACTION (0.0ms)[0m  [1m[31mrollback transaction[0m
  [1m[36mTRANSACTION (0.0ms)[0m  [1m[36mbegin transaction[0m
-----------------------------------------------
StaticPagesControllerTest: test_should_get_help
-----------------------------------------------
Started GET "/static_pages/help" for 127.0.0.1 at 2023-05-20 12:53:14 +0530
Processing by StaticPagesController#help as HTML
  Rendering layout layouts/application.html.erb
  Rendering static_pages/help.html.erb within layouts/application
  Rendered static_pages/help.html.erb within layouts/application (Duration: 0.9ms | Allocations: 108)
  Rendered shared/_navbar.html.erb (Duration: 0.1ms | Allocations: 48)
  Rendered layout layouts/application.html.erb (Duration: 2.0ms | Allocations: 1687)
Completed 200 OK in 3ms (Views: 2.3ms | ActiveRecord: 0.0ms | Allocations: 1983)
  [1m[36mTRANSACTION (0.1ms)[0m  [1m[31mrollback transaction[0m
  [1m[36mActiveRecord::InternalMetadata Pluck (0.1ms)[0m  [1m[34mSELECT "ar_internal_metadata"."value" FROM "ar_internal_metadata" WHERE "ar_internal_metadata"."key" = ? LIMIT ?[0m  [["key", "schema_sha1"], ["LIMIT", 1]]
  [1m[36mActiveRecord::SchemaMigration Pluck (0.0ms)[0m  [1m[34mSELECT "schema_migrations"."version" FROM "schema_migrations" ORDER BY "schema_migrations"."version" ASC[0m
  [1m[36mActiveRecord::InternalMetadata Pluck (0.1ms)[0m  [1m[34mSELECT "ar_internal_metadata"."value" FROM "ar_internal_metadata" WHERE "ar_internal_metadata"."key" = ? LIMIT ?[0m  [["key", "schema_sha1"], ["LIMIT", 1]]
  [1m[36mActiveRecord::SchemaMigration Pluck (0.0ms)[0m  [1m[34mSELECT "schema_migrations"."version" FROM "schema_migrations" ORDER BY "schema_migrations"."version" ASC[0m
  [1m[35m (0.0ms)[0m  [1m[35mPRAGMA foreign_keys[0m
  [1m[35m (0.0ms)[0m  [1m[35mPRAGMA defer_foreign_keys[0m
  [1m[35m (0.0ms)[0m  [1m[35mPRAGMA defer_foreign_keys = ON[0m
  [1m[35m (0.0ms)[0m  [1m[35mPRAGMA foreign_keys = OFF[0m
  [1m[36mTRANSACTION (0.0ms)[0m  [1m[36mbegin transaction[0m
  [1m[36mFixtures Load (0.6ms)[0m  [1m[31mDELETE FROM "microposts";
DELETE FROM "users";
INSERT INTO "microposts" ("id", "content", "user_id", "created_at", "updated_at") VALUES (980190962, 'MyText', 1, '2023-05-20 07:24:16.066975', '2023-05-20 07:24:16.066975');
INSERT INTO "microposts" ("id", "content", "user_id", "created_at", "updated_at") VALUES (298486374, 'MyText', 1, '2023-05-20 07:24:16.066975', '2023-05-20 07:24:16.066975');
INSERT INTO "users" ("id", "name", "email", "created_at", "updated_at") VALUES (980190962, 'MyString', 'MyString', '2023-05-20 07:24:16.067911', '2023-05-20 07:24:16.067911');
INSERT INTO "users" ("id", "name", "email", "created_at", "updated_at") VALUES (298486374, 'MyString', 'MyString', '2023-05-20 07:24:16.067911', '2023-05-20 07:24:16.067911')[0m
  [1m[36mTRANSACTION (7.2ms)[0m  [1m[36mcommit transaction[0m
  [1m[35m (0.1ms)[0m  [1m[35mPRAGMA defer_foreign_keys = 0[0m
  [1m[35m (0.0ms)[0m  [1m[35mPRAGMA foreign_keys = 1[0m
  [1m[35m (0.0ms)[0m  [1m[35mPRAGMA foreign_key_check[0m
  [1m[36mTRANSACTION (0.0ms)[0m  [1m[36mbegin transaction[0m
-----------------------------------------------
StaticPagesControllerTest: test_should_get_home
-----------------------------------------------
Started GET "/static_pages/home" for 127.0.0.1 at 2023-05-20 12:54:16 +0530
Processing by StaticPagesController#home as HTML
  Rendering layout layouts/application.html.erb
  Rendering static_pages/home.html.erb within layouts/application
  Rendered static_pages/home.html.erb within layouts/application (Duration: 0.9ms | Allocations: 327)
  Rendered shared/_navbar.html.erb (Duration: 0.5ms | Allocations: 326)
  Rendered layout layouts/application.html.erb (Duration: 54.2ms | Allocations: 36060)
Completed 200 OK in 67ms (Views: 58.4ms | ActiveRecord: 0.0ms | Allocations: 39553)
  [1m[36mTRANSACTION (0.0ms)[0m  [1m[31mrollback transaction[0m
  [1m[36mTRANSACTION (0.0ms)[0m  [1m[36mbegin transaction[0m
------------------------------------------------
StaticPagesControllerTest: test_should_get_about
------------------------------------------------
  [1m[36mTRANSACTION (0.0ms)[0m  [1m[31mrollback transaction[0m
  [1m[36mTRANSACTION (0.0ms)[0m  [1m[36mbegin transaction[0m
-----------------------------------------------
StaticPagesControllerTest: test_should_get_help
-----------------------------------------------
Started GET "/static_pages/help" for 127.0.0.1 at 2023-05-20 12:54:16 +0530
Processing by StaticPagesController#help as HTML
  Rendering layout layouts/application.html.erb
  Rendering static_pages/help.html.erb within layouts/application
  Rendered static_pages/help.html.erb within layouts/application (Duration: 0.5ms | Allocations: 108)
  Rendered shared/_navbar.html.erb (Duration: 0.1ms | Allocations: 48)
  Rendered layout layouts/application.html.erb (Duration: 1.3ms | Allocations: 1687)
Completed 200 OK in 3ms (Views: 1.6ms | ActiveRecord: 0.0ms | Allocations: 1985)
  [1m[36mTRANSACTION (0.0ms)[0m  [1m[31mrollback transaction[0m
  [1m[36mTRANSACTION (0.1ms)[0m  [1m[36mbegin transaction[0m
-----------------------------------------
UsersControllerTest: test_should_get_edit
-----------------------------------------
  [1m[36mUser Load (0.2ms)[0m  [1m[34mSELECT "users".* FROM "users" WHERE "users"."id" = ? LIMIT ?[0m  [["id", 980190962], ["LIMIT", 1]]
Started GET "/users/980190962/edit" for 127.0.0.1 at 2023-05-20 12:54:16 +0530
Processing by UsersController#edit as HTML
  Parameters: {"id"=>"980190962"}
  [1m[36mUser Load (0.1ms)[0m  [1m[34mSELECT "users".* FROM "users" WHERE "users"."id" = ? LIMIT ?[0m  [["id", 980190962], ["LIMIT", 1]]
  Rendering layout layouts/application.html.erb
  Rendering users/edit.html.erb within layouts/application
  Rendered users/_form.html.erb (Duration: 6.5ms | Allocations: 2951)
  Rendered users/edit.html.erb within layouts/application (Duration: 7.6ms | Allocations: 3322)
  Rendered shared/_navbar.html.erb (Duration: 0.1ms | Allocations: 47)
  Rendered layout layouts/application.html.erb (Duration: 8.6ms | Allocations: 4963)
Completed 200 OK in 14ms (Views: 11.3ms | ActiveRecord: 0.1ms | Allocations: 5939)
  [1m[36mTRANSACTION (0.1ms)[0m  [1m[31mrollback transaction[0m
  [1m[36mTRANSACTION (0.1ms)[0m  [1m[36mbegin transaction[0m
--------------------------------------------
UsersControllerTest: test_should_update_user
--------------------------------------------
  [1m[36mUser Load (0.1ms)[0m  [1m[34mSELECT "users".* FROM "users" WHERE "users"."id" = ? LIMIT ?[0m  [["id", 980190962], ["LIMIT", 1]]
Started PATCH "/users/980190962" for 127.0.0.1 at 2023-05-20 12:54:16 +0530
Processing by UsersController#update as HTML
  Parameters: {"user"=>{"email"=>"MyString", "name"=>"MyString"}, "id"=>"980190962"}
  [1m[36mUser Load (0.0ms)[0m  [1m[34mSELECT "users".* FROM "users" WHERE "users"."id" = ? LIMIT ?[0m  [["id", 980190962], ["LIMIT", 1]]
Redirected to http://www.example.com/users/980190962
Completed 302 Found in 3ms (ActiveRecord: 0.0ms | Allocations: 1295)
  [1m[36mTRANSACTION (0.0ms)[0m  [1m[31mrollback transaction[0m
  [1m[36mTRANSACTION (0.0ms)[0m  [1m[36mbegin transaction[0m
------------------------------------------
UsersControllerTest: test_should_get_index
------------------------------------------
  [1m[36mUser Load (0.1ms)[0m  [1m[34mSELECT "users".* FROM "users" WHERE "users"."id" = ? LIMIT ?[0m  [["id", 980190962], ["LIMIT", 1]]
Started GET "/users" for 127.0.0.1 at 2023-05-20 12:54:16 +0530
Processing by UsersController#index as HTML
  Rendering layout layouts/application.html.erb
  Rendering users/index.html.erb within layouts/application
  [1m[36mUser Load (0.0ms)[0m  [1m[34mSELECT "users".* FROM "users"[0m
  [1m[36mMicropost Load (0.1ms)[0m  [1m[34mSELECT "microposts".* FROM "microposts" WHERE "microposts"."user_id" = ?[0m  [["user_id", 298486374]]
  Rendered users/_user.html.erb (Duration: 3.0ms | Allocations: 1188)
  [1m[36mMicropost Load (0.0ms)[0m  [1m[34mSELECT "microposts".* FROM "microposts" WHERE "microposts"."user_id" = ?[0m  [["user_id", 980190962]]
  Rendered users/_user.html.erb (Duration: 0.3ms | Allocations: 200)
  Rendered users/index.html.erb within layouts/application (Duration: 10.2ms | Allocations: 3309)
  Rendered shared/_navbar.html.erb (Duration: 0.0ms | Allocations: 43)
  Rendered layout layouts/application.html.erb (Duration: 11.0ms | Allocations: 4882)
Completed 200 OK in 12ms (Views: 11.0ms | ActiveRecord: 0.2ms | Allocations: 5220)
  [1m[36mTRANSACTION (0.0ms)[0m  [1m[31mrollback transaction[0m
  [1m[36mTRANSACTION (0.0ms)[0m  [1m[36mbegin transaction[0m
------------------------------------------
UsersControllerTest: test_should_show_user
------------------------------------------
  [1m[36mUser Load (0.1ms)[0m  [1m[34mSELECT "users".* FROM "users" WHERE "users"."id" = ? LIMIT ?[0m  [["id", 980190962], ["LIMIT", 1]]
Started GET "/users/980190962" for 127.0.0.1 at 2023-05-20 12:54:16 +0530
Processing by UsersController#show as HTML
  Parameters: {"id"=>"980190962"}
  [1m[36mUser Load (0.0ms)[0m  [1m[34mSELECT "users".* FROM "users" WHERE "users"."id" = ? LIMIT ?[0m  [["id", 980190962], ["LIMIT", 1]]
  Rendering layout layouts/application.html.erb
  Rendering users/show.html.erb within layouts/application
  [1m[36mMicropost Load (0.0ms)[0m  [1m[34mSELECT "microposts".* FROM "microposts" WHERE "microposts"."user_id" = ?[0m  [["user_id", 980190962]]
  Rendered users/_user.html.erb (Duration: 0.3ms | Allocations: 200)
  Rendered users/show.html.erb within layouts/application (Duration: 1.0ms | Allocations: 762)
  Rendered shared/_navbar.html.erb (Duration: 0.0ms | Allocations: 43)
  Rendered layout layouts/application.html.erb (Duration: 1.7ms | Allocations: 2327)
Completed 200 OK in 3ms (Views: 1.8ms | ActiveRecord: 0.0ms | Allocations: 2756)
  [1m[36mTRANSACTION (0.0ms)[0m  [1m[31mrollback transaction[0m
  [1m[36mTRANSACTION (0.0ms)[0m  [1m[36mbegin transaction[0m
--------------------------------------------
UsersControllerTest: test_should_create_user
--------------------------------------------
  [1m[36mUser Load (0.1ms)[0m  [1m[34mSELECT "users".* FROM "users" WHERE "users"."id" = ? LIMIT ?[0m  [["id", 980190962], ["LIMIT", 1]]
  [1m[36mUser Count (0.0ms)[0m  [1m[34mSELECT COUNT(*) FROM "users"[0m
Started POST "/users" for 127.0.0.1 at 2023-05-20 12:54:16 +0530
Processing by UsersController#create as HTML
  Parameters: {"user"=>{"email"=>"MyString", "name"=>"MyString"}}
  [1m[36mTRANSACTION (0.1ms)[0m  [1m[35mSAVEPOINT active_record_1[0m
  [1m[36mUser Create (2.1ms)[0m  [1m[32mINSERT INTO "users" ("name", "email", "created_at", "updated_at") VALUES (?, ?, ?, ?)[0m  [["name", "MyString"], ["email", "MyString"], ["created_at", "2023-05-20 07:24:16.339780"], ["updated_at", "2023-05-20 07:24:16.339780"]]
  [1m[36mTRANSACTION (0.0ms)[0m  [1m[35mRELEASE SAVEPOINT active_record_1[0m
Redirected to http://www.example.com/users/980190963
Completed 302 Found in 6ms (ActiveRecord: 2.2ms | Allocations: 911)
  [1m[36mUser Count (0.0ms)[0m  [1m[34mSELECT COUNT(*) FROM "users"[0m
  [1m[36mUser Load (0.0ms)[0m  [1m[34mSELECT "users".* FROM "users" ORDER BY "users"."id" DESC LIMIT ?[0m  [["LIMIT", 1]]
  [1m[36mTRANSACTION (0.2ms)[0m  [1m[31mrollback transaction[0m
  [1m[36mTRANSACTION (0.0ms)[0m  [1m[36mbegin transaction[0m
----------------------------------------
UsersControllerTest: test_should_get_new
----------------------------------------
  [1m[36mUser Load (0.1ms)[0m  [1m[34mSELECT "users".* FROM "users" WHERE "users"."id" = ? LIMIT ?[0m  [["id", 980190962], ["LIMIT", 1]]
Started GET "/users/new" for 127.0.0.1 at 2023-05-20 12:54:16 +0530
Processing by UsersController#new as HTML
  Rendering layout layouts/application.html.erb
  Rendering users/new.html.erb within layouts/application
  Rendered users/_form.html.erb (Duration: 0.6ms | Allocations: 757)
  Rendered users/new.html.erb within layouts/application (Duration: 1.1ms | Allocations: 979)
  Rendered shared/_navbar.html.erb (Duration: 0.0ms | Allocations: 43)
  Rendered layout layouts/application.html.erb (Duration: 1.7ms | Allocations: 2552)
Completed 200 OK in 3ms (Views: 1.9ms | ActiveRecord: 0.0ms | Allocations: 2864)
  [1m[36mTRANSACTION (0.0ms)[0m  [1m[31mrollback transaction[0m
  [1m[36mTRANSACTION (0.0ms)[0m  [1m[36mbegin transaction[0m
---------------------------------------------
UsersControllerTest: test_should_destroy_user
---------------------------------------------
  [1m[36mUser Load (0.0ms)[0m  [1m[34mSELECT "users".* FROM "users" WHERE "users"."id" = ? LIMIT ?[0m  [["id", 980190962], ["LIMIT", 1]]
  [1m[36mUser Count (0.0ms)[0m  [1m[34mSELECT COUNT(*) FROM "users"[0m
Started DELETE "/users/980190962" for 127.0.0.1 at 2023-05-20 12:54:16 +0530
Processing by UsersController#destroy as HTML
  Parameters: {"id"=>"980190962"}
  [1m[36mUser Load (0.0ms)[0m  [1m[34mSELECT "users".* FROM "users" WHERE "users"."id" = ? LIMIT ?[0m  [["id", 980190962], ["LIMIT", 1]]
  [1m[36mTRANSACTION (0.0ms)[0m  [1m[35mSAVEPOINT active_record_1[0m
  [1m[36mUser Destroy (1.7ms)[0m  [1m[31mDELETE FROM "users" WHERE "users"."id" = ?[0m  [["id", 980190962]]
  [1m[36mTRANSACTION (0.1ms)[0m  [1m[35mRELEASE SAVEPOINT active_record_1[0m
Redirected to http://www.example.com/users
Completed 302 Found in 4ms (ActiveRecord: 1.9ms | Allocations: 634)
  [1m[36mUser Count (0.1ms)[0m  [1m[34mSELECT COUNT(*) FROM "users"[0m
  [1m[36mTRANSACTION (0.4ms)[0m  [1m[31mrollback transaction[0m
  [1m[36mTRANSACTION (0.0ms)[0m  [1m[36mbegin transaction[0m
----------------------------------------------
MicropostsControllerTest: test_should_get_edit
----------------------------------------------
  [1m[36mMicropost Load (0.1ms)[0m  [1m[34mSELECT "microposts".* FROM "microposts" WHERE "microposts"."id" = ? LIMIT ?[0m  [["id", 980190962], ["LIMIT", 1]]
Started GET "/microposts/980190962/edit" for 127.0.0.1 at 2023-05-20 12:54:16 +0530
Processing by MicropostsController#edit as HTML
  Parameters: {"id"=>"980190962"}
  [1m[36mMicropost Load (0.0ms)[0m  [1m[34mSELECT "microposts".* FROM "microposts" WHERE "microposts"."id" = ? LIMIT ?[0m  [["id", 980190962], ["LIMIT", 1]]
  Rendering layout layouts/application.html.erb
  Rendering microposts/edit.html.erb within layouts/application
  Rendered microposts/_form.html.erb (Duration: 3.5ms | Allocations: 1561)
  Rendered microposts/edit.html.erb within layouts/application (Duration: 5.8ms | Allocations: 1907)
  Rendered shared/_navbar.html.erb (Duration: 0.1ms | Allocations: 47)
  Rendered layout layouts/application.html.erb (Duration: 6.6ms | Allocations: 3548)
Completed 200 OK in 12ms (Views: 10.0ms | ActiveRecord: 0.0ms | Allocations: 4432)
  [1m[36mTRANSACTION (0.0ms)[0m  [1m[31mrollback transaction[0m
  [1m[36mTRANSACTION (0.0ms)[0m  [1m[36mbegin transaction[0m
------------------------------------------------------
MicropostsControllerTest: test_should_update_micropost
------------------------------------------------------
  [1m[36mMicropost Load (0.1ms)[0m  [1m[34mSELECT "microposts".* FROM "microposts" WHERE "microposts"."id" = ? LIMIT ?[0m  [["id", 980190962], ["LIMIT", 1]]
Started PATCH "/microposts/980190962" for 127.0.0.1 at 2023-05-20 12:54:16 +0530
Processing by MicropostsController#update as HTML
  Parameters: {"micropost"=>{"content"=>"MyText", "user_id"=>"1"}, "id"=>"980190962"}
  [1m[36mMicropost Load (0.0ms)[0m  [1m[34mSELECT "microposts".* FROM "microposts" WHERE "microposts"."id" = ? LIMIT ?[0m  [["id", 980190962], ["LIMIT", 1]]
  [1m[36mTRANSACTION (0.0ms)[0m  [1m[35mSAVEPOINT active_record_1[0m
  [1m[36mUser Load (0.0ms)[0m  [1m[34mSELECT "users".* FROM "users" WHERE "users"."id" = ? LIMIT ?[0m  [["id", 1], ["LIMIT", 1]]
  [1m[36mTRANSACTION (0.0ms)[0m  [1m[31mROLLBACK TO SAVEPOINT active_record_1[0m
  Rendering layout layouts/application.html.erb
  Rendering microposts/edit.html.erb within layouts/application
  Rendered microposts/_form.html.erb (Duration: 0.9ms | Allocations: 1293)
  Rendered microposts/edit.html.erb within layouts/application (Duration: 1.0ms | Allocations: 1396)
  Rendered shared/_navbar.html.erb (Duration: 0.0ms | Allocations: 43)
  Rendered layout layouts/application.html.erb (Duration: 1.6ms | Allocations: 2961)
Completed 422 Unprocessable Entity in 5ms (Views: 1.8ms | ActiveRecord: 0.1ms | Allocations: 4656)
  [1m[36mTRANSACTION (0.0ms)[0m  [1m[31mrollback transaction[0m
  [1m[36mTRANSACTION (0.1ms)[0m  [1m[36mbegin transaction[0m
-----------------------------------------------
MicropostsControllerTest: test_should_get_index
-----------------------------------------------
  [1m[36mMicropost Load (0.1ms)[0m  [1m[34mSELECT "microposts".* FROM "microposts" WHERE "microposts"."id" = ? LIMIT ?[0m  [["id", 980190962], ["LIMIT", 1]]
Started GET "/microposts" for 127.0.0.1 at 2023-05-20 12:54:16 +0530
Processing by MicropostsController#index as HTML
  Rendering layout layouts/application.html.erb
  Rendering microposts/index.html.erb within layouts/application
  [1m[36mMicropost Load (0.1ms)[0m  [1m[34mSELECT "microposts".* FROM "microposts"[0m
  Rendered microposts/_micropost.html.erb (Duration: 0.3ms | Allocations: 180)
  Rendered microposts/_micropost.html.erb (Duration: 0.0ms | Allocations: 15)
  Rendered microposts/index.html.erb within layouts/application (Duration: 2.6ms | Allocations: 1127)
  Rendered shared/_navbar.html.erb (Duration: 0.0ms | Allocations: 43)
  Rendered layout layouts/application.html.erb (Duration: 3.3ms | Allocations: 2700)
Completed 200 OK in 5ms (Views: 3.5ms | ActiveRecord: 0.1ms | Allocations: 3036)
  [1m[36mTRANSACTION (0.0ms)[0m  [1m[31mrollback transaction[0m
  [1m[36mTRANSACTION (0.0ms)[0m  [1m[36mbegin transaction[0m
----------------------------------------------------
MicropostsControllerTest: test_should_show_micropost
----------------------------------------------------
  [1m[36mMicropost Load (0.1ms)[0m  [1m[34mSELECT "microposts".* FROM "microposts" WHERE "microposts"."id" = ? LIMIT ?[0m  [["id", 980190962], ["LIMIT", 1]]
Started GET "/microposts/980190962" for 127.0.0.1 at 2023-05-20 12:54:16 +0530
Processing by MicropostsController#show as HTML
  Parameters: {"id"=>"980190962"}
  [1m[36mMicropost Load (0.0ms)[0m  [1m[34mSELECT "microposts".* FROM "microposts" WHERE "microposts"."id" = ? LIMIT ?[0m  [["id", 980190962], ["LIMIT", 1]]
  Rendering layout layouts/application.html.erb
  Rendering microposts/show.html.erb within layouts/application
  Rendered microposts/_micropost.html.erb (Duration: 0.0ms | Allocations: 16)
  Rendered microposts/show.html.erb within layouts/application (Duration: 0.9ms | Allocations: 538)
  Rendered shared/_navbar.html.erb (Duration: 0.1ms | Allocations: 43)
  Rendered layout layouts/application.html.erb (Duration: 1.8ms | Allocations: 2103)
Completed 200 OK in 3ms (Views: 2.1ms | ActiveRecord: 0.0ms | Allocations: 2532)
  [1m[36mTRANSACTION (0.0ms)[0m  [1m[31mrollback transaction[0m
  [1m[36mTRANSACTION (0.0ms)[0m  [1m[36mbegin transaction[0m
------------------------------------------------------
MicropostsControllerTest: test_should_create_micropost
------------------------------------------------------
  [1m[36mMicropost Load (0.1ms)[0m  [1m[34mSELECT "microposts".* FROM "microposts" WHERE "microposts"."id" = ? LIMIT ?[0m  [["id", 980190962], ["LIMIT", 1]]
  [1m[36mMicropost Count (0.1ms)[0m  [1m[34mSELECT COUNT(*) FROM "microposts"[0m
Started POST "/microposts" for 127.0.0.1 at 2023-05-20 12:54:16 +0530
Processing by MicropostsController#create as HTML
  Parameters: {"micropost"=>{"content"=>"MyText", "user_id"=>"1"}}
  [1m[36mTRANSACTION (0.0ms)[0m  [1m[35mSAVEPOINT active_record_1[0m
  [1m[36mUser Load (0.0ms)[0m  [1m[34mSELECT "users".* FROM "users" WHERE "users"."id" = ? LIMIT ?[0m  [["id", 1], ["LIMIT", 1]]
  [1m[36mTRANSACTION (0.0ms)[0m  [1m[31mROLLBACK TO SAVEPOINT active_record_1[0m
  Rendering layout layouts/application.html.erb
  Rendering microposts/new.html.erb within layouts/application
  Rendered microposts/_form.html.erb (Duration: 0.8ms | Allocations: 1136)
  Rendered microposts/new.html.erb within layouts/application (Duration: 1.4ms | Allocations: 1348)
  Rendered shared/_navbar.html.erb (Duration: 0.1ms | Allocations: 43)
  Rendered layout layouts/application.html.erb (Duration: 7.3ms | Allocations: 2925)
Completed 422 Unprocessable Entity in 10ms (Views: 7.8ms | ActiveRecord: 0.1ms | Allocations: 3786)
  [1m[36mMicropost Count (0.1ms)[0m  [1m[34mSELECT COUNT(*) FROM "microposts"[0m
  [1m[36mTRANSACTION (0.0ms)[0m  [1m[31mrollback transaction[0m
  [1m[36mTRANSACTION (0.1ms)[0m  [1m[36mbegin transaction[0m
---------------------------------------------
MicropostsControllerTest: test_should_get_new
---------------------------------------------
  [1m[36mMicropost Load (0.1ms)[0m  [1m[34mSELECT "microposts".* FROM "microposts" WHERE "microposts"."id" = ? LIMIT ?[0m  [["id", 980190962], ["LIMIT", 1]]
Started GET "/microposts/new" for 127.0.0.1 at 2023-05-20 12:54:16 +0530
Processing by MicropostsController#new as HTML
  Rendering layout layouts/application.html.erb
  Rendering microposts/new.html.erb within layouts/application
  Rendered microposts/_form.html.erb (Duration: 0.7ms | Allocations: 727)
  Rendered microposts/new.html.erb within layouts/application (Duration: 0.9ms | Allocations: 793)
  Rendered shared/_navbar.html.erb (Duration: 0.0ms | Allocations: 43)
  Rendered layout layouts/application.html.erb (Duration: 1.8ms | Allocations: 2369)
Completed 200 OK in 3ms (Views: 2.1ms | ActiveRecord: 0.0ms | Allocations: 2626)
  [1m[36mTRANSACTION (0.0ms)[0m  [1m[31mrollback transaction[0m
  [1m[36mTRANSACTION (0.0ms)[0m  [1m[36mbegin transaction[0m
-------------------------------------------------------
MicropostsControllerTest: test_should_destroy_micropost
-------------------------------------------------------
  [1m[36mMicropost Load (0.1ms)[0m  [1m[34mSELECT "microposts".* FROM "microposts" WHERE "microposts"."id" = ? LIMIT ?[0m  [["id", 980190962], ["LIMIT", 1]]
  [1m[36mMicropost Count (0.0ms)[0m  [1m[34mSELECT COUNT(*) FROM "microposts"[0m
Started DELETE "/microposts/980190962" for 127.0.0.1 at 2023-05-20 12:54:16 +0530
Processing by MicropostsController#destroy as HTML
  Parameters: {"id"=>"980190962"}
  [1m[36mMicropost Load (0.0ms)[0m  [1m[34mSELECT "microposts".* FROM "microposts" WHERE "microposts"."id" = ? LIMIT ?[0m  [["id", 980190962], ["LIMIT", 1]]
  [1m[36mTRANSACTION (0.0ms)[0m  [1m[35mSAVEPOINT active_record_1[0m
  [1m[36mMicropost Destroy (2.7ms)[0m  [1m[31mDELETE FROM "microposts" WHERE "microposts"."id" = ?[0m  [["id", 980190962]]
  [1m[36mTRANSACTION (0.0ms)[0m  [1m[35mRELEASE SAVEPOINT active_record_1[0m
Redirected to http://www.example.com/microposts
Completed 302 Found in 5ms (ActiveRecord: 2.8ms | Allocations: 597)
  [1m[36mMicropost Count (0.1ms)[0m  [1m[34mSELECT COUNT(*) FROM "microposts"[0m
  [1m[36mTRANSACTION (0.2ms)[0m  [1m[31mrollback transaction[0m
  [1m[36mActiveRecord::InternalMetadata Pluck (0.1ms)[0m  [1m[34mSELECT "ar_internal_metadata"."value" FROM "ar_internal_metadata" WHERE "ar_internal_metadata"."key" = ? LIMIT ?[0m  [["key", "schema_sha1"], ["LIMIT", 1]]
  [1m[36mActiveRecord::SchemaMigration Pluck (0.1ms)[0m  [1m[34mSELECT "schema_migrations"."version" FROM "schema_migrations" ORDER BY "schema_migrations"."version" ASC[0m
  [1m[35m (0.1ms)[0m  [1m[35mPRAGMA foreign_keys[0m
  [1m[35m (0.0ms)[0m  [1m[35mPRAGMA defer_foreign_keys[0m
  [1m[35m (0.0ms)[0m  [1m[35mPRAGMA defer_foreign_keys = ON[0m
  [1m[35m (0.0ms)[0m  [1m[35mPRAGMA foreign_keys = OFF[0m
  [1m[36mTRANSACTION (0.0ms)[0m  [1m[36mbegin transaction[0m
  [1m[36mFixtures Load (2.0ms)[0m  [1m[31mDELETE FROM "microposts";
DELETE FROM "users";
INSERT INTO "microposts" ("id", "content", "user_id", "created_at", "updated_at") VALUES (980190962, 'MyText', 1, '2023-05-20 07:24:45.684509', '2023-05-20 07:24:45.684509');
INSERT INTO "microposts" ("id", "content", "user_id", "created_at", "updated_at") VALUES (298486374, 'MyText', 1, '2023-05-20 07:24:45.684509', '2023-05-20 07:24:45.684509');
INSERT INTO "users" ("id", "name", "email", "created_at", "updated_at") VALUES (980190962, 'MyString', 'MyString', '2023-05-20 07:24:45.685687', '2023-05-20 07:24:45.685687');
INSERT INTO "users" ("id", "name", "email", "created_at", "updated_at") VALUES (298486374, 'MyString', 'MyString', '2023-05-20 07:24:45.685687', '2023-05-20 07:24:45.685687')[0m
  [1m[36mTRANSACTION (7.5ms)[0m  [1m[36mcommit transaction[0m
  [1m[35m (0.1ms)[0m  [1m[35mPRAGMA defer_foreign_keys = 0[0m
  [1m[35m (0.0ms)[0m  [1m[35mPRAGMA foreign_keys = 1[0m
  [1m[35m (0.0ms)[0m  [1m[35mPRAGMA foreign_key_check[0m
  [1m[36mTRANSACTION (0.0ms)[0m  [1m[36mbegin transaction[0m
------------------------------------------------
StaticPagesControllerTest: test_should_get_about
------------------------------------------------
  [1m[36mTRANSACTION (0.0ms)[0m  [1m[31mrollback transaction[0m
  [1m[36mActiveRecord::InternalMetadata Pluck (0.3ms)[0m  [1m[34mSELECT "ar_internal_metadata"."value" FROM "ar_internal_metadata" WHERE "ar_internal_metadata"."key" = ? LIMIT ?[0m  [["key", "schema_sha1"], ["LIMIT", 1]]
  [1m[36mActiveRecord::SchemaMigration Pluck (0.0ms)[0m  [1m[34mSELECT "schema_migrations"."version" FROM "schema_migrations" ORDER BY "schema_migrations"."version" ASC[0m
  [1m[35m (0.0ms)[0m  [1m[35mPRAGMA foreign_keys[0m
  [1m[35m (0.0ms)[0m  [1m[35mPRAGMA defer_foreign_keys[0m
  [1m[35m (0.0ms)[0m  [1m[35mPRAGMA defer_foreign_keys = ON[0m
  [1m[35m (0.0ms)[0m  [1m[35mPRAGMA foreign_keys = OFF[0m
  [1m[36mTRANSACTION (0.0ms)[0m  [1m[36mbegin transaction[0m
  [1m[36mFixtures Load (1.9ms)[0m  [1m[31mDELETE FROM "microposts";
DELETE FROM "users";
INSERT INTO "microposts" ("id", "content", "user_id", "created_at", "updated_at") VALUES (980190962, 'MyText', 1, '2023-05-20 07:24:53.404598', '2023-05-20 07:24:53.404598');
INSERT INTO "microposts" ("id", "content", "user_id", "created_at", "updated_at") VALUES (298486374, 'MyText', 1, '2023-05-20 07:24:53.404598', '2023-05-20 07:24:53.404598');
INSERT INTO "users" ("id", "name", "email", "created_at", "updated_at") VALUES (980190962, 'MyString', 'MyString', '2023-05-20 07:24:53.405285', '2023-05-20 07:24:53.405285');
INSERT INTO "users" ("id", "name", "email", "created_at", "updated_at") VALUES (298486374, 'MyString', 'MyString', '2023-05-20 07:24:53.405285', '2023-05-20 07:24:53.405285')[0m
  [1m[36mTRANSACTION (7.5ms)[0m  [1m[36mcommit transaction[0m
  [1m[35m (0.1ms)[0m  [1m[35mPRAGMA defer_foreign_keys = 0[0m
  [1m[35m (0.0ms)[0m  [1m[35mPRAGMA foreign_keys = 1[0m
  [1m[35m (0.0ms)[0m  [1m[35mPRAGMA foreign_key_check[0m
  [1m[36mTRANSACTION (0.0ms)[0m  [1m[36mbegin transaction[0m
------------------------------------------------
StaticPagesControllerTest: test_should_get_about
------------------------------------------------
  [1m[36mTRANSACTION (0.0ms)[0m  [1m[31mrollback transaction[0m
  [1m[36mActiveRecord::InternalMetadata Pluck (0.1ms)[0m  [1m[34mSELECT "ar_internal_metadata"."value" FROM "ar_internal_metadata" WHERE "ar_internal_metadata"."key" = ? LIMIT ?[0m  [["key", "schema_sha1"], ["LIMIT", 1]]
  [1m[36mActiveRecord::SchemaMigration Pluck (0.0ms)[0m  [1m[34mSELECT "schema_migrations"."version" FROM "schema_migrations" ORDER BY "schema_migrations"."version" ASC[0m
  [1m[35m (0.0ms)[0m  [1m[35mPRAGMA foreign_keys[0m
  [1m[35m (0.0ms)[0m  [1m[35mPRAGMA defer_foreign_keys[0m
  [1m[35m (0.0ms)[0m  [1m[35mPRAGMA defer_foreign_keys = ON[0m
  [1m[35m (0.0ms)[0m  [1m[35mPRAGMA foreign_keys = OFF[0m
  [1m[36mTRANSACTION (0.2ms)[0m  [1m[36mbegin transaction[0m
  [1m[36mFixtures Load (1.8ms)[0m  [1m[31mDELETE FROM "microposts";
DELETE FROM "users";
INSERT INTO "microposts" ("id", "content", "user_id", "created_at", "updated_at") VALUES (980190962, 'MyText', 1, '2023-05-20 07:25:16.751230', '2023-05-20 07:25:16.751230');
INSERT INTO "microposts" ("id", "content", "user_id", "created_at", "updated_at") VALUES (298486374, 'MyText', 1, '2023-05-20 07:25:16.751230', '2023-05-20 07:25:16.751230');
INSERT INTO "users" ("id", "name", "email", "created_at", "updated_at") VALUES (980190962, 'MyString', 'MyString', '2023-05-20 07:25:16.752068', '2023-05-20 07:25:16.752068');
INSERT INTO "users" ("id", "name", "email", "created_at", "updated_at") VALUES (298486374, 'MyString', 'MyString', '2023-05-20 07:25:16.752068', '2023-05-20 07:25:16.752068')[0m
  [1m[36mTRANSACTION (7.2ms)[0m  [1m[36mcommit transaction[0m
  [1m[35m (0.1ms)[0m  [1m[35mPRAGMA defer_foreign_keys = 0[0m
  [1m[35m (0.0ms)[0m  [1m[35mPRAGMA foreign_keys = 1[0m
  [1m[35m (0.0ms)[0m  [1m[35mPRAGMA foreign_key_check[0m
  [1m[36mTRANSACTION (0.0ms)[0m  [1m[36mbegin transaction[0m
------------------------------------------------
StaticPagesControllerTest: test_should_get_about
------------------------------------------------
Started GET "/static_pages/about" for 127.0.0.1 at 2023-05-20 12:55:16 +0530
Processing by StaticPagesController#about as HTML
  Rendering layout layouts/application.html.erb
  Rendering static_pages/about.html.erb within layouts/application
  Rendered static_pages/about.html.erb within layouts/application (Duration: 10.9ms | Allocations: 333)
  Rendered shared/_navbar.html.erb (Duration: 1.0ms | Allocations: 326)
  Rendered layout layouts/application.html.erb (Duration: 102.7ms | Allocations: 36090)
Completed 200 OK in 116ms (Views: 106.9ms | ActiveRecord: 0.0ms | Allocations: 39583)
  [1m[36mTRANSACTION (0.0ms)[0m  [1m[31mrollback transaction[0m
  [1m[36mActiveRecord::InternalMetadata Pluck (0.1ms)[0m  [1m[34mSELECT "ar_internal_metadata"."value" FROM "ar_internal_metadata" WHERE "ar_internal_metadata"."key" = ? LIMIT ?[0m  [["key", "schema_sha1"], ["LIMIT", 1]]
  [1m[36mActiveRecord::SchemaMigration Pluck (0.0ms)[0m  [1m[34mSELECT "schema_migrations"."version" FROM "schema_migrations" ORDER BY "schema_migrations"."version" ASC[0m
  [1m[35m (0.0ms)[0m  [1m[35mPRAGMA foreign_keys[0m
  [1m[35m (0.0ms)[0m  [1m[35mPRAGMA defer_foreign_keys[0m
  [1m[35m (0.0ms)[0m  [1m[35mPRAGMA defer_foreign_keys = ON[0m
  [1m[35m (0.0ms)[0m  [1m[35mPRAGMA foreign_keys = OFF[0m
  [1m[36mTRANSACTION (0.0ms)[0m  [1m[36mbegin transaction[0m
  [1m[36mFixtures Load (0.8ms)[0m  [1m[31mDELETE FROM "microposts";
DELETE FROM "users";
INSERT INTO "microposts" ("id", "content", "user_id", "created_at", "updated_at") VALUES (980190962, 'MyText', 1, '2023-05-20 07:33:07.487412', '2023-05-20 07:33:07.487412');
INSERT INTO "microposts" ("id", "content", "user_id", "created_at", "updated_at") VALUES (298486374, 'MyText', 1, '2023-05-20 07:33:07.487412', '2023-05-20 07:33:07.487412');
INSERT INTO "users" ("id", "name", "email", "created_at", "updated_at") VALUES (980190962, 'MyString', 'MyString', '2023-05-20 07:33:07.488121', '2023-05-20 07:33:07.488121');
INSERT INTO "users" ("id", "name", "email", "created_at", "updated_at") VALUES (298486374, 'MyString', 'MyString', '2023-05-20 07:33:07.488121', '2023-05-20 07:33:07.488121')[0m
  [1m[36mTRANSACTION (8.0ms)[0m  [1m[36mcommit transaction[0m
  [1m[35m (0.1ms)[0m  [1m[35mPRAGMA defer_foreign_keys = 0[0m
  [1m[35m (0.0ms)[0m  [1m[35mPRAGMA foreign_keys = 1[0m
  [1m[35m (0.0ms)[0m  [1m[35mPRAGMA foreign_key_check[0m
  [1m[36mTRANSACTION (0.0ms)[0m  [1m[36mbegin transaction[0m
-----------------------------------------------
StaticPagesControllerTest: test_should_get_help
-----------------------------------------------
Started GET "/static_pages/help" for 127.0.0.1 at 2023-05-20 13:03:07 +0530
Processing by StaticPagesController#help as HTML
  Rendering layout layouts/application.html.erb
  Rendering static_pages/help.html.erb within layouts/application
  Rendered static_pages/help.html.erb within layouts/application (Duration: 1.1ms | Allocations: 340)
  Rendered shared/_navbar.html.erb (Duration: 0.6ms | Allocations: 326)
  Rendered layout layouts/application.html.erb (Duration: 89.5ms | Allocations: 37905)
Completed 200 OK in 102ms (Views: 93.4ms | ActiveRecord: 0.0ms | Allocations: 41398)
  [1m[36mTRANSACTION (0.0ms)[0m  [1m[31mrollback transaction[0m
  [1m[36mTRANSACTION (0.0ms)[0m  [1m[36mbegin transaction[0m
-----------------------------------------------
StaticPagesControllerTest: test_should_get_home
-----------------------------------------------
Started GET "/static_pages/home" for 127.0.0.1 at 2023-05-20 13:03:07 +0530
Processing by StaticPagesController#home as HTML
  Rendering layout layouts/application.html.erb
  Rendering static_pages/home.html.erb within layouts/application
  Rendered static_pages/home.html.erb within layouts/application (Duration: 0.4ms | Allocations: 112)
  Rendered shared/_navbar.html.erb (Duration: 0.1ms | Allocations: 48)
  Rendered layout layouts/application.html.erb (Duration: 1.3ms | Allocations: 1691)
Completed 200 OK in 2ms (Views: 1.4ms | ActiveRecord: 0.0ms | Allocations: 1989)
  [1m[36mTRANSACTION (0.0ms)[0m  [1m[31mrollback transaction[0m
  [1m[36mTRANSACTION (0.0ms)[0m  [1m[36mbegin transaction[0m
------------------------------------------------
StaticPagesControllerTest: test_should_get_about
------------------------------------------------
Started GET "/static_pages/about" for 127.0.0.1 at 2023-05-20 13:03:07 +0530
Processing by StaticPagesController#about as HTML
  Rendering layout layouts/application.html.erb
  Rendering static_pages/about.html.erb within layouts/application
  Rendered static_pages/about.html.erb within layouts/application (Duration: 0.5ms | Allocations: 111)
  Rendered shared/_navbar.html.erb (Duration: 0.1ms | Allocations: 48)
  Rendered layout layouts/application.html.erb (Duration: 1.3ms | Allocations: 1690)
Completed 200 OK in 2ms (Views: 1.4ms | ActiveRecord: 0.0ms | Allocations: 1986)
  [1m[36mTRANSACTION (0.0ms)[0m  [1m[31mrollback transaction[0m
  [1m[36mTRANSACTION (0.0ms)[0m  [1m[36mbegin transaction[0m
-----------------------------------------
UsersControllerTest: test_should_get_edit
-----------------------------------------
  [1m[36mUser Load (0.1ms)[0m  [1m[34mSELECT "users".* FROM "users" WHERE "users"."id" = ? LIMIT ?[0m  [["id", 980190962], ["LIMIT", 1]]
Started GET "/users/980190962/edit" for 127.0.0.1 at 2023-05-20 13:03:07 +0530
Processing by UsersController#edit as HTML
  Parameters: {"id"=>"980190962"}
  [1m[36mUser Load (0.0ms)[0m  [1m[34mSELECT "users".* FROM "users" WHERE "users"."id" = ? LIMIT ?[0m  [["id", 980190962], ["LIMIT", 1]]
  Rendering layout layouts/application.html.erb
  Rendering users/edit.html.erb within layouts/application
  Rendered users/_form.html.erb (Duration: 9.2ms | Allocations: 2951)
  Rendered users/edit.html.erb within layouts/application (Duration: 11.6ms | Allocations: 3322)
  Rendered shared/_navbar.html.erb (Duration: 0.1ms | Allocations: 47)
  Rendered layout layouts/application.html.erb (Duration: 12.5ms | Allocations: 4963)
Completed 200 OK in 17ms (Views: 15.0ms | ActiveRecord: 0.0ms | Allocations: 5939)
  [1m[36mTRANSACTION (0.0ms)[0m  [1m[31mrollback transaction[0m
  [1m[36mTRANSACTION (0.0ms)[0m  [1m[36mbegin transaction[0m
------------------------------------------
UsersControllerTest: test_should_show_user
------------------------------------------
  [1m[36mUser Load (0.1ms)[0m  [1m[34mSELECT "users".* FROM "users" WHERE "users"."id" = ? LIMIT ?[0m  [["id", 980190962], ["LIMIT", 1]]
Started GET "/users/980190962" for 127.0.0.1 at 2023-05-20 13:03:07 +0530
Processing by UsersController#show as HTML
  Parameters: {"id"=>"980190962"}
  [1m[36mUser Load (0.0ms)[0m  [1m[34mSELECT "users".* FROM "users" WHERE "users"."id" = ? LIMIT ?[0m  [["id", 980190962], ["LIMIT", 1]]
  Rendering layout layouts/application.html.erb
  Rendering users/show.html.erb within layouts/application
  [1m[36mMicropost Load (0.1ms)[0m  [1m[34mSELECT "microposts".* FROM "microposts" WHERE "microposts"."user_id" = ?[0m  [["user_id", 980190962]]
  Rendered users/_user.html.erb (Duration: 3.8ms | Allocations: 1192)
  Rendered users/show.html.erb within layouts/application (Duration: 12.3ms | Allocations: 3145)
  Rendered shared/_navbar.html.erb (Duration: 0.0ms | Allocations: 43)
  Rendered layout layouts/application.html.erb (Duration: 13.4ms | Allocations: 4710)
Completed 200 OK in 16ms (Views: 13.6ms | ActiveRecord: 0.1ms | Allocations: 5139)
  [1m[36mTRANSACTION (0.0ms)[0m  [1m[31mrollback transaction[0m
  [1m[36mTRANSACTION (0.0ms)[0m  [1m[36mbegin transaction[0m
---------------------------------------------
UsersControllerTest: test_should_destroy_user
---------------------------------------------
  [1m[36mUser Load (0.1ms)[0m  [1m[34mSELECT "users".* FROM "users" WHERE "users"."id" = ? LIMIT ?[0m  [["id", 980190962], ["LIMIT", 1]]
  [1m[36mUser Count (0.1ms)[0m  [1m[34mSELECT COUNT(*) FROM "users"[0m
Started DELETE "/users/980190962" for 127.0.0.1 at 2023-05-20 13:03:07 +0530
Processing by UsersController#destroy as HTML
  Parameters: {"id"=>"980190962"}
  [1m[36mUser Load (0.0ms)[0m  [1m[34mSELECT "users".* FROM "users" WHERE "users"."id" = ? LIMIT ?[0m  [["id", 980190962], ["LIMIT", 1]]
  [1m[36mTRANSACTION (0.0ms)[0m  [1m[35mSAVEPOINT active_record_1[0m
  [1m[36mUser Destroy (0.7ms)[0m  [1m[31mDELETE FROM "users" WHERE "users"."id" = ?[0m  [["id", 980190962]]
  [1m[36mTRANSACTION (0.0ms)[0m  [1m[35mRELEASE SAVEPOINT active_record_1[0m
Redirected to http://www.example.com/users
Completed 302 Found in 3ms (ActiveRecord: 0.8ms | Allocations: 810)
  [1m[36mUser Count (0.0ms)[0m  [1m[34mSELECT COUNT(*) FROM "users"[0m
  [1m[36mTRANSACTION (0.2ms)[0m  [1m[31mrollback transaction[0m
  [1m[36mTRANSACTION (0.0ms)[0m  [1m[36mbegin transaction[0m
------------------------------------------
UsersControllerTest: test_should_get_index
------------------------------------------
  [1m[36mUser Load (0.1ms)[0m  [1m[34mSELECT "users".* FROM "users" WHERE "users"."id" = ? LIMIT ?[0m  [["id", 980190962], ["LIMIT", 1]]
Started GET "/users" for 127.0.0.1 at 2023-05-20 13:03:07 +0530
Processing by UsersController#index as HTML
  Rendering layout layouts/application.html.erb
  Rendering users/index.html.erb within layouts/application
  [1m[36mUser Load (0.0ms)[0m  [1m[34mSELECT "users".* FROM "users"[0m
  [1m[36mMicropost Load (0.0ms)[0m  [1m[34mSELECT "microposts".* FROM "microposts" WHERE "microposts"."user_id" = ?[0m  [["user_id", 298486374]]
  Rendered users/_user.html.erb (Duration: 0.3ms | Allocations: 200)
  [1m[36mMicropost Load (0.0ms)[0m  [1m[34mSELECT "microposts".* FROM "microposts" WHERE "microposts"."user_id" = ?[0m  [["user_id", 980190962]]
  Rendered users/_user.html.erb (Duration: 0.2ms | Allocations: 200)
  Rendered users/index.html.erb within layouts/application (Duration: 1.7ms | Allocations: 1074)
  Rendered shared/_navbar.html.erb (Duration: 0.0ms | Allocations: 43)
  Rendered layout layouts/application.html.erb (Duration: 2.4ms | Allocations: 2647)
Completed 200 OK in 4ms (Views: 2.5ms | ActiveRecord: 0.1ms | Allocations: 2985)
  [1m[36mTRANSACTION (0.0ms)[0m  [1m[31mrollback transaction[0m
  [1m[36mTRANSACTION (0.0ms)[0m  [1m[36mbegin transaction[0m
--------------------------------------------
UsersControllerTest: test_should_update_user
--------------------------------------------
  [1m[36mUser Load (0.3ms)[0m  [1m[34mSELECT "users".* FROM "users" WHERE "users"."id" = ? LIMIT ?[0m  [["id", 980190962], ["LIMIT", 1]]
Started PATCH "/users/980190962" for 127.0.0.1 at 2023-05-20 13:03:07 +0530
Processing by UsersController#update as HTML
  Parameters: {"user"=>{"email"=>"MyString", "name"=>"MyString"}, "id"=>"980190962"}
  [1m[36mUser Load (0.1ms)[0m  [1m[34mSELECT "users".* FROM "users" WHERE "users"."id" = ? LIMIT ?[0m  [["id", 980190962], ["LIMIT", 1]]
Redirected to http://www.example.com/users/980190962
Completed 302 Found in 3ms (ActiveRecord: 0.1ms | Allocations: 994)
  [1m[36mTRANSACTION (0.0ms)[0m  [1m[31mrollback transaction[0m
  [1m[36mTRANSACTION (0.1ms)[0m  [1m[36mbegin transaction[0m
--------------------------------------------
UsersControllerTest: test_should_create_user
--------------------------------------------
  [1m[36mUser Load (0.1ms)[0m  [1m[34mSELECT "users".* FROM "users" WHERE "users"."id" = ? LIMIT ?[0m  [["id", 980190962], ["LIMIT", 1]]
  [1m[36mUser Count (0.0ms)[0m  [1m[34mSELECT COUNT(*) FROM "users"[0m
Started POST "/users" for 127.0.0.1 at 2023-05-20 13:03:07 +0530
Processing by UsersController#create as HTML
  Parameters: {"user"=>{"email"=>"MyString", "name"=>"MyString"}}
  [1m[36mTRANSACTION (0.0ms)[0m  [1m[35mSAVEPOINT active_record_1[0m
  [1m[36mUser Create (0.8ms)[0m  [1m[32mINSERT INTO "users" ("name", "email", "created_at", "updated_at") VALUES (?, ?, ?, ?)[0m  [["name", "MyString"], ["email", "MyString"], ["created_at", "2023-05-20 07:33:07.839400"], ["updated_at", "2023-05-20 07:33:07.839400"]]
  [1m[36mTRANSACTION (0.0ms)[0m  [1m[35mRELEASE SAVEPOINT active_record_1[0m
Redirected to http://www.example.com/users/980190963
Completed 302 Found in 3ms (ActiveRecord: 0.9ms | Allocations: 890)
  [1m[36mUser Count (0.1ms)[0m  [1m[34mSELECT COUNT(*) FROM "users"[0m
  [1m[36mUser Load (0.1ms)[0m  [1m[34mSELECT "users".* FROM "users" ORDER BY "users"."id" DESC LIMIT ?[0m  [["LIMIT", 1]]
  [1m[36mTRANSACTION (0.2ms)[0m  [1m[31mrollback transaction[0m
  [1m[36mTRANSACTION (0.1ms)[0m  [1m[36mbegin transaction[0m
----------------------------------------
UsersControllerTest: test_should_get_new
----------------------------------------
  [1m[36mUser Load (0.1ms)[0m  [1m[34mSELECT "users".* FROM "users" WHERE "users"."id" = ? LIMIT ?[0m  [["id", 980190962], ["LIMIT", 1]]
Started GET "/users/new" for 127.0.0.1 at 2023-05-20 13:03:07 +0530
Processing by UsersController#new as HTML
  Rendering layout layouts/application.html.erb
  Rendering users/new.html.erb within layouts/application
  Rendered users/_form.html.erb (Duration: 1.0ms | Allocations: 757)
  Rendered users/new.html.erb within layouts/application (Duration: 2.2ms | Allocations: 979)
  Rendered shared/_navbar.html.erb (Duration: 0.1ms | Allocations: 43)
  Rendered layout layouts/application.html.erb (Duration: 3.2ms | Allocations: 2552)
Completed 200 OK in 5ms (Views: 3.6ms | ActiveRecord: 0.0ms | Allocations: 2864)
  [1m[36mTRANSACTION (0.1ms)[0m  [1m[31mrollback transaction[0m
  [1m[36mTRANSACTION (0.0ms)[0m  [1m[36mbegin transaction[0m
----------------------------------------------
MicropostsControllerTest: test_should_get_edit
----------------------------------------------
  [1m[36mMicropost Load (0.1ms)[0m  [1m[34mSELECT "microposts".* FROM "microposts" WHERE "microposts"."id" = ? LIMIT ?[0m  [["id", 980190962], ["LIMIT", 1]]
Started GET "/microposts/980190962/edit" for 127.0.0.1 at 2023-05-20 13:03:07 +0530
Processing by MicropostsController#edit as HTML
  Parameters: {"id"=>"980190962"}
  [1m[36mMicropost Load (0.1ms)[0m  [1m[34mSELECT "microposts".* FROM "microposts" WHERE "microposts"."id" = ? LIMIT ?[0m  [["id", 980190962], ["LIMIT", 1]]
  Rendering layout layouts/application.html.erb
  Rendering microposts/edit.html.erb within layouts/application
  Rendered microposts/_form.html.erb (Duration: 3.1ms | Allocations: 1561)
  Rendered microposts/edit.html.erb within layouts/application (Duration: 4.0ms | Allocations: 1907)
  Rendered shared/_navbar.html.erb (Duration: 0.1ms | Allocations: 47)
  Rendered layout layouts/application.html.erb (Duration: 4.9ms | Allocations: 3548)
Completed 200 OK in 10ms (Views: 7.3ms | ActiveRecord: 0.1ms | Allocations: 4432)
  [1m[36mTRANSACTION (0.0ms)[0m  [1m[31mrollback transaction[0m
  [1m[36mTRANSACTION (0.0ms)[0m  [1m[36mbegin transaction[0m
----------------------------------------------------
MicropostsControllerTest: test_should_show_micropost
----------------------------------------------------
  [1m[36mMicropost Load (0.1ms)[0m  [1m[34mSELECT "microposts".* FROM "microposts" WHERE "microposts"."id" = ? LIMIT ?[0m  [["id", 980190962], ["LIMIT", 1]]
Started GET "/microposts/980190962" for 127.0.0.1 at 2023-05-20 13:03:07 +0530
Processing by MicropostsController#show as HTML
  Parameters: {"id"=>"980190962"}
  [1m[36mMicropost Load (0.0ms)[0m  [1m[34mSELECT "microposts".* FROM "microposts" WHERE "microposts"."id" = ? LIMIT ?[0m  [["id", 980190962], ["LIMIT", 1]]
  Rendering layout layouts/application.html.erb
  Rendering microposts/show.html.erb within layouts/application
  Rendered microposts/_micropost.html.erb (Duration: 1.1ms | Allocations: 182)
  Rendered microposts/show.html.erb within layouts/application (Duration: 4.8ms | Allocations: 995)
  Rendered shared/_navbar.html.erb (Duration: 0.0ms | Allocations: 43)
  Rendered layout layouts/application.html.erb (Duration: 5.6ms | Allocations: 2560)
Completed 200 OK in 7ms (Views: 5.8ms | ActiveRecord: 0.0ms | Allocations: 2989)
  [1m[36mTRANSACTION (0.0ms)[0m  [1m[31mrollback transaction[0m
  [1m[36mTRANSACTION (0.0ms)[0m  [1m[36mbegin transaction[0m
-------------------------------------------------------
MicropostsControllerTest: test_should_destroy_micropost
-------------------------------------------------------
  [1m[36mMicropost Load (0.1ms)[0m  [1m[34mSELECT "microposts".* FROM "microposts" WHERE "microposts"."id" = ? LIMIT ?[0m  [["id", 980190962], ["LIMIT", 1]]
  [1m[36mMicropost Count (0.0ms)[0m  [1m[34mSELECT COUNT(*) FROM "microposts"[0m
Started DELETE "/microposts/980190962" for 127.0.0.1 at 2023-05-20 13:03:07 +0530
Processing by MicropostsController#destroy as HTML
  Parameters: {"id"=>"980190962"}
  [1m[36mMicropost Load (0.0ms)[0m  [1m[34mSELECT "microposts".* FROM "microposts" WHERE "microposts"."id" = ? LIMIT ?[0m  [["id", 980190962], ["LIMIT", 1]]
  [1m[36mTRANSACTION (0.0ms)[0m  [1m[35mSAVEPOINT active_record_1[0m
  [1m[36mMicropost Destroy (0.5ms)[0m  [1m[31mDELETE FROM "microposts" WHERE "microposts"."id" = ?[0m  [["id", 980190962]]
  [1m[36mTRANSACTION (0.0ms)[0m  [1m[35mRELEASE SAVEPOINT active_record_1[0m
Redirected to http://www.example.com/microposts
Completed 302 Found in 2ms (ActiveRecord: 0.6ms | Allocations: 615)
  [1m[36mMicropost Count (0.0ms)[0m  [1m[34mSELECT COUNT(*) FROM "microposts"[0m
  [1m[36mTRANSACTION (0.2ms)[0m  [1m[31mrollback transaction[0m
  [1m[36mTRANSACTION (0.0ms)[0m  [1m[36mbegin transaction[0m
-----------------------------------------------
MicropostsControllerTest: test_should_get_index
-----------------------------------------------
  [1m[36mMicropost Load (0.1ms)[0m  [1m[34mSELECT "microposts".* FROM "microposts" WHERE "microposts"."id" = ? LIMIT ?[0m  [["id", 980190962], ["LIMIT", 1]]
Started GET "/microposts" for 127.0.0.1 at 2023-05-20 13:03:07 +0530
Processing by MicropostsController#index as HTML
  Rendering layout layouts/application.html.erb
  Rendering microposts/index.html.erb within layouts/application
  [1m[36mMicropost Load (0.1ms)[0m  [1m[34mSELECT "microposts".* FROM "microposts"[0m
  Rendered microposts/_micropost.html.erb (Duration: 0.1ms | Allocations: 16)
  Rendered microposts/_micropost.html.erb (Duration: 0.0ms | Allocations: 15)
  Rendered microposts/index.html.erb within layouts/application (Duration: 2.0ms | Allocations: 672)
  Rendered shared/_navbar.html.erb (Duration: 0.1ms | Allocations: 43)
  Rendered layout layouts/application.html.erb (Duration: 11.1ms | Allocations: 2258)
Completed 200 OK in 13ms (Views: 11.2ms | ActiveRecord: 0.1ms | Allocations: 2594)
  [1m[36mTRANSACTION (0.0ms)[0m  [1m[31mrollback transaction[0m
  [1m[36mTRANSACTION (0.0ms)[0m  [1m[36mbegin transaction[0m
------------------------------------------------------
MicropostsControllerTest: test_should_update_micropost
------------------------------------------------------
  [1m[36mMicropost Load (0.1ms)[0m  [1m[34mSELECT "microposts".* FROM "microposts" WHERE "microposts"."id" = ? LIMIT ?[0m  [["id", 980190962], ["LIMIT", 1]]
Started PATCH "/microposts/980190962" for 127.0.0.1 at 2023-05-20 13:03:07 +0530
Processing by MicropostsController#update as HTML
  Parameters: {"micropost"=>{"content"=>"MyText", "user_id"=>"1"}, "id"=>"980190962"}
  [1m[36mMicropost Load (0.0ms)[0m  [1m[34mSELECT "microposts".* FROM "microposts" WHERE "microposts"."id" = ? LIMIT ?[0m  [["id", 980190962], ["LIMIT", 1]]
  [1m[36mTRANSACTION (0.0ms)[0m  [1m[35mSAVEPOINT active_record_1[0m
  [1m[36mUser Load (0.0ms)[0m  [1m[34mSELECT "users".* FROM "users" WHERE "users"."id" = ? LIMIT ?[0m  [["id", 1], ["LIMIT", 1]]
  [1m[36mTRANSACTION (0.0ms)[0m  [1m[31mROLLBACK TO SAVEPOINT active_record_1[0m
  Rendering layout layouts/application.html.erb
  Rendering microposts/edit.html.erb within layouts/application
  Rendered microposts/_form.html.erb (Duration: 1.9ms | Allocations: 1293)
  Rendered microposts/edit.html.erb within layouts/application (Duration: 2.2ms | Allocations: 1396)
  Rendered shared/_navbar.html.erb (Duration: 0.4ms | Allocations: 43)
  Rendered layout layouts/application.html.erb (Duration: 4.2ms | Allocations: 2961)
Completed 422 Unprocessable Entity in 9ms (Views: 4.5ms | ActiveRecord: 0.1ms | Allocations: 4641)
  [1m[36mTRANSACTION (0.0ms)[0m  [1m[31mrollback transaction[0m
  [1m[36mTRANSACTION (0.1ms)[0m  [1m[36mbegin transaction[0m
------------------------------------------------------
MicropostsControllerTest: test_should_create_micropost
------------------------------------------------------
  [1m[36mMicropost Load (0.1ms)[0m  [1m[34mSELECT "microposts".* FROM "microposts" WHERE "microposts"."id" = ? LIMIT ?[0m  [["id", 980190962], ["LIMIT", 1]]
  [1m[36mMicropost Count (0.0ms)[0m  [1m[34mSELECT COUNT(*) FROM "microposts"[0m
Started POST "/microposts" for 127.0.0.1 at 2023-05-20 13:03:07 +0530
Processing by MicropostsController#create as HTML
  Parameters: {"micropost"=>{"content"=>"MyText", "user_id"=>"1"}}
  [1m[36mTRANSACTION (0.0ms)[0m  [1m[35mSAVEPOINT active_record_1[0m
  [1m[36mUser Load (0.0ms)[0m  [1m[34mSELECT "users".* FROM "users" WHERE "users"."id" = ? LIMIT ?[0m  [["id", 1], ["LIMIT", 1]]
  [1m[36mTRANSACTION (0.0ms)[0m  [1m[31mROLLBACK TO SAVEPOINT active_record_1[0m
  Rendering layout layouts/application.html.erb
  Rendering microposts/new.html.erb within layouts/application
  Rendered microposts/_form.html.erb (Duration: 0.8ms | Allocations: 1136)
  Rendered microposts/new.html.erb within layouts/application (Duration: 1.5ms | Allocations: 1350)
  Rendered shared/_navbar.html.erb (Duration: 0.2ms | Allocations: 43)
  Rendered layout layouts/application.html.erb (Duration: 2.3ms | Allocations: 2915)
Completed 422 Unprocessable Entity in 4ms (Views: 2.9ms | ActiveRecord: 0.1ms | Allocations: 3775)
  [1m[36mMicropost Count (0.0ms)[0m  [1m[34mSELECT COUNT(*) FROM "microposts"[0m
  [1m[36mTRANSACTION (0.0ms)[0m  [1m[31mrollback transaction[0m
  [1m[36mTRANSACTION (0.1ms)[0m  [1m[36mbegin transaction[0m
---------------------------------------------
MicropostsControllerTest: test_should_get_new
---------------------------------------------
  [1m[36mMicropost Load (0.1ms)[0m  [1m[34mSELECT "microposts".* FROM "microposts" WHERE "microposts"."id" = ? LIMIT ?[0m  [["id", 980190962], ["LIMIT", 1]]
Started GET "/microposts/new" for 127.0.0.1 at 2023-05-20 13:03:07 +0530
Processing by MicropostsController#new as HTML
  Rendering layout layouts/application.html.erb
  Rendering microposts/new.html.erb within layouts/application
  Rendered microposts/_form.html.erb (Duration: 0.6ms | Allocations: 727)
  Rendered microposts/new.html.erb within layouts/application (Duration: 0.7ms | Allocations: 793)
  Rendered shared/_navbar.html.erb (Duration: 0.0ms | Allocations: 43)
  Rendered layout layouts/application.html.erb (Duration: 1.7ms | Allocations: 2366)
Completed 200 OK in 3ms (Views: 1.9ms | ActiveRecord: 0.0ms | Allocations: 2623)
  [1m[36mTRANSACTION (0.0ms)[0m  [1m[31mrollback transaction[0m
  [1m[36mActiveRecord::InternalMetadata Pluck (0.1ms)[0m  [1m[34mSELECT "ar_internal_metadata"."value" FROM "ar_internal_metadata" WHERE "ar_internal_metadata"."key" = ? LIMIT ?[0m  [["key", "schema_sha1"], ["LIMIT", 1]]
  [1m[36mActiveRecord::SchemaMigration Pluck (0.1ms)[0m  [1m[34mSELECT "schema_migrations"."version" FROM "schema_migrations" ORDER BY "schema_migrations"."version" ASC[0m
  [1m[35m (0.0ms)[0m  [1m[35mPRAGMA foreign_keys[0m
  [1m[35m (0.0ms)[0m  [1m[35mPRAGMA defer_foreign_keys[0m
  [1m[35m (0.0ms)[0m  [1m[35mPRAGMA defer_foreign_keys = ON[0m
  [1m[35m (0.0ms)[0m  [1m[35mPRAGMA foreign_keys = OFF[0m
  [1m[36mTRANSACTION (0.0ms)[0m  [1m[36mbegin transaction[0m
  [1m[36mFixtures Load (2.1ms)[0m  [1m[31mDELETE FROM "microposts";
DELETE FROM "users";
INSERT INTO "microposts" ("id", "content", "user_id", "created_at", "updated_at") VALUES (980190962, 'MyText', 1, '2023-05-20 07:33:32.982052', '2023-05-20 07:33:32.982052');
INSERT INTO "microposts" ("id", "content", "user_id", "created_at", "updated_at") VALUES (298486374, 'MyText', 1, '2023-05-20 07:33:32.982052', '2023-05-20 07:33:32.982052');
INSERT INTO "users" ("id", "name", "email", "created_at", "updated_at") VALUES (980190962, 'MyString', 'MyString', '2023-05-20 07:33:32.982882', '2023-05-20 07:33:32.982882');
INSERT INTO "users" ("id", "name", "email", "created_at", "updated_at") VALUES (298486374, 'MyString', 'MyString', '2023-05-20 07:33:32.982882', '2023-05-20 07:33:32.982882')[0m
  [1m[36mTRANSACTION (8.0ms)[0m  [1m[36mcommit transaction[0m
  [1m[35m (0.1ms)[0m  [1m[35mPRAGMA defer_foreign_keys = 0[0m
  [1m[35m (0.0ms)[0m  [1m[35mPRAGMA foreign_keys = 1[0m
  [1m[35m (0.0ms)[0m  [1m[35mPRAGMA foreign_key_check[0m
  [1m[36mTRANSACTION (0.0ms)[0m  [1m[36mbegin transaction[0m
------------------------------------------------
StaticPagesControllerTest: test_should_get_about
------------------------------------------------
Started GET "/static_pages/about" for 127.0.0.1 at 2023-05-20 13:03:33 +0530
Processing by StaticPagesController#about as HTML
  Rendering layout layouts/application.html.erb
  Rendering static_pages/about.html.erb within layouts/application
  Rendered static_pages/about.html.erb within layouts/application (Duration: 0.8ms | Allocations: 333)
  Rendered shared/_navbar.html.erb (Duration: 0.5ms | Allocations: 326)
  Rendered layout layouts/application.html.erb (Duration: 55.5ms | Allocations: 36057)
Completed 200 OK in 68ms (Views: 59.3ms | ActiveRecord: 0.0ms | Allocations: 39550)
  [1m[36mTRANSACTION (0.0ms)[0m  [1m[31mrollback transaction[0m
  [1m[36mActiveRecord::InternalMetadata Pluck (0.1ms)[0m  [1m[34mSELECT "ar_internal_metadata"."value" FROM "ar_internal_metadata" WHERE "ar_internal_metadata"."key" = ? LIMIT ?[0m  [["key", "schema_sha1"], ["LIMIT", 1]]
  [1m[36mActiveRecord::SchemaMigration Pluck (0.0ms)[0m  [1m[34mSELECT "schema_migrations"."version" FROM "schema_migrations" ORDER BY "schema_migrations"."version" ASC[0m
  [1m[35m (0.1ms)[0m  [1m[35mPRAGMA foreign_keys[0m
  [1m[35m (0.0ms)[0m  [1m[35mPRAGMA defer_foreign_keys[0m
  [1m[35m (0.0ms)[0m  [1m[35mPRAGMA defer_foreign_keys = ON[0m
  [1m[35m (0.0ms)[0m  [1m[35mPRAGMA foreign_keys = OFF[0m
  [1m[36mTRANSACTION (0.0ms)[0m  [1m[36mbegin transaction[0m
  [1m[36mFixtures Load (2.1ms)[0m  [1m[31mDELETE FROM "microposts";
DELETE FROM "users";
INSERT INTO "microposts" ("id", "content", "user_id", "created_at", "updated_at") VALUES (980190962, 'MyText', 1, '2023-05-20 07:36:37.506726', '2023-05-20 07:36:37.506726');
INSERT INTO "microposts" ("id", "content", "user_id", "created_at", "updated_at") VALUES (298486374, 'MyText', 1, '2023-05-20 07:36:37.506726', '2023-05-20 07:36:37.506726');
INSERT INTO "users" ("id", "name", "email", "created_at", "updated_at") VALUES (980190962, 'MyString', 'MyString', '2023-05-20 07:36:37.507851', '2023-05-20 07:36:37.507851');
INSERT INTO "users" ("id", "name", "email", "created_at", "updated_at") VALUES (298486374, 'MyString', 'MyString', '2023-05-20 07:36:37.507851', '2023-05-20 07:36:37.507851')[0m
  [1m[36mTRANSACTION (8.1ms)[0m  [1m[36mcommit transaction[0m
  [1m[35m (0.1ms)[0m  [1m[35mPRAGMA defer_foreign_keys = 0[0m
  [1m[35m (0.0ms)[0m  [1m[35mPRAGMA foreign_keys = 1[0m
  [1m[35m (0.0ms)[0m  [1m[35mPRAGMA foreign_key_check[0m
  [1m[36mTRANSACTION (0.0ms)[0m  [1m[36mbegin transaction[0m
------------------------------------------------
StaticPagesControllerTest: test_should_get_about
------------------------------------------------
Started GET "/static_pages/about" for 127.0.0.1 at 2023-05-20 13:06:37 +0530
Processing by StaticPagesController#about as HTML
  Rendering static_pages/about.html.erb
  Rendered static_pages/about.html.erb (Duration: 6.0ms | Allocations: 345)
Completed 200 OK in 31ms (Views: 23.2ms | ActiveRecord: 0.0ms | Allocations: 3982)
  [1m[36mTRANSACTION (0.0ms)[0m  [1m[31mrollback transaction[0m
  [1m[36mActiveRecord::InternalMetadata Pluck (0.1ms)[0m  [1m[34mSELECT "ar_internal_metadata"."value" FROM "ar_internal_metadata" WHERE "ar_internal_metadata"."key" = ? LIMIT ?[0m  [["key", "schema_sha1"], ["LIMIT", 1]]
  [1m[36mActiveRecord::SchemaMigration Pluck (0.0ms)[0m  [1m[34mSELECT "schema_migrations"."version" FROM "schema_migrations" ORDER BY "schema_migrations"."version" ASC[0m
  [1m[35m (0.0ms)[0m  [1m[35mPRAGMA foreign_keys[0m
  [1m[35m (0.0ms)[0m  [1m[35mPRAGMA defer_foreign_keys[0m
  [1m[35m (0.0ms)[0m  [1m[35mPRAGMA defer_foreign_keys = ON[0m
  [1m[35m (0.0ms)[0m  [1m[35mPRAGMA foreign_keys = OFF[0m
  [1m[36mTRANSACTION (0.0ms)[0m  [1m[36mbegin transaction[0m
  [1m[36mFixtures Load (1.8ms)[0m  [1m[31mDELETE FROM "microposts";
DELETE FROM "users";
INSERT INTO "microposts" ("id", "content", "user_id", "created_at", "updated_at") VALUES (980190962, 'MyText', 1, '2023-05-20 07:36:59.611148', '2023-05-20 07:36:59.611148');
INSERT INTO "microposts" ("id", "content", "user_id", "created_at", "updated_at") VALUES (298486374, 'MyText', 1, '2023-05-20 07:36:59.611148', '2023-05-20 07:36:59.611148');
INSERT INTO "users" ("id", "name", "email", "created_at", "updated_at") VALUES (980190962, 'MyString', 'MyString', '2023-05-20 07:36:59.612006', '2023-05-20 07:36:59.612006');
INSERT INTO "users" ("id", "name", "email", "created_at", "updated_at") VALUES (298486374, 'MyString', 'MyString', '2023-05-20 07:36:59.612006', '2023-05-20 07:36:59.612006')[0m
  [1m[36mTRANSACTION (7.0ms)[0m  [1m[36mcommit transaction[0m
  [1m[35m (0.1ms)[0m  [1m[35mPRAGMA defer_foreign_keys = 0[0m
  [1m[35m (0.0ms)[0m  [1m[35mPRAGMA foreign_keys = 1[0m
  [1m[35m (0.0ms)[0m  [1m[35mPRAGMA foreign_key_check[0m
  [1m[36mTRANSACTION (0.0ms)[0m  [1m[36mbegin transaction[0m
------------------------------------------------
StaticPagesControllerTest: test_should_get_about
------------------------------------------------
Started GET "/static_pages/about" for 127.0.0.1 at 2023-05-20 13:06:59 +0530
Processing by StaticPagesController#about as HTML
  Rendering static_pages/about.html.erb
  Rendered static_pages/about.html.erb (Duration: 3.1ms | Allocations: 345)
Completed 200 OK in 17ms (Views: 8.7ms | ActiveRecord: 0.0ms | Allocations: 3986)
  [1m[36mTRANSACTION (0.0ms)[0m  [1m[31mrollback transaction[0m
  [1m[36mActiveRecord::InternalMetadata Pluck (0.1ms)[0m  [1m[34mSELECT "ar_internal_metadata"."value" FROM "ar_internal_metadata" WHERE "ar_internal_metadata"."key" = ? LIMIT ?[0m  [["key", "schema_sha1"], ["LIMIT", 1]]
  [1m[36mActiveRecord::SchemaMigration Pluck (0.0ms)[0m  [1m[34mSELECT "schema_migrations"."version" FROM "schema_migrations" ORDER BY "schema_migrations"."version" ASC[0m
  [1m[35m (0.1ms)[0m  [1m[35mPRAGMA foreign_keys[0m
  [1m[35m (0.0ms)[0m  [1m[35mPRAGMA defer_foreign_keys[0m
  [1m[35m (0.0ms)[0m  [1m[35mPRAGMA defer_foreign_keys = ON[0m
  [1m[35m (0.0ms)[0m  [1m[35mPRAGMA foreign_keys = OFF[0m
  [1m[36mTRANSACTION (0.0ms)[0m  [1m[36mbegin transaction[0m
  [1m[36mFixtures Load (2.5ms)[0m  [1m[31mDELETE FROM "microposts";
DELETE FROM "users";
INSERT INTO "microposts" ("id", "content", "user_id", "created_at", "updated_at") VALUES (980190962, 'MyText', 1, '2023-05-20 07:39:46.608193', '2023-05-20 07:39:46.608193');
INSERT INTO "microposts" ("id", "content", "user_id", "created_at", "updated_at") VALUES (298486374, 'MyText', 1, '2023-05-20 07:39:46.608193', '2023-05-20 07:39:46.608193');
INSERT INTO "users" ("id", "name", "email", "created_at", "updated_at") VALUES (980190962, 'MyString', 'MyString', '2023-05-20 07:39:46.609042', '2023-05-20 07:39:46.609042');
INSERT INTO "users" ("id", "name", "email", "created_at", "updated_at") VALUES (298486374, 'MyString', 'MyString', '2023-05-20 07:39:46.609042', '2023-05-20 07:39:46.609042')[0m
  [1m[36mTRANSACTION (8.5ms)[0m  [1m[36mcommit transaction[0m
  [1m[35m (0.1ms)[0m  [1m[35mPRAGMA defer_foreign_keys = 0[0m
  [1m[35m (0.0ms)[0m  [1m[35mPRAGMA foreign_keys = 1[0m
  [1m[35m (0.0ms)[0m  [1m[35mPRAGMA foreign_key_check[0m
  [1m[36mTRANSACTION (0.0ms)[0m  [1m[36mbegin transaction[0m
-----------------------------------------------
StaticPagesControllerTest: test_should_get_home
-----------------------------------------------
Started GET "/static_pages/home" for 127.0.0.1 at 2023-05-20 13:09:46 +0530
Processing by StaticPagesController#home as HTML
  Rendering static_pages/home.html.erb
  Rendered static_pages/home.html.erb (Duration: 1.1ms | Allocations: 336)
Completed 200 OK in 15ms (Views: 7.8ms | ActiveRecord: 0.0ms | Allocations: 3977)
  [1m[36mTRANSACTION (0.0ms)[0m  [1m[31mrollback transaction[0m
  [1m[36mTRANSACTION (0.0ms)[0m  [1m[36mbegin transaction[0m
------------------------------------------------
StaticPagesControllerTest: test_should_get_about
------------------------------------------------
Started GET "/static_pages/about" for 127.0.0.1 at 2023-05-20 13:09:46 +0530
Processing by StaticPagesController#about as HTML
  Rendering static_pages/about.html.erb
  Rendered static_pages/about.html.erb (Duration: 0.4ms | Allocations: 121)
Completed 200 OK in 1ms (Views: 0.6ms | ActiveRecord: 0.0ms | Allocations: 467)
  [1m[36mTRANSACTION (0.0ms)[0m  [1m[31mrollback transaction[0m
  [1m[36mTRANSACTION (0.0ms)[0m  [1m[36mbegin transaction[0m
-----------------------------------------------
StaticPagesControllerTest: test_should_get_help
-----------------------------------------------
Started GET "/static_pages/help" for 127.0.0.1 at 2023-05-20 13:09:46 +0530
Processing by StaticPagesController#help as HTML
  Rendering static_pages/help.html.erb
  Rendered static_pages/help.html.erb (Duration: 0.4ms | Allocations: 118)
Completed 200 OK in 2ms (Views: 0.8ms | ActiveRecord: 0.0ms | Allocations: 460)
  [1m[36mTRANSACTION (0.0ms)[0m  [1m[31mrollback transaction[0m
  [1m[36mActiveRecord::InternalMetadata Pluck (0.1ms)[0m  [1m[34mSELECT "ar_internal_metadata"."value" FROM "ar_internal_metadata" WHERE "ar_internal_metadata"."key" = ? LIMIT ?[0m  [["key", "schema_sha1"], ["LIMIT", 1]]
  [1m[36mActiveRecord::SchemaMigration Pluck (0.0ms)[0m  [1m[34mSELECT "schema_migrations"."version" FROM "schema_migrations" ORDER BY "schema_migrations"."version" ASC[0m
  [1m[35m (0.0ms)[0m  [1m[35mPRAGMA foreign_keys[0m
  [1m[35m (0.0ms)[0m  [1m[35mPRAGMA defer_foreign_keys[0m
  [1m[35m (0.0ms)[0m  [1m[35mPRAGMA defer_foreign_keys = ON[0m
  [1m[35m (0.0ms)[0m  [1m[35mPRAGMA foreign_keys = OFF[0m
  [1m[36mTRANSACTION (0.0ms)[0m  [1m[36mbegin transaction[0m
  [1m[36mFixtures Load (2.2ms)[0m  [1m[31mDELETE FROM "microposts";
DELETE FROM "users";
INSERT INTO "microposts" ("id", "content", "user_id", "created_at", "updated_at") VALUES (980190962, 'MyText', 1, '2023-05-20 07:39:55.802321', '2023-05-20 07:39:55.802321');
INSERT INTO "microposts" ("id", "content", "user_id", "created_at", "updated_at") VALUES (298486374, 'MyText', 1, '2023-05-20 07:39:55.802321', '2023-05-20 07:39:55.802321');
INSERT INTO "users" ("id", "name", "email", "created_at", "updated_at") VALUES (980190962, 'MyString', 'MyString', '2023-05-20 07:39:55.803007', '2023-05-20 07:39:55.803007');
INSERT INTO "users" ("id", "name", "email", "created_at", "updated_at") VALUES (298486374, 'MyString', 'MyString', '2023-05-20 07:39:55.803007', '2023-05-20 07:39:55.803007')[0m
  [1m[36mTRANSACTION (8.9ms)[0m  [1m[36mcommit transaction[0m
  [1m[35m (0.1ms)[0m  [1m[35mPRAGMA defer_foreign_keys = 0[0m
  [1m[35m (0.0ms)[0m  [1m[35mPRAGMA foreign_keys = 1[0m
  [1m[35m (0.0ms)[0m  [1m[35mPRAGMA foreign_key_check[0m
  [1m[36mTRANSACTION (0.0ms)[0m  [1m[36mbegin transaction[0m
---------------------------------------------
UsersControllerTest: test_should_destroy_user
---------------------------------------------
  [1m[36mUser Load (0.2ms)[0m  [1m[34mSELECT "users".* FROM "users" WHERE "users"."id" = ? LIMIT ?[0m  [["id", 980190962], ["LIMIT", 1]]
  [1m[36mUser Count (0.1ms)[0m  [1m[34mSELECT COUNT(*) FROM "users"[0m
Started DELETE "/users/980190962" for 127.0.0.1 at 2023-05-20 13:09:55 +0530
Processing by UsersController#destroy as HTML
  Parameters: {"id"=>"980190962"}
  [1m[36mUser Load (0.1ms)[0m  [1m[34mSELECT "users".* FROM "users" WHERE "users"."id" = ? LIMIT ?[0m  [["id", 980190962], ["LIMIT", 1]]
  [1m[36mTRANSACTION (0.0ms)[0m  [1m[35mSAVEPOINT active_record_1[0m
  [1m[36mUser Destroy (1.9ms)[0m  [1m[31mDELETE FROM "users" WHERE "users"."id" = ?[0m  [["id", 980190962]]
  [1m[36mTRANSACTION (0.0ms)[0m  [1m[35mRELEASE SAVEPOINT active_record_1[0m
Redirected to http://www.example.com/users
Completed 302 Found in 10ms (ActiveRecord: 2.0ms | Allocations: 2630)
  [1m[36mUser Count (0.0ms)[0m  [1m[34mSELECT COUNT(*) FROM "users"[0m
  [1m[36mTRANSACTION (0.2ms)[0m  [1m[31mrollback transaction[0m
  [1m[36mTRANSACTION (0.0ms)[0m  [1m[36mbegin transaction[0m
-----------------------------------------
UsersControllerTest: test_should_get_edit
-----------------------------------------
  [1m[36mUser Load (0.1ms)[0m  [1m[34mSELECT "users".* FROM "users" WHERE "users"."id" = ? LIMIT ?[0m  [["id", 980190962], ["LIMIT", 1]]
Started GET "/users/980190962/edit" for 127.0.0.1 at 2023-05-20 13:09:56 +0530
Processing by UsersController#edit as HTML
  Parameters: {"id"=>"980190962"}
  [1m[36mUser Load (0.0ms)[0m  [1m[34mSELECT "users".* FROM "users" WHERE "users"."id" = ? LIMIT ?[0m  [["id", 980190962], ["LIMIT", 1]]
  Rendering users/edit.html.erb
  Rendered users/_form.html.erb (Duration: 6.2ms | Allocations: 2993)
  Rendered users/edit.html.erb (Duration: 8.1ms | Allocations: 3615)
Completed 200 OK in 19ms (Views: 14.4ms | ActiveRecord: 0.0ms | Allocations: 5984)
  [1m[36mTRANSACTION (0.0ms)[0m  [1m[31mrollback transaction[0m
  [1m[36mTRANSACTION (0.0ms)[0m  [1m[36mbegin transaction[0m
----------------------------------------
UsersControllerTest: test_should_get_new
----------------------------------------
  [1m[36mUser Load (0.1ms)[0m  [1m[34mSELECT "users".* FROM "users" WHERE "users"."id" = ? LIMIT ?[0m  [["id", 980190962], ["LIMIT", 1]]
Started GET "/users/new" for 127.0.0.1 at 2023-05-20 13:09:56 +0530
Processing by UsersController#new as HTML
  Rendering users/new.html.erb
  Rendered users/_form.html.erb (Duration: 0.7ms | Allocations: 759)
  Rendered users/new.html.erb (Duration: 1.3ms | Allocations: 981)
Completed 200 OK in 3ms (Views: 1.5ms | ActiveRecord: 0.0ms | Allocations: 1368)
  [1m[36mTRANSACTION (0.1ms)[0m  [1m[31mrollback transaction[0m
  [1m[36mTRANSACTION (0.1ms)[0m  [1m[36mbegin transaction[0m
--------------------------------------------
UsersControllerTest: test_should_update_user
--------------------------------------------
  [1m[36mUser Load (0.6ms)[0m  [1m[34mSELECT "users".* FROM "users" WHERE "users"."id" = ? LIMIT ?[0m  [["id", 980190962], ["LIMIT", 1]]
Started PATCH "/users/980190962" for 127.0.0.1 at 2023-05-20 13:09:56 +0530
Processing by UsersController#update as HTML
  Parameters: {"user"=>{"email"=>"MyString", "name"=>"MyString"}, "id"=>"980190962"}
  [1m[36mUser Load (0.0ms)[0m  [1m[34mSELECT "users".* FROM "users" WHERE "users"."id" = ? LIMIT ?[0m  [["id", 980190962], ["LIMIT", 1]]
Redirected to http://www.example.com/users/980190962
Completed 302 Found in 2ms (ActiveRecord: 0.0ms | Allocations: 1000)
  [1m[36mTRANSACTION (0.0ms)[0m  [1m[31mrollback transaction[0m
  [1m[36mTRANSACTION (0.0ms)[0m  [1m[36mbegin transaction[0m
------------------------------------------
UsersControllerTest: test_should_show_user
------------------------------------------
  [1m[36mUser Load (0.1ms)[0m  [1m[34mSELECT "users".* FROM "users" WHERE "users"."id" = ? LIMIT ?[0m  [["id", 980190962], ["LIMIT", 1]]
Started GET "/users/980190962" for 127.0.0.1 at 2023-05-20 13:09:56 +0530
Processing by UsersController#show as HTML
  Parameters: {"id"=>"980190962"}
  [1m[36mUser Load (0.0ms)[0m  [1m[34mSELECT "users".* FROM "users" WHERE "users"."id" = ? LIMIT ?[0m  [["id", 980190962], ["LIMIT", 1]]
  Rendering users/show.html.erb
  [1m[36mMicropost Load (0.1ms)[0m  [1m[34mSELECT "microposts".* FROM "microposts" WHERE "microposts"."user_id" = ?[0m  [["user_id", 980190962]]
  Rendered users/_user.html.erb (Duration: 3.2ms | Allocations: 1185)
  Rendered users/show.html.erb (Duration: 10.3ms | Allocations: 2998)
Completed 200 OK in 12ms (Views: 10.4ms | ActiveRecord: 0.1ms | Allocations: 3473)
  [1m[36mTRANSACTION (0.0ms)[0m  [1m[31mrollback transaction[0m
  [1m[36mTRANSACTION (0.0ms)[0m  [1m[36mbegin transaction[0m
--------------------------------------------
UsersControllerTest: test_should_create_user
--------------------------------------------
  [1m[36mUser Load (0.1ms)[0m  [1m[34mSELECT "users".* FROM "users" WHERE "users"."id" = ? LIMIT ?[0m  [["id", 980190962], ["LIMIT", 1]]
  [1m[36mUser Count (0.1ms)[0m  [1m[34mSELECT COUNT(*) FROM "users"[0m
Started POST "/users" for 127.0.0.1 at 2023-05-20 13:09:56 +0530
Processing by UsersController#create as HTML
  Parameters: {"user"=>{"email"=>"MyString", "name"=>"MyString"}}
  [1m[36mTRANSACTION (0.0ms)[0m  [1m[35mSAVEPOINT active_record_1[0m
  [1m[36mUser Create (2.3ms)[0m  [1m[32mINSERT INTO "users" ("name", "email", "created_at", "updated_at") VALUES (?, ?, ?, ?)[0m  [["name", "MyString"], ["email", "MyString"], ["created_at", "2023-05-20 07:39:56.073325"], ["updated_at", "2023-05-20 07:39:56.073325"]]
  [1m[36mTRANSACTION (0.0ms)[0m  [1m[35mRELEASE SAVEPOINT active_record_1[0m
Redirected to http://www.example.com/users/980190963
Completed 302 Found in 5ms (ActiveRecord: 2.4ms | Allocations: 862)
  [1m[36mUser Count (0.1ms)[0m  [1m[34mSELECT COUNT(*) FROM "users"[0m
  [1m[36mUser Load (0.1ms)[0m  [1m[34mSELECT "users".* FROM "users" ORDER BY "users"."id" DESC LIMIT ?[0m  [["LIMIT", 1]]
  [1m[36mTRANSACTION (0.3ms)[0m  [1m[31mrollback transaction[0m
  [1m[36mTRANSACTION (0.2ms)[0m  [1m[36mbegin transaction[0m
------------------------------------------
UsersControllerTest: test_should_get_index
------------------------------------------
  [1m[36mUser Load (0.2ms)[0m  [1m[34mSELECT "users".* FROM "users" WHERE "users"."id" = ? LIMIT ?[0m  [["id", 980190962], ["LIMIT", 1]]
Started GET "/users" for 127.0.0.1 at 2023-05-20 13:09:56 +0530
Processing by UsersController#index as HTML
  Rendering users/index.html.erb
  [1m[36mUser Load (0.1ms)[0m  [1m[34mSELECT "users".* FROM "users"[0m
  [1m[36mMicropost Load (0.0ms)[0m  [1m[34mSELECT "microposts".* FROM "microposts" WHERE "microposts"."user_id" = ?[0m  [["user_id", 298486374]]
  Rendered users/_user.html.erb (Duration: 0.5ms | Allocations: 200)
  [1m[36mMicropost Load (0.0ms)[0m  [1m[34mSELECT "microposts".* FROM "microposts" WHERE "microposts"."user_id" = ?[0m  [["user_id", 980190962]]
  Rendered users/_user.html.erb (Duration: 0.3ms | Allocations: 200)
  Rendered users/index.html.erb (Duration: 2.7ms | Allocations: 1073)
Completed 200 OK in 5ms (Views: 3.2ms | ActiveRecord: 0.1ms | Allocations: 1455)
  [1m[36mTRANSACTION (0.1ms)[0m  [1m[31mrollback transaction[0m
  [1m[36mTRANSACTION (0.0ms)[0m  [1m[36mbegin transaction[0m
-----------------------------------------------
StaticPagesControllerTest: test_should_get_help
-----------------------------------------------
Started GET "/static_pages/help" for 127.0.0.1 at 2023-05-20 13:09:56 +0530
Processing by StaticPagesController#help as HTML
  Rendering static_pages/help.html.erb
  Rendered static_pages/help.html.erb (Duration: 1.0ms | Allocations: 121)
Completed 200 OK in 5ms (Views: 3.9ms | ActiveRecord: 0.0ms | Allocations: 831)
  [1m[36mTRANSACTION (0.0ms)[0m  [1m[31mrollback transaction[0m
  [1m[36mTRANSACTION (0.0ms)[0m  [1m[36mbegin transaction[0m
-----------------------------------------------
StaticPagesControllerTest: test_should_get_home
-----------------------------------------------
Started GET "/static_pages/home" for 127.0.0.1 at 2023-05-20 13:09:56 +0530
Processing by StaticPagesController#home as HTML
  Rendering static_pages/home.html.erb
  Rendered static_pages/home.html.erb (Duration: 0.4ms | Allocations: 112)
Completed 200 OK in 1ms (Views: 0.6ms | ActiveRecord: 0.0ms | Allocations: 454)
  [1m[36mTRANSACTION (0.0ms)[0m  [1m[31mrollback transaction[0m
  [1m[36mTRANSACTION (0.0ms)[0m  [1m[36mbegin transaction[0m
------------------------------------------------
StaticPagesControllerTest: test_should_get_about
------------------------------------------------
Started GET "/static_pages/about" for 127.0.0.1 at 2023-05-20 13:09:56 +0530
Processing by StaticPagesController#about as HTML
  Rendering static_pages/about.html.erb
  Rendered static_pages/about.html.erb (Duration: 0.7ms | Allocations: 121)
Completed 200 OK in 2ms (Views: 1.1ms | ActiveRecord: 0.0ms | Allocations: 463)
  [1m[36mTRANSACTION (0.0ms)[0m  [1m[31mrollback transaction[0m
  [1m[36mTRANSACTION (0.0ms)[0m  [1m[36mbegin transaction[0m
-------------------------------------------------------
MicropostsControllerTest: test_should_destroy_micropost
-------------------------------------------------------
  [1m[36mMicropost Load (0.1ms)[0m  [1m[34mSELECT "microposts".* FROM "microposts" WHERE "microposts"."id" = ? LIMIT ?[0m  [["id", 980190962], ["LIMIT", 1]]
  [1m[36mMicropost Count (0.1ms)[0m  [1m[34mSELECT COUNT(*) FROM "microposts"[0m
Started DELETE "/microposts/980190962" for 127.0.0.1 at 2023-05-20 13:09:56 +0530
Processing by MicropostsController#destroy as HTML
  Parameters: {"id"=>"980190962"}
  [1m[36mMicropost Load (0.0ms)[0m  [1m[34mSELECT "microposts".* FROM "microposts" WHERE "microposts"."id" = ? LIMIT ?[0m  [["id", 980190962], ["LIMIT", 1]]
  [1m[36mTRANSACTION (0.0ms)[0m  [1m[35mSAVEPOINT active_record_1[0m
  [1m[36mMicropost Destroy (1.8ms)[0m  [1m[31mDELETE FROM "microposts" WHERE "microposts"."id" = ?[0m  [["id", 980190962]]
  [1m[36mTRANSACTION (0.0ms)[0m  [1m[35mRELEASE SAVEPOINT active_record_1[0m
Redirected to http://www.example.com/microposts
Completed 302 Found in 4ms (ActiveRecord: 1.9ms | Allocations: 801)
  [1m[36mMicropost Count (0.0ms)[0m  [1m[34mSELECT COUNT(*) FROM "microposts"[0m
  [1m[36mTRANSACTION (0.2ms)[0m  [1m[31mrollback transaction[0m
  [1m[36mTRANSACTION (0.0ms)[0m  [1m[36mbegin transaction[0m
----------------------------------------------
MicropostsControllerTest: test_should_get_edit
----------------------------------------------
  [1m[36mMicropost Load (0.1ms)[0m  [1m[34mSELECT "microposts".* FROM "microposts" WHERE "microposts"."id" = ? LIMIT ?[0m  [["id", 980190962], ["LIMIT", 1]]
Started GET "/microposts/980190962/edit" for 127.0.0.1 at 2023-05-20 13:09:56 +0530
Processing by MicropostsController#edit as HTML
  Parameters: {"id"=>"980190962"}
  [1m[36mMicropost Load (0.0ms)[0m  [1m[34mSELECT "microposts".* FROM "microposts" WHERE "microposts"."id" = ? LIMIT ?[0m  [["id", 980190962], ["LIMIT", 1]]
  Rendering microposts/edit.html.erb
  Rendered microposts/_form.html.erb (Duration: 2.8ms | Allocations: 1557)
  Rendered microposts/edit.html.erb (Duration: 3.9ms | Allocations: 1903)
Completed 200 OK in 9ms (Views: 7.8ms | ActiveRecord: 0.0ms | Allocations: 2648)
  [1m[36mTRANSACTION (0.0ms)[0m  [1m[31mrollback transaction[0m
  [1m[36mTRANSACTION (0.0ms)[0m  [1m[36mbegin transaction[0m
---------------------------------------------
MicropostsControllerTest: test_should_get_new
---------------------------------------------
  [1m[36mMicropost Load (0.1ms)[0m  [1m[34mSELECT "microposts".* FROM "microposts" WHERE "microposts"."id" = ? LIMIT ?[0m  [["id", 980190962], ["LIMIT", 1]]
Started GET "/microposts/new" for 127.0.0.1 at 2023-05-20 13:09:56 +0530
Processing by MicropostsController#new as HTML
  Rendering microposts/new.html.erb
  Rendered microposts/_form.html.erb (Duration: 0.7ms | Allocations: 739)
  Rendered microposts/new.html.erb (Duration: 1.3ms | Allocations: 951)
Completed 200 OK in 3ms (Views: 1.6ms | ActiveRecord: 0.0ms | Allocations: 1317)
  [1m[36mTRANSACTION (0.1ms)[0m  [1m[31mrollback transaction[0m
  [1m[36mTRANSACTION (0.0ms)[0m  [1m[36mbegin transaction[0m
------------------------------------------------------
MicropostsControllerTest: test_should_update_micropost
------------------------------------------------------
  [1m[36mMicropost Load (0.1ms)[0m  [1m[34mSELECT "microposts".* FROM "microposts" WHERE "microposts"."id" = ? LIMIT ?[0m  [["id", 980190962], ["LIMIT", 1]]
Started PATCH "/microposts/980190962" for 127.0.0.1 at 2023-05-20 13:09:56 +0530
Processing by MicropostsController#update as HTML
  Parameters: {"micropost"=>{"content"=>"MyText", "user_id"=>"1"}, "id"=>"980190962"}
  [1m[36mMicropost Load (0.0ms)[0m  [1m[34mSELECT "microposts".* FROM "microposts" WHERE "microposts"."id" = ? LIMIT ?[0m  [["id", 980190962], ["LIMIT", 1]]
  [1m[36mTRANSACTION (0.0ms)[0m  [1m[35mSAVEPOINT active_record_1[0m
  [1m[36mUser Load (0.0ms)[0m  [1m[34mSELECT "users".* FROM "users" WHERE "users"."id" = ? LIMIT ?[0m  [["id", 1], ["LIMIT", 1]]
  [1m[36mTRANSACTION (0.0ms)[0m  [1m[31mROLLBACK TO SAVEPOINT active_record_1[0m
  Rendering microposts/edit.html.erb
  Rendered microposts/_form.html.erb (Duration: 0.9ms | Allocations: 1293)
  Rendered microposts/edit.html.erb (Duration: 1.1ms | Allocations: 1396)
Completed 422 Unprocessable Entity in 8ms (Views: 1.3ms | ActiveRecord: 0.1ms | Allocations: 3119)
  [1m[36mTRANSACTION (0.0ms)[0m  [1m[31mrollback transaction[0m
  [1m[36mTRANSACTION (0.0ms)[0m  [1m[36mbegin transaction[0m
----------------------------------------------------
MicropostsControllerTest: test_should_show_micropost
----------------------------------------------------
  [1m[36mMicropost Load (0.1ms)[0m  [1m[34mSELECT "microposts".* FROM "microposts" WHERE "microposts"."id" = ? LIMIT ?[0m  [["id", 980190962], ["LIMIT", 1]]
Started GET "/microposts/980190962" for 127.0.0.1 at 2023-05-20 13:09:56 +0530
Processing by MicropostsController#show as HTML
  Parameters: {"id"=>"980190962"}
  [1m[36mMicropost Load (0.0ms)[0m  [1m[34mSELECT "microposts".* FROM "microposts" WHERE "microposts"."id" = ? LIMIT ?[0m  [["id", 980190962], ["LIMIT", 1]]
  Rendering microposts/show.html.erb
  Rendered microposts/_micropost.html.erb (Duration: 1.0ms | Allocations: 180)
  Rendered microposts/show.html.erb (Duration: 3.7ms | Allocations: 995)
Completed 200 OK in 5ms (Views: 4.0ms | ActiveRecord: 0.0ms | Allocations: 1470)
  [1m[36mTRANSACTION (0.0ms)[0m  [1m[31mrollback transaction[0m
  [1m[36mTRANSACTION (0.0ms)[0m  [1m[36mbegin transaction[0m
------------------------------------------------------
MicropostsControllerTest: test_should_create_micropost
------------------------------------------------------
  [1m[36mMicropost Load (0.8ms)[0m  [1m[34mSELECT "microposts".* FROM "microposts" WHERE "microposts"."id" = ? LIMIT ?[0m  [["id", 980190962], ["LIMIT", 1]]
  [1m[36mMicropost Count (0.1ms)[0m  [1m[34mSELECT COUNT(*) FROM "microposts"[0m
Started POST "/microposts" for 127.0.0.1 at 2023-05-20 13:09:56 +0530
Processing by MicropostsController#create as HTML
  Parameters: {"micropost"=>{"content"=>"MyText", "user_id"=>"1"}}
  [1m[36mTRANSACTION (0.0ms)[0m  [1m[35mSAVEPOINT active_record_1[0m
  [1m[36mUser Load (0.0ms)[0m  [1m[34mSELECT "users".* FROM "users" WHERE "users"."id" = ? LIMIT ?[0m  [["id", 1], ["LIMIT", 1]]
  [1m[36mTRANSACTION (0.0ms)[0m  [1m[31mROLLBACK TO SAVEPOINT active_record_1[0m
  Rendering microposts/new.html.erb
  Rendered microposts/_form.html.erb (Duration: 1.0ms | Allocations: 1124)
  Rendered microposts/new.html.erb (Duration: 1.2ms | Allocations: 1190)
Completed 422 Unprocessable Entity in 3ms (Views: 1.6ms | ActiveRecord: 0.1ms | Allocations: 2033)
  [1m[36mMicropost Count (0.1ms)[0m  [1m[34mSELECT COUNT(*) FROM "microposts"[0m
  [1m[36mTRANSACTION (0.0ms)[0m  [1m[31mrollback transaction[0m
  [1m[36mTRANSACTION (0.1ms)[0m  [1m[36mbegin transaction[0m
-----------------------------------------------
MicropostsControllerTest: test_should_get_index
-----------------------------------------------
  [1m[36mMicropost Load (0.1ms)[0m  [1m[34mSELECT "microposts".* FROM "microposts" WHERE "microposts"."id" = ? LIMIT ?[0m  [["id", 980190962], ["LIMIT", 1]]
Started GET "/microposts" for 127.0.0.1 at 2023-05-20 13:09:56 +0530
Processing by MicropostsController#index as HTML
  Rendering microposts/index.html.erb
  [1m[36mMicropost Load (0.2ms)[0m  [1m[34mSELECT "microposts".* FROM "microposts"[0m
  Rendered microposts/_micropost.html.erb (Duration: 0.1ms | Allocations: 16)
  Rendered microposts/_micropost.html.erb (Duration: 0.0ms | Allocations: 15)
  Rendered microposts/index.html.erb (Duration: 1.7ms | Allocations: 672)
Completed 200 OK in 4ms (Views: 1.9ms | ActiveRecord: 0.2ms | Allocations: 1054)
  [1m[36mTRANSACTION (0.2ms)[0m  [1m[31mrollback transaction[0m
  [1m[36mActiveRecord::InternalMetadata Pluck (0.1ms)[0m  [1m[34mSELECT "ar_internal_metadata"."value" FROM "ar_internal_metadata" WHERE "ar_internal_metadata"."key" = ? LIMIT ?[0m  [["key", "schema_sha1"], ["LIMIT", 1]]
  [1m[36mActiveRecord::SchemaMigration Pluck (0.0ms)[0m  [1m[34mSELECT "schema_migrations"."version" FROM "schema_migrations" ORDER BY "schema_migrations"."version" ASC[0m
  [1m[35m (0.0ms)[0m  [1m[35mPRAGMA foreign_keys[0m
  [1m[35m (0.0ms)[0m  [1m[35mPRAGMA defer_foreign_keys[0m
  [1m[35m (0.0ms)[0m  [1m[35mPRAGMA defer_foreign_keys = ON[0m
  [1m[35m (0.0ms)[0m  [1m[35mPRAGMA foreign_keys = OFF[0m
  [1m[36mTRANSACTION (0.0ms)[0m  [1m[36mbegin transaction[0m
  [1m[36mFixtures Load (0.5ms)[0m  [1m[31mDELETE FROM "microposts";
DELETE FROM "users";
INSERT INTO "microposts" ("id", "content", "user_id", "created_at", "updated_at") VALUES (980190962, 'MyText', 1, '2023-05-20 07:40:58.977624', '2023-05-20 07:40:58.977624');
INSERT INTO "microposts" ("id", "content", "user_id", "created_at", "updated_at") VALUES (298486374, 'MyText', 1, '2023-05-20 07:40:58.977624', '2023-05-20 07:40:58.977624');
INSERT INTO "users" ("id", "name", "email", "created_at", "updated_at") VALUES (980190962, 'MyString', 'MyString', '2023-05-20 07:40:58.978879', '2023-05-20 07:40:58.978879');
INSERT INTO "users" ("id", "name", "email", "created_at", "updated_at") VALUES (298486374, 'MyString', 'MyString', '2023-05-20 07:40:58.978879', '2023-05-20 07:40:58.978879')[0m
  [1m[36mTRANSACTION (8.5ms)[0m  [1m[36mcommit transaction[0m
  [1m[35m (0.1ms)[0m  [1m[35mPRAGMA defer_foreign_keys = 0[0m
  [1m[35m (0.0ms)[0m  [1m[35mPRAGMA foreign_keys = 1[0m
  [1m[35m (0.0ms)[0m  [1m[35mPRAGMA foreign_key_check[0m
  [1m[36mTRANSACTION (0.0ms)[0m  [1m[36mbegin transaction[0m
----------------------------------------
UsersControllerTest: test_should_get_new
----------------------------------------
  [1m[36mUser Load (0.1ms)[0m  [1m[34mSELECT "users".* FROM "users" WHERE "users"."id" = ? LIMIT ?[0m  [["id", 980190962], ["LIMIT", 1]]
Started GET "/users/new" for 127.0.0.1 at 2023-05-20 13:10:59 +0530
Processing by UsersController#new as HTML
  Rendering users/new.html.erb
  Rendered users/_form.html.erb (Duration: 7.0ms | Allocations: 2980)
  Rendered users/new.html.erb (Duration: 8.8ms | Allocations: 3538)
Completed 200 OK in 24ms (Views: 15.3ms | ActiveRecord: 0.0ms | Allocations: 7232)
  [1m[36mTRANSACTION (0.0ms)[0m  [1m[31mrollback transaction[0m
  [1m[36mTRANSACTION (0.0ms)[0m  [1m[36mbegin transaction[0m
--------------------------------------------
UsersControllerTest: test_should_update_user
--------------------------------------------
  [1m[36mUser Load (0.1ms)[0m  [1m[34mSELECT "users".* FROM "users" WHERE "users"."id" = ? LIMIT ?[0m  [["id", 980190962], ["LIMIT", 1]]
Started PATCH "/users/980190962" for 127.0.0.1 at 2023-05-20 13:10:59 +0530
Processing by UsersController#update as HTML
  Parameters: {"user"=>{"email"=>"MyString", "name"=>"MyString"}, "id"=>"980190962"}
  [1m[36mUser Load (0.0ms)[0m  [1m[34mSELECT "users".* FROM "users" WHERE "users"."id" = ? LIMIT ?[0m  [["id", 980190962], ["LIMIT", 1]]
Redirected to http://www.example.com/users/980190962
Completed 302 Found in 3ms (ActiveRecord: 0.0ms | Allocations: 1499)
  [1m[36mTRANSACTION (0.0ms)[0m  [1m[31mrollback transaction[0m
  [1m[36mTRANSACTION (0.0ms)[0m  [1m[36mbegin transaction[0m
------------------------------------------
UsersControllerTest: test_should_get_index
------------------------------------------
  [1m[36mUser Load (0.0ms)[0m  [1m[34mSELECT "users".* FROM "users" WHERE "users"."id" = ? LIMIT ?[0m  [["id", 980190962], ["LIMIT", 1]]
Started GET "/users" for 127.0.0.1 at 2023-05-20 13:10:59 +0530
Processing by UsersController#index as HTML
  Rendering users/index.html.erb
  [1m[36mUser Load (0.1ms)[0m  [1m[34mSELECT "users".* FROM "users"[0m
  [1m[36mMicropost Load (0.1ms)[0m  [1m[34mSELECT "microposts".* FROM "microposts" WHERE "microposts"."user_id" = ?[0m  [["user_id", 298486374]]
  Rendered users/_user.html.erb (Duration: 5.8ms | Allocations: 1188)
  [1m[36mMicropost Load (0.0ms)[0m  [1m[34mSELECT "microposts".* FROM "microposts" WHERE "microposts"."user_id" = ?[0m  [["user_id", 980190962]]
  Rendered users/_user.html.erb (Duration: 0.6ms | Allocations: 200)
  Rendered users/index.html.erb (Duration: 14.9ms | Allocations: 3330)
Completed 200 OK in 16ms (Views: 15.1ms | ActiveRecord: 0.2ms | Allocations: 3715)
  [1m[36mTRANSACTION (0.0ms)[0m  [1m[31mrollback transaction[0m
  [1m[36mTRANSACTION (0.0ms)[0m  [1m[36mbegin transaction[0m
-----------------------------------------
UsersControllerTest: test_should_get_edit
-----------------------------------------
  [1m[36mUser Load (0.1ms)[0m  [1m[34mSELECT "users".* FROM "users" WHERE "users"."id" = ? LIMIT ?[0m  [["id", 980190962], ["LIMIT", 1]]
Started GET "/users/980190962/edit" for 127.0.0.1 at 2023-05-20 13:10:59 +0530
Processing by UsersController#edit as HTML
  Parameters: {"id"=>"980190962"}
  [1m[36mUser Load (0.0ms)[0m  [1m[34mSELECT "users".* FROM "users" WHERE "users"."id" = ? LIMIT ?[0m  [["id", 980190962], ["LIMIT", 1]]
  Rendering users/edit.html.erb
  Rendered users/_form.html.erb (Duration: 0.8ms | Allocations: 835)
  Rendered users/edit.html.erb (Duration: 1.6ms | Allocations: 1111)
Completed 200 OK in 3ms (Views: 1.8ms | ActiveRecord: 0.0ms | Allocations: 1562)
  [1m[36mTRANSACTION (0.0ms)[0m  [1m[31mrollback transaction[0m
  [1m[36mTRANSACTION (0.0ms)[0m  [1m[36mbegin transaction[0m
------------------------------------------
UsersControllerTest: test_should_show_user
------------------------------------------
  [1m[36mUser Load (0.1ms)[0m  [1m[34mSELECT "users".* FROM "users" WHERE "users"."id" = ? LIMIT ?[0m  [["id", 980190962], ["LIMIT", 1]]
Started GET "/users/980190962" for 127.0.0.1 at 2023-05-20 13:10:59 +0530
Processing by UsersController#show as HTML
  Parameters: {"id"=>"980190962"}
  [1m[36mUser Load (0.1ms)[0m  [1m[34mSELECT "users".* FROM "users" WHERE "users"."id" = ? LIMIT ?[0m  [["id", 980190962], ["LIMIT", 1]]
  Rendering users/show.html.erb
  [1m[36mMicropost Load (0.0ms)[0m  [1m[34mSELECT "microposts".* FROM "microposts" WHERE "microposts"."user_id" = ?[0m  [["user_id", 980190962]]
  Rendered users/_user.html.erb (Duration: 0.8ms | Allocations: 200)
  Rendered users/show.html.erb (Duration: 2.2ms | Allocations: 763)
Completed 200 OK in 4ms (Views: 2.4ms | ActiveRecord: 0.1ms | Allocations: 1238)
  [1m[36mTRANSACTION (0.0ms)[0m  [1m[31mrollback transaction[0m
  [1m[36mTRANSACTION (0.0ms)[0m  [1m[36mbegin transaction[0m
---------------------------------------------
UsersControllerTest: test_should_destroy_user
---------------------------------------------
  [1m[36mUser Load (0.1ms)[0m  [1m[34mSELECT "users".* FROM "users" WHERE "users"."id" = ? LIMIT ?[0m  [["id", 980190962], ["LIMIT", 1]]
  [1m[36mUser Count (0.1ms)[0m  [1m[34mSELECT COUNT(*) FROM "users"[0m
Started DELETE "/users/980190962" for 127.0.0.1 at 2023-05-20 13:10:59 +0530
Processing by UsersController#destroy as HTML
  Parameters: {"id"=>"980190962"}
  [1m[36mUser Load (0.0ms)[0m  [1m[34mSELECT "users".* FROM "users" WHERE "users"."id" = ? LIMIT ?[0m  [["id", 980190962], ["LIMIT", 1]]
  [1m[36mTRANSACTION (0.0ms)[0m  [1m[35mSAVEPOINT active_record_1[0m
  [1m[36mUser Destroy (1.7ms)[0m  [1m[31mDELETE FROM "users" WHERE "users"."id" = ?[0m  [["id", 980190962]]
  [1m[36mTRANSACTION (0.0ms)[0m  [1m[35mRELEASE SAVEPOINT active_record_1[0m
Redirected to http://www.example.com/users
Completed 302 Found in 4ms (ActiveRecord: 1.7ms | Allocations: 655)
  [1m[36mUser Count (0.0ms)[0m  [1m[34mSELECT COUNT(*) FROM "users"[0m
  [1m[36mTRANSACTION (0.2ms)[0m  [1m[31mrollback transaction[0m
  [1m[36mTRANSACTION (0.0ms)[0m  [1m[36mbegin transaction[0m
--------------------------------------------
UsersControllerTest: test_should_create_user
--------------------------------------------
  [1m[36mUser Load (0.1ms)[0m  [1m[34mSELECT "users".* FROM "users" WHERE "users"."id" = ? LIMIT ?[0m  [["id", 980190962], ["LIMIT", 1]]
  [1m[36mUser Count (0.0ms)[0m  [1m[34mSELECT COUNT(*) FROM "users"[0m
Started POST "/users" for 127.0.0.1 at 2023-05-20 13:10:59 +0530
Processing by UsersController#create as HTML
  Parameters: {"user"=>{"email"=>"MyString", "name"=>"MyString"}}
  [1m[36mTRANSACTION (0.0ms)[0m  [1m[35mSAVEPOINT active_record_1[0m
  [1m[36mUser Create (1.5ms)[0m  [1m[32mINSERT INTO "users" ("name", "email", "created_at", "updated_at") VALUES (?, ?, ?, ?)[0m  [["name", "MyString"], ["email", "MyString"], ["created_at", "2023-05-20 07:40:59.248188"], ["updated_at", "2023-05-20 07:40:59.248188"]]
  [1m[36mTRANSACTION (0.0ms)[0m  [1m[35mRELEASE SAVEPOINT active_record_1[0m
Redirected to http://www.example.com/users/980190963
Completed 302 Found in 5ms (ActiveRecord: 1.5ms | Allocations: 795)
  [1m[36mUser Count (0.1ms)[0m  [1m[34mSELECT COUNT(*) FROM "users"[0m
  [1m[36mUser Load (0.1ms)[0m  [1m[34mSELECT "users".* FROM "users" ORDER BY "users"."id" DESC LIMIT ?[0m  [["LIMIT", 1]]
  [1m[36mTRANSACTION (0.9ms)[0m  [1m[31mrollback transaction[0m
  [1m[36mTRANSACTION (0.0ms)[0m  [1m[36mbegin transaction[0m
-----------------------------------------------
StaticPagesControllerTest: test_should_get_help
-----------------------------------------------
Started GET "/static_pages/help" for 127.0.0.1 at 2023-05-20 13:10:59 +0530
Processing by StaticPagesController#help as HTML
  Rendering static_pages/help.html.erb
  Rendered static_pages/help.html.erb (Duration: 0.4ms | Allocations: 121)
Completed 200 OK in 3ms (Views: 2.4ms | ActiveRecord: 0.0ms | Allocations: 831)
  [1m[36mTRANSACTION (0.0ms)[0m  [1m[31mrollback transaction[0m
  [1m[36mTRANSACTION (0.0ms)[0m  [1m[36mbegin transaction[0m
-----------------------------------------------
StaticPagesControllerTest: test_should_get_home
-----------------------------------------------
Started GET "/static_pages/home" for 127.0.0.1 at 2023-05-20 13:10:59 +0530
Processing by StaticPagesController#home as HTML
  Rendering static_pages/home.html.erb
  Rendered static_pages/home.html.erb (Duration: 0.7ms | Allocations: 112)
Completed 200 OK in 3ms (Views: 1.1ms | ActiveRecord: 0.0ms | Allocations: 454)
  [1m[36mTRANSACTION (0.1ms)[0m  [1m[31mrollback transaction[0m
  [1m[36mTRANSACTION (0.0ms)[0m  [1m[36mbegin transaction[0m
------------------------------------------------
StaticPagesControllerTest: test_should_get_about
------------------------------------------------
Started GET "/static_pages/about" for 127.0.0.1 at 2023-05-20 13:10:59 +0530
Processing by StaticPagesController#about as HTML
  Rendering static_pages/about.html.erb
  Rendered static_pages/about.html.erb (Duration: 0.4ms | Allocations: 121)
Completed 200 OK in 2ms (Views: 0.7ms | ActiveRecord: 0.0ms | Allocations: 463)
  [1m[36mTRANSACTION (0.0ms)[0m  [1m[31mrollback transaction[0m
  [1m[36mTRANSACTION (0.0ms)[0m  [1m[36mbegin transaction[0m
----------------------------------------------
MicropostsControllerTest: test_should_get_edit
----------------------------------------------
  [1m[36mMicropost Load (0.1ms)[0m  [1m[34mSELECT "microposts".* FROM "microposts" WHERE "microposts"."id" = ? LIMIT ?[0m  [["id", 980190962], ["LIMIT", 1]]
Started GET "/microposts/980190962/edit" for 127.0.0.1 at 2023-05-20 13:10:59 +0530
Processing by MicropostsController#edit as HTML
  Parameters: {"id"=>"980190962"}
  [1m[36mMicropost Load (0.1ms)[0m  [1m[34mSELECT "microposts".* FROM "microposts" WHERE "microposts"."id" = ? LIMIT ?[0m  [["id", 980190962], ["LIMIT", 1]]
  Rendering microposts/edit.html.erb
  Rendered microposts/_form.html.erb (Duration: 10.1ms | Allocations: 1561)
  Rendered microposts/edit.html.erb (Duration: 11.8ms | Allocations: 1907)
Completed 200 OK in 19ms (Views: 15.8ms | ActiveRecord: 0.1ms | Allocations: 2838)
  [1m[36mTRANSACTION (0.0ms)[0m  [1m[31mrollback transaction[0m
  [1m[36mTRANSACTION (0.0ms)[0m  [1m[36mbegin transaction[0m
----------------------------------------------------
MicropostsControllerTest: test_should_show_micropost
----------------------------------------------------
  [1m[36mMicropost Load (0.1ms)[0m  [1m[34mSELECT "microposts".* FROM "microposts" WHERE "microposts"."id" = ? LIMIT ?[0m  [["id", 980190962], ["LIMIT", 1]]
Started GET "/microposts/980190962" for 127.0.0.1 at 2023-05-20 13:10:59 +0530
Processing by MicropostsController#show as HTML
  Parameters: {"id"=>"980190962"}
  [1m[36mMicropost Load (0.0ms)[0m  [1m[34mSELECT "microposts".* FROM "microposts" WHERE "microposts"."id" = ? LIMIT ?[0m  [["id", 980190962], ["LIMIT", 1]]
  Rendering microposts/show.html.erb
  Rendered microposts/_micropost.html.erb (Duration: 3.4ms | Allocations: 182)
  Rendered microposts/show.html.erb (Duration: 10.1ms | Allocations: 997)
Completed 200 OK in 13ms (Views: 11.4ms | ActiveRecord: 0.0ms | Allocations: 1472)
  [1m[36mTRANSACTION (0.0ms)[0m  [1m[31mrollback transaction[0m
  [1m[36mTRANSACTION (0.0ms)[0m  [1m[36mbegin transaction[0m
-----------------------------------------------
MicropostsControllerTest: test_should_get_index
-----------------------------------------------
  [1m[36mMicropost Load (0.1ms)[0m  [1m[34mSELECT "microposts".* FROM "microposts" WHERE "microposts"."id" = ? LIMIT ?[0m  [["id", 980190962], ["LIMIT", 1]]
Started GET "/microposts" for 127.0.0.1 at 2023-05-20 13:10:59 +0530
Processing by MicropostsController#index as HTML
  Rendering microposts/index.html.erb
  [1m[36mMicropost Load (0.2ms)[0m  [1m[34mSELECT "microposts".* FROM "microposts"[0m
  Rendered microposts/_micropost.html.erb (Duration: 0.1ms | Allocations: 16)
  Rendered microposts/_micropost.html.erb (Duration: 0.1ms | Allocations: 15)
  Rendered microposts/index.html.erb (Duration: 2.8ms | Allocations: 672)
Completed 200 OK in 5ms (Views: 3.1ms | ActiveRecord: 0.2ms | Allocations: 1054)
  [1m[36mTRANSACTION (0.2ms)[0m  [1m[31mrollback transaction[0m
  [1m[36mTRANSACTION (0.2ms)[0m  [1m[36mbegin transaction[0m
---------------------------------------------
MicropostsControllerTest: test_should_get_new
---------------------------------------------
  [1m[36mMicropost Load (0.1ms)[0m  [1m[34mSELECT "microposts".* FROM "microposts" WHERE "microposts"."id" = ? LIMIT ?[0m  [["id", 980190962], ["LIMIT", 1]]
Started GET "/microposts/new" for 127.0.0.1 at 2023-05-20 13:10:59 +0530
Processing by MicropostsController#new as HTML
  Rendering microposts/new.html.erb
  Rendered microposts/_form.html.erb (Duration: 0.9ms | Allocations: 739)
  Rendered microposts/new.html.erb (Duration: 2.0ms | Allocations: 951)
Completed 200 OK in 4ms (Views: 2.4ms | ActiveRecord: 0.0ms | Allocations: 1317)
  [1m[36mTRANSACTION (0.0ms)[0m  [1m[31mrollback transaction[0m
  [1m[36mTRANSACTION (0.0ms)[0m  [1m[36mbegin transaction[0m
-------------------------------------------------------
MicropostsControllerTest: test_should_destroy_micropost
-------------------------------------------------------
  [1m[36mMicropost Load (0.1ms)[0m  [1m[34mSELECT "microposts".* FROM "microposts" WHERE "microposts"."id" = ? LIMIT ?[0m  [["id", 980190962], ["LIMIT", 1]]
  [1m[36mMicropost Count (0.0ms)[0m  [1m[34mSELECT COUNT(*) FROM "microposts"[0m
Started DELETE "/microposts/980190962" for 127.0.0.1 at 2023-05-20 13:10:59 +0530
Processing by MicropostsController#destroy as HTML
  Parameters: {"id"=>"980190962"}
  [1m[36mMicropost Load (0.1ms)[0m  [1m[34mSELECT "microposts".* FROM "microposts" WHERE "microposts"."id" = ? LIMIT ?[0m  [["id", 980190962], ["LIMIT", 1]]
  [1m[36mTRANSACTION (0.1ms)[0m  [1m[35mSAVEPOINT active_record_1[0m
  [1m[36mMicropost Destroy (3.3ms)[0m  [1m[31mDELETE FROM "microposts" WHERE "microposts"."id" = ?[0m  [["id", 980190962]]
  [1m[36mTRANSACTION (0.2ms)[0m  [1m[35mRELEASE SAVEPOINT active_record_1[0m
Redirected to http://www.example.com/microposts
Completed 302 Found in 8ms (ActiveRecord: 3.7ms | Allocations: 615)
  [1m[36mMicropost Count (0.1ms)[0m  [1m[34mSELECT COUNT(*) FROM "microposts"[0m
  [1m[36mTRANSACTION (0.3ms)[0m  [1m[31mrollback transaction[0m
  [1m[36mTRANSACTION (0.0ms)[0m  [1m[36mbegin transaction[0m
------------------------------------------------------
MicropostsControllerTest: test_should_create_micropost
------------------------------------------------------
  [1m[36mMicropost Load (0.1ms)[0m  [1m[34mSELECT "microposts".* FROM "microposts" WHERE "microposts"."id" = ? LIMIT ?[0m  [["id", 980190962], ["LIMIT", 1]]
  [1m[36mMicropost Count (0.1ms)[0m  [1m[34mSELECT COUNT(*) FROM "microposts"[0m
Started POST "/microposts" for 127.0.0.1 at 2023-05-20 13:10:59 +0530
Processing by MicropostsController#create as HTML
  Parameters: {"micropost"=>{"content"=>"MyText", "user_id"=>"1"}}
  [1m[36mTRANSACTION (0.5ms)[0m  [1m[35mSAVEPOINT active_record_1[0m
  [1m[36mUser Load (0.0ms)[0m  [1m[34mSELECT "users".* FROM "users" WHERE "users"."id" = ? LIMIT ?[0m  [["id", 1], ["LIMIT", 1]]
  [1m[36mTRANSACTION (0.0ms)[0m  [1m[31mROLLBACK TO SAVEPOINT active_record_1[0m
  Rendering microposts/new.html.erb
  Rendered microposts/_form.html.erb (Duration: 2.1ms | Allocations: 1235)
  Rendered microposts/new.html.erb (Duration: 2.6ms | Allocations: 1301)
Completed 422 Unprocessable Entity in 10ms (Views: 3.5ms | ActiveRecord: 0.6ms | Allocations: 2946)
  [1m[36mMicropost Count (0.1ms)[0m  [1m[34mSELECT COUNT(*) FROM "microposts"[0m
  [1m[36mTRANSACTION (0.0ms)[0m  [1m[31mrollback transaction[0m
  [1m[36mActiveRecord::InternalMetadata Pluck (0.1ms)[0m  [1m[34mSELECT "ar_internal_metadata"."value" FROM "ar_internal_metadata" WHERE "ar_internal_metadata"."key" = ? LIMIT ?[0m  [["key", "schema_sha1"], ["LIMIT", 1]]
  [1m[36mActiveRecord::SchemaMigration Pluck (0.0ms)[0m  [1m[34mSELECT "schema_migrations"."version" FROM "schema_migrations" ORDER BY "schema_migrations"."version" ASC[0m
  [1m[35m (0.0ms)[0m  [1m[35mPRAGMA foreign_keys[0m
  [1m[35m (0.0ms)[0m  [1m[35mPRAGMA defer_foreign_keys[0m
  [1m[35m (0.0ms)[0m  [1m[35mPRAGMA defer_foreign_keys = ON[0m
  [1m[35m (0.0ms)[0m  [1m[35mPRAGMA foreign_keys = OFF[0m
  [1m[36mTRANSACTION (0.0ms)[0m  [1m[36mbegin transaction[0m
  [1m[36mFixtures Load (2.0ms)[0m  [1m[31mDELETE FROM "microposts";
DELETE FROM "users";
INSERT INTO "microposts" ("id", "content", "user_id", "created_at", "updated_at") VALUES (980190962, 'MyText', 1, '2023-05-20 07:41:30.311545', '2023-05-20 07:41:30.311545');
INSERT INTO "microposts" ("id", "content", "user_id", "created_at", "updated_at") VALUES (298486374, 'MyText', 1, '2023-05-20 07:41:30.311545', '2023-05-20 07:41:30.311545');
INSERT INTO "users" ("id", "name", "email", "created_at", "updated_at") VALUES (980190962, 'MyString', 'MyString', '2023-05-20 07:41:30.313256', '2023-05-20 07:41:30.313256');
INSERT INTO "users" ("id", "name", "email", "created_at", "updated_at") VALUES (298486374, 'MyString', 'MyString', '2023-05-20 07:41:30.313256', '2023-05-20 07:41:30.313256')[0m
  [1m[36mTRANSACTION (7.5ms)[0m  [1m[36mcommit transaction[0m
  [1m[35m (0.1ms)[0m  [1m[35mPRAGMA defer_foreign_keys = 0[0m
  [1m[35m (0.0ms)[0m  [1m[35mPRAGMA foreign_keys = 1[0m
  [1m[35m (0.0ms)[0m  [1m[35mPRAGMA foreign_key_check[0m
  [1m[36mTRANSACTION (0.0ms)[0m  [1m[36mbegin transaction[0m
------------------------------------------
UsersControllerTest: test_should_get_index
------------------------------------------
  [1m[36mUser Load (0.1ms)[0m  [1m[34mSELECT "users".* FROM "users" WHERE "users"."id" = ? LIMIT ?[0m  [["id", 980190962], ["LIMIT", 1]]
Started GET "/users" for 127.0.0.1 at 2023-05-20 13:11:30 +0530
Processing by UsersController#index as HTML
  Rendering users/index.html.erb
  [1m[36mUser Load (0.1ms)[0m  [1m[34mSELECT "users".* FROM "users"[0m
  [1m[36mMicropost Load (0.1ms)[0m  [1m[34mSELECT "microposts".* FROM "microposts" WHERE "microposts"."user_id" = ?[0m  [["user_id", 298486374]]
  Rendered users/_user.html.erb (Duration: 2.9ms | Allocations: 1295)
  [1m[36mMicropost Load (0.0ms)[0m  [1m[34mSELECT "microposts".* FROM "microposts" WHERE "microposts"."user_id" = ?[0m  [["user_id", 980190962]]
  Rendered users/_user.html.erb (Duration: 0.2ms | Allocations: 200)
  Rendered users/index.html.erb (Duration: 10.9ms | Allocations: 3998)
Completed 200 OK in 24ms (Views: 16.4ms | ActiveRecord: 0.2ms | Allocations: 7701)
  [1m[36mTRANSACTION (0.0ms)[0m  [1m[31mrollback transaction[0m
  [1m[36mTRANSACTION (0.0ms)[0m  [1m[36mbegin transaction[0m
--------------------------------------------
UsersControllerTest: test_should_update_user
--------------------------------------------
  [1m[36mUser Load (0.1ms)[0m  [1m[34mSELECT "users".* FROM "users" WHERE "users"."id" = ? LIMIT ?[0m  [["id", 980190962], ["LIMIT", 1]]
Started PATCH "/users/980190962" for 127.0.0.1 at 2023-05-20 13:11:30 +0530
Processing by UsersController#update as HTML
  Parameters: {"user"=>{"email"=>"MyString", "name"=>"MyString"}, "id"=>"980190962"}
  [1m[36mUser Load (0.0ms)[0m  [1m[34mSELECT "users".* FROM "users" WHERE "users"."id" = ? LIMIT ?[0m  [["id", 980190962], ["LIMIT", 1]]
Redirected to http://www.example.com/users/980190962
Completed 302 Found in 2ms (ActiveRecord: 0.0ms | Allocations: 1304)
  [1m[36mTRANSACTION (0.0ms)[0m  [1m[31mrollback transaction[0m
  [1m[36mTRANSACTION (0.0ms)[0m  [1m[36mbegin transaction[0m
----------------------------------------
UsersControllerTest: test_should_get_new
----------------------------------------
  [1m[36mUser Load (0.0ms)[0m  [1m[34mSELECT "users".* FROM "users" WHERE "users"."id" = ? LIMIT ?[0m  [["id", 980190962], ["LIMIT", 1]]
Started GET "/users/new" for 127.0.0.1 at 2023-05-20 13:11:30 +0530
Processing by UsersController#new as HTML
  Rendering users/new.html.erb
  Rendered users/_form.html.erb (Duration: 7.7ms | Allocations: 2808)
  Rendered users/new.html.erb (Duration: 8.6ms | Allocations: 3092)
Completed 200 OK in 10ms (Views: 8.8ms | ActiveRecord: 0.0ms | Allocations: 3481)
  [1m[36mTRANSACTION (0.0ms)[0m  [1m[31mrollback transaction[0m
  [1m[36mTRANSACTION (0.0ms)[0m  [1m[36mbegin transaction[0m
-----------------------------------------
UsersControllerTest: test_should_get_edit
-----------------------------------------
  [1m[36mUser Load (0.1ms)[0m  [1m[34mSELECT "users".* FROM "users" WHERE "users"."id" = ? LIMIT ?[0m  [["id", 980190962], ["LIMIT", 1]]
Started GET "/users/980190962/edit" for 127.0.0.1 at 2023-05-20 13:11:30 +0530
Processing by UsersController#edit as HTML
  Parameters: {"id"=>"980190962"}
  [1m[36mUser Load (0.2ms)[0m  [1m[34mSELECT "users".* FROM "users" WHERE "users"."id" = ? LIMIT ?[0m  [["id", 980190962], ["LIMIT", 1]]
  Rendering users/edit.html.erb
  Rendered users/_form.html.erb (Duration: 1.1ms | Allocations: 834)
  Rendered users/edit.html.erb (Duration: 2.6ms | Allocations: 1110)
Completed 200 OK in 6ms (Views: 2.9ms | ActiveRecord: 0.2ms | Allocations: 1561)
  [1m[36mTRANSACTION (0.0ms)[0m  [1m[31mrollback transaction[0m
  [1m[36mTRANSACTION (0.0ms)[0m  [1m[36mbegin transaction[0m
------------------------------------------
UsersControllerTest: test_should_show_user
------------------------------------------
  [1m[36mUser Load (0.1ms)[0m  [1m[34mSELECT "users".* FROM "users" WHERE "users"."id" = ? LIMIT ?[0m  [["id", 980190962], ["LIMIT", 1]]
Started GET "/users/980190962" for 127.0.0.1 at 2023-05-20 13:11:30 +0530
Processing by UsersController#show as HTML
  Parameters: {"id"=>"980190962"}
  [1m[36mUser Load (0.0ms)[0m  [1m[34mSELECT "users".* FROM "users" WHERE "users"."id" = ? LIMIT ?[0m  [["id", 980190962], ["LIMIT", 1]]
  Rendering users/show.html.erb
  [1m[36mMicropost Load (0.0ms)[0m  [1m[34mSELECT "microposts".* FROM "microposts" WHERE "microposts"."user_id" = ?[0m  [["user_id", 980190962]]
  Rendered users/_user.html.erb (Duration: 0.3ms | Allocations: 200)
  Rendered users/show.html.erb (Duration: 1.2ms | Allocations: 763)
Completed 200 OK in 3ms (Views: 1.4ms | ActiveRecord: 0.0ms | Allocations: 1238)
  [1m[36mTRANSACTION (0.0ms)[0m  [1m[31mrollback transaction[0m
  [1m[36mTRANSACTION (0.0ms)[0m  [1m[36mbegin transaction[0m
---------------------------------------------
UsersControllerTest: test_should_destroy_user
---------------------------------------------
  [1m[36mUser Load (0.1ms)[0m  [1m[34mSELECT "users".* FROM "users" WHERE "users"."id" = ? LIMIT ?[0m  [["id", 980190962], ["LIMIT", 1]]
  [1m[36mUser Count (0.1ms)[0m  [1m[34mSELECT COUNT(*) FROM "users"[0m
Started DELETE "/users/980190962" for 127.0.0.1 at 2023-05-20 13:11:30 +0530
Processing by UsersController#destroy as HTML
  Parameters: {"id"=>"980190962"}
  [1m[36mUser Load (0.0ms)[0m  [1m[34mSELECT "users".* FROM "users" WHERE "users"."id" = ? LIMIT ?[0m  [["id", 980190962], ["LIMIT", 1]]
  [1m[36mTRANSACTION (0.0ms)[0m  [1m[35mSAVEPOINT active_record_1[0m
  [1m[36mUser Destroy (1.9ms)[0m  [1m[31mDELETE FROM "users" WHERE "users"."id" = ?[0m  [["id", 980190962]]
  [1m[36mTRANSACTION (0.1ms)[0m  [1m[35mRELEASE SAVEPOINT active_record_1[0m
Redirected to http://www.example.com/users
Completed 302 Found in 4ms (ActiveRecord: 2.0ms | Allocations: 655)
  [1m[36mUser Count (0.1ms)[0m  [1m[34mSELECT COUNT(*) FROM "users"[0m
  [1m[36mTRANSACTION (0.2ms)[0m  [1m[31mrollback transaction[0m
  [1m[36mTRANSACTION (0.0ms)[0m  [1m[36mbegin transaction[0m
--------------------------------------------
UsersControllerTest: test_should_create_user
--------------------------------------------
  [1m[36mUser Load (0.1ms)[0m  [1m[34mSELECT "users".* FROM "users" WHERE "users"."id" = ? LIMIT ?[0m  [["id", 980190962], ["LIMIT", 1]]
  [1m[36mUser Count (0.1ms)[0m  [1m[34mSELECT COUNT(*) FROM "users"[0m
Started POST "/users" for 127.0.0.1 at 2023-05-20 13:11:30 +0530
Processing by UsersController#create as HTML
  Parameters: {"user"=>{"email"=>"MyString", "name"=>"MyString"}}
  [1m[36mTRANSACTION (0.0ms)[0m  [1m[35mSAVEPOINT active_record_1[0m
  [1m[36mUser Create (2.0ms)[0m  [1m[32mINSERT INTO "users" ("name", "email", "created_at", "updated_at") VALUES (?, ?, ?, ?)[0m  [["name", "MyString"], ["email", "MyString"], ["created_at", "2023-05-20 07:41:30.611313"], ["updated_at", "2023-05-20 07:41:30.611313"]]
  [1m[36mTRANSACTION (0.0ms)[0m  [1m[35mRELEASE SAVEPOINT active_record_1[0m
Redirected to http://www.example.com/users/980190963
Completed 302 Found in 4ms (ActiveRecord: 2.1ms | Allocations: 862)
  [1m[36mUser Count (0.1ms)[0m  [1m[34mSELECT COUNT(*) FROM "users"[0m
  [1m[36mUser Load (0.1ms)[0m  [1m[34mSELECT "users".* FROM "users" ORDER BY "users"."id" DESC LIMIT ?[0m  [["LIMIT", 1]]
  [1m[36mTRANSACTION (0.5ms)[0m  [1m[31mrollback transaction[0m
  [1m[36mTRANSACTION (0.1ms)[0m  [1m[36mbegin transaction[0m
-----------------------------------------------
StaticPagesControllerTest: test_should_get_home
-----------------------------------------------
Started GET "/static_pages/home" for 127.0.0.1 at 2023-05-20 13:11:30 +0530
Processing by StaticPagesController#home as HTML
  Rendering static_pages/home.html.erb
  Rendered static_pages/home.html.erb (Duration: 0.5ms | Allocations: 115)
Completed 200 OK in 4ms (Views: 2.7ms | ActiveRecord: 0.0ms | Allocations: 825)
  [1m[36mTRANSACTION (0.0ms)[0m  [1m[31mrollback transaction[0m
  [1m[36mTRANSACTION (0.0ms)[0m  [1m[36mbegin transaction[0m
-----------------------------------------------
StaticPagesControllerTest: test_should_get_help
-----------------------------------------------
Started GET "/static_pages/help" for 127.0.0.1 at 2023-05-20 13:11:30 +0530
Processing by StaticPagesController#help as HTML
  Rendering static_pages/help.html.erb
  Rendered static_pages/help.html.erb (Duration: 0.9ms | Allocations: 118)
Completed 200 OK in 4ms (Views: 1.8ms | ActiveRecord: 0.0ms | Allocations: 460)
  [1m[36mTRANSACTION (0.0ms)[0m  [1m[31mrollback transaction[0m
  [1m[36mTRANSACTION (0.1ms)[0m  [1m[36mbegin transaction[0m
------------------------------------------------
StaticPagesControllerTest: test_should_get_about
------------------------------------------------
Started GET "/static_pages/about" for 127.0.0.1 at 2023-05-20 13:11:30 +0530
Processing by StaticPagesController#about as HTML
  Rendering static_pages/about.html.erb
  Rendered static_pages/about.html.erb (Duration: 0.6ms | Allocations: 121)
Completed 200 OK in 2ms (Views: 0.9ms | ActiveRecord: 0.0ms | Allocations: 463)
  [1m[36mTRANSACTION (0.0ms)[0m  [1m[31mrollback transaction[0m
  [1m[36mTRANSACTION (0.0ms)[0m  [1m[36mbegin transaction[0m
-----------------------------------------------
MicropostsControllerTest: test_should_get_index
-----------------------------------------------
  [1m[36mMicropost Load (0.1ms)[0m  [1m[34mSELECT "microposts".* FROM "microposts" WHERE "microposts"."id" = ? LIMIT ?[0m  [["id", 980190962], ["LIMIT", 1]]
Started GET "/microposts" for 127.0.0.1 at 2023-05-20 13:11:30 +0530
Processing by MicropostsController#index as HTML
  Rendering microposts/index.html.erb
  [1m[36mMicropost Load (0.1ms)[0m  [1m[34mSELECT "microposts".* FROM "microposts"[0m
  Rendered microposts/_micropost.html.erb (Duration: 0.5ms | Allocations: 195)
  Rendered microposts/_micropost.html.erb (Duration: 0.0ms | Allocations: 15)
  Rendered microposts/index.html.erb (Duration: 3.8ms | Allocations: 1183)
Completed 200 OK in 8ms (Views: 6.3ms | ActiveRecord: 0.1ms | Allocations: 1945)
  [1m[36mTRANSACTION (0.0ms)[0m  [1m[31mrollback transaction[0m
  [1m[36mTRANSACTION (0.0ms)[0m  [1m[36mbegin transaction[0m
----------------------------------------------------
MicropostsControllerTest: test_should_show_micropost
----------------------------------------------------
  [1m[36mMicropost Load (0.1ms)[0m  [1m[34mSELECT "microposts".* FROM "microposts" WHERE "microposts"."id" = ? LIMIT ?[0m  [["id", 980190962], ["LIMIT", 1]]
Started GET "/microposts/980190962" for 127.0.0.1 at 2023-05-20 13:11:30 +0530
Processing by MicropostsController#show as HTML
  Parameters: {"id"=>"980190962"}
  [1m[36mMicropost Load (0.1ms)[0m  [1m[34mSELECT "microposts".* FROM "microposts" WHERE "microposts"."id" = ? LIMIT ?[0m  [["id", 980190962], ["LIMIT", 1]]
  Rendering microposts/show.html.erb
  Rendered microposts/_micropost.html.erb (Duration: 0.1ms | Allocations: 16)
  Rendered microposts/show.html.erb (Duration: 1.4ms | Allocations: 547)
Completed 200 OK in 6ms (Views: 1.8ms | ActiveRecord: 0.1ms | Allocations: 1122)
  [1m[36mTRANSACTION (0.0ms)[0m  [1m[31mrollback transaction[0m
  [1m[36mTRANSACTION (0.0ms)[0m  [1m[36mbegin transaction[0m
---------------------------------------------
MicropostsControllerTest: test_should_get_new
---------------------------------------------
  [1m[36mMicropost Load (0.1ms)[0m  [1m[34mSELECT "microposts".* FROM "microposts" WHERE "microposts"."id" = ? LIMIT ?[0m  [["id", 980190962], ["LIMIT", 1]]
Started GET "/microposts/new" for 127.0.0.1 at 2023-05-20 13:11:30 +0530
Processing by MicropostsController#new as HTML
  Rendering microposts/new.html.erb
  Rendered microposts/_form.html.erb (Duration: 3.2ms | Allocations: 1452)
  Rendered microposts/new.html.erb (Duration: 4.7ms | Allocations: 1723)
Completed 200 OK in 6ms (Views: 4.9ms | ActiveRecord: 0.0ms | Allocations: 2089)
  [1m[36mTRANSACTION (0.0ms)[0m  [1m[31mrollback transaction[0m
  [1m[36mTRANSACTION (0.0ms)[0m  [1m[36mbegin transaction[0m
----------------------------------------------
MicropostsControllerTest: test_should_get_edit
----------------------------------------------
  [1m[36mMicropost Load (0.1ms)[0m  [1m[34mSELECT "microposts".* FROM "microposts" WHERE "microposts"."id" = ? LIMIT ?[0m  [["id", 980190962], ["LIMIT", 1]]
Started GET "/microposts/980190962/edit" for 127.0.0.1 at 2023-05-20 13:11:30 +0530
Processing by MicropostsController#edit as HTML
  Parameters: {"id"=>"980190962"}
  [1m[36mMicropost Load (0.1ms)[0m  [1m[34mSELECT "microposts".* FROM "microposts" WHERE "microposts"."id" = ? LIMIT ?[0m  [["id", 980190962], ["LIMIT", 1]]
  Rendering microposts/edit.html.erb
  Rendered microposts/_form.html.erb (Duration: 0.9ms | Allocations: 809)
  Rendered microposts/edit.html.erb (Duration: 1.9ms | Allocations: 1075)
Completed 200 OK in 4ms (Views: 2.2ms | ActiveRecord: 0.1ms | Allocations: 1525)
  [1m[36mTRANSACTION (0.1ms)[0m  [1m[31mrollback transaction[0m
  [1m[36mTRANSACTION (0.0ms)[0m  [1m[36mbegin transaction[0m
-------------------------------------------------------
MicropostsControllerTest: test_should_destroy_micropost
-------------------------------------------------------
  [1m[36mMicropost Load (0.1ms)[0m  [1m[34mSELECT "microposts".* FROM "microposts" WHERE "microposts"."id" = ? LIMIT ?[0m  [["id", 980190962], ["LIMIT", 1]]
  [1m[36mMicropost Count (0.1ms)[0m  [1m[34mSELECT COUNT(*) FROM "microposts"[0m
Started DELETE "/microposts/980190962" for 127.0.0.1 at 2023-05-20 13:11:30 +0530
Processing by MicropostsController#destroy as HTML
  Parameters: {"id"=>"980190962"}
  [1m[36mMicropost Load (0.0ms)[0m  [1m[34mSELECT "microposts".* FROM "microposts" WHERE "microposts"."id" = ? LIMIT ?[0m  [["id", 980190962], ["LIMIT", 1]]
  [1m[36mTRANSACTION (0.0ms)[0m  [1m[35mSAVEPOINT active_record_1[0m
  [1m[36mMicropost Destroy (1.8ms)[0m  [1m[31mDELETE FROM "microposts" WHERE "microposts"."id" = ?[0m  [["id", 980190962]]
  [1m[36mTRANSACTION (0.0ms)[0m  [1m[35mRELEASE SAVEPOINT active_record_1[0m
Redirected to http://www.example.com/microposts
Completed 302 Found in 4ms (ActiveRecord: 1.9ms | Allocations: 615)
  [1m[36mMicropost Count (0.0ms)[0m  [1m[34mSELECT COUNT(*) FROM "microposts"[0m
  [1m[36mTRANSACTION (0.2ms)[0m  [1m[31mrollback transaction[0m
  [1m[36mActiveRecord::InternalMetadata Pluck (0.1ms)[0m  [1m[34mSELECT "ar_internal_metadata"."value" FROM "ar_internal_metadata" WHERE "ar_internal_metadata"."key" = ? LIMIT ?[0m  [["key", "schema_sha1"], ["LIMIT", 1]]
  [1m[36mActiveRecord::SchemaMigration Pluck (0.1ms)[0m  [1m[34mSELECT "schema_migrations"."version" FROM "schema_migrations" ORDER BY "schema_migrations"."version" ASC[0m
  [1m[35m (0.0ms)[0m  [1m[35mPRAGMA foreign_keys[0m
  [1m[35m (0.0ms)[0m  [1m[35mPRAGMA defer_foreign_keys[0m
  [1m[35m (0.0ms)[0m  [1m[35mPRAGMA defer_foreign_keys = ON[0m
  [1m[35m (0.0ms)[0m  [1m[35mPRAGMA foreign_keys = OFF[0m
  [1m[36mTRANSACTION (0.0ms)[0m  [1m[36mbegin transaction[0m
  [1m[36mFixtures Load (0.7ms)[0m  [1m[31mDELETE FROM "microposts";
DELETE FROM "users";
INSERT INTO "microposts" ("id", "content", "user_id", "created_at", "updated_at") VALUES (980190962, 'MyText', 1, '2023-05-20 07:43:06.644966', '2023-05-20 07:43:06.644966');
INSERT INTO "microposts" ("id", "content", "user_id", "created_at", "updated_at") VALUES (298486374, 'MyText', 1, '2023-05-20 07:43:06.644966', '2023-05-20 07:43:06.644966');
INSERT INTO "users" ("id", "name", "email", "created_at", "updated_at") VALUES (980190962, 'MyString', 'MyString', '2023-05-20 07:43:06.645838', '2023-05-20 07:43:06.645838');
INSERT INTO "users" ("id", "name", "email", "created_at", "updated_at") VALUES (298486374, 'MyString', 'MyString', '2023-05-20 07:43:06.645838', '2023-05-20 07:43:06.645838')[0m
  [1m[36mTRANSACTION (7.4ms)[0m  [1m[36mcommit transaction[0m
  [1m[35m (0.1ms)[0m  [1m[35mPRAGMA defer_foreign_keys = 0[0m
  [1m[35m (0.0ms)[0m  [1m[35mPRAGMA foreign_keys = 1[0m
  [1m[35m (0.0ms)[0m  [1m[35mPRAGMA foreign_key_check[0m
  [1m[36mTRANSACTION (0.0ms)[0m  [1m[36mbegin transaction[0m
--------------------------------------------
UsersControllerTest: test_should_update_user
--------------------------------------------
  [1m[36mUser Load (0.2ms)[0m  [1m[34mSELECT "users".* FROM "users" WHERE "users"."id" = ? LIMIT ?[0m  [["id", 980190962], ["LIMIT", 1]]
Started PATCH "/users/980190962" for 127.0.0.1 at 2023-05-20 13:13:06 +0530
Processing by UsersController#update as HTML
  Parameters: {"user"=>{"email"=>"MyString", "name"=>"MyString"}, "id"=>"980190962"}
  [1m[36mUser Load (0.0ms)[0m  [1m[34mSELECT "users".* FROM "users" WHERE "users"."id" = ? LIMIT ?[0m  [["id", 980190962], ["LIMIT", 1]]
Redirected to http://www.example.com/users/980190962
Completed 302 Found in 11ms (ActiveRecord: 0.0ms | Allocations: 2988)
  [1m[36mTRANSACTION (0.0ms)[0m  [1m[31mrollback transaction[0m
  [1m[36mTRANSACTION (0.1ms)[0m  [1m[36mbegin transaction[0m
------------------------------------------
UsersControllerTest: test_should_get_index
------------------------------------------
  [1m[36mUser Load (0.1ms)[0m  [1m[34mSELECT "users".* FROM "users" WHERE "users"."id" = ? LIMIT ?[0m  [["id", 980190962], ["LIMIT", 1]]
Started GET "/users" for 127.0.0.1 at 2023-05-20 13:13:06 +0530
Processing by UsersController#index as HTML
  Rendering users/index.html.erb
  [1m[36mUser Load (0.1ms)[0m  [1m[34mSELECT "users".* FROM "users"[0m
  [1m[36mMicropost Load (0.1ms)[0m  [1m[34mSELECT "microposts".* FROM "microposts" WHERE "microposts"."user_id" = ?[0m  [["user_id", 298486374]]
  Rendered users/_user.html.erb (Duration: 6.3ms | Allocations: 1212)
  [1m[36mMicropost Load (0.1ms)[0m  [1m[34mSELECT "microposts".* FROM "microposts" WHERE "microposts"."user_id" = ?[0m  [["user_id", 980190962]]
  Rendered users/_user.html.erb (Duration: 0.8ms | Allocations: 200)
  Rendered users/index.html.erb (Duration: 21.7ms | Allocations: 3687)
Completed 200 OK in 36ms (Views: 29.9ms | ActiveRecord: 0.3ms | Allocations: 5987)
  [1m[36mTRANSACTION (0.1ms)[0m  [1m[31mrollback transaction[0m
  [1m[36mTRANSACTION (0.0ms)[0m  [1m[36mbegin transaction[0m
-----------------------------------------
UsersControllerTest: test_should_get_edit
-----------------------------------------
  [1m[36mUser Load (0.1ms)[0m  [1m[34mSELECT "users".* FROM "users" WHERE "users"."id" = ? LIMIT ?[0m  [["id", 980190962], ["LIMIT", 1]]
Started GET "/users/980190962/edit" for 127.0.0.1 at 2023-05-20 13:13:06 +0530
Processing by UsersController#edit as HTML
  Parameters: {"id"=>"980190962"}
  [1m[36mUser Load (0.0ms)[0m  [1m[34mSELECT "users".* FROM "users" WHERE "users"."id" = ? LIMIT ?[0m  [["id", 980190962], ["LIMIT", 1]]
  Rendering users/edit.html.erb
  Rendered users/_form.html.erb (Duration: 8.9ms | Allocations: 2883)
  Rendered users/edit.html.erb (Duration: 10.4ms | Allocations: 3222)
Completed 200 OK in 13ms (Views: 10.6ms | ActiveRecord: 0.0ms | Allocations: 3676)
  [1m[36mTRANSACTION (0.0ms)[0m  [1m[31mrollback transaction[0m
  [1m[36mTRANSACTION (0.0ms)[0m  [1m[36mbegin transaction[0m
---------------------------------------------
UsersControllerTest: test_should_destroy_user
---------------------------------------------
  [1m[36mUser Load (0.1ms)[0m  [1m[34mSELECT "users".* FROM "users" WHERE "users"."id" = ? LIMIT ?[0m  [["id", 980190962], ["LIMIT", 1]]
  [1m[36mUser Count (0.0ms)[0m  [1m[34mSELECT COUNT(*) FROM "users"[0m
Started DELETE "/users/980190962" for 127.0.0.1 at 2023-05-20 13:13:06 +0530
Processing by UsersController#destroy as HTML
  Parameters: {"id"=>"980190962"}
  [1m[36mUser Load (0.0ms)[0m  [1m[34mSELECT "users".* FROM "users" WHERE "users"."id" = ? LIMIT ?[0m  [["id", 980190962], ["LIMIT", 1]]
  [1m[36mTRANSACTION (0.0ms)[0m  [1m[35mSAVEPOINT active_record_1[0m
  [1m[36mUser Destroy (0.5ms)[0m  [1m[31mDELETE FROM "users" WHERE "users"."id" = ?[0m  [["id", 980190962]]
  [1m[36mTRANSACTION (0.0ms)[0m  [1m[35mRELEASE SAVEPOINT active_record_1[0m
Redirected to http://www.example.com/users
Completed 302 Found in 2ms (ActiveRecord: 0.5ms | Allocations: 660)
  [1m[36mUser Count (0.0ms)[0m  [1m[34mSELECT COUNT(*) FROM "users"[0m
  [1m[36mTRANSACTION (0.2ms)[0m  [1m[31mrollback transaction[0m
  [1m[36mTRANSACTION (0.1ms)[0m  [1m[36mbegin transaction[0m
----------------------------------------
UsersControllerTest: test_should_get_new
----------------------------------------
  [1m[36mUser Load (0.3ms)[0m  [1m[34mSELECT "users".* FROM "users" WHERE "users"."id" = ? LIMIT ?[0m  [["id", 980190962], ["LIMIT", 1]]
Started GET "/users/new" for 127.0.0.1 at 2023-05-20 13:13:06 +0530
Processing by UsersController#new as HTML
  Rendering users/new.html.erb
  Rendered users/_form.html.erb (Duration: 0.8ms | Allocations: 757)
  Rendered users/new.html.erb (Duration: 1.6ms | Allocations: 979)
Completed 200 OK in 3ms (Views: 2.0ms | ActiveRecord: 0.0ms | Allocations: 1364)
  [1m[36mTRANSACTION (0.0ms)[0m  [1m[31mrollback transaction[0m
  [1m[36mTRANSACTION (0.0ms)[0m  [1m[36mbegin transaction[0m
------------------------------------------
UsersControllerTest: test_should_show_user
------------------------------------------
  [1m[36mUser Load (0.1ms)[0m  [1m[34mSELECT "users".* FROM "users" WHERE "users"."id" = ? LIMIT ?[0m  [["id", 980190962], ["LIMIT", 1]]
Started GET "/users/980190962" for 127.0.0.1 at 2023-05-20 13:13:06 +0530
Processing by UsersController#show as HTML
  Parameters: {"id"=>"980190962"}
  [1m[36mUser Load (0.0ms)[0m  [1m[34mSELECT "users".* FROM "users" WHERE "users"."id" = ? LIMIT ?[0m  [["id", 980190962], ["LIMIT", 1]]
  Rendering users/show.html.erb
  [1m[36mMicropost Load (0.0ms)[0m  [1m[34mSELECT "microposts".* FROM "microposts" WHERE "microposts"."user_id" = ?[0m  [["user_id", 980190962]]
  Rendered users/_user.html.erb (Duration: 0.4ms | Allocations: 200)
  Rendered users/show.html.erb (Duration: 1.3ms | Allocations: 762)
Completed 200 OK in 3ms (Views: 1.5ms | ActiveRecord: 0.0ms | Allocations: 1237)
  [1m[36mTRANSACTION (0.0ms)[0m  [1m[31mrollback transaction[0m
  [1m[36mTRANSACTION (0.0ms)[0m  [1m[36mbegin transaction[0m
--------------------------------------------
UsersControllerTest: test_should_create_user
--------------------------------------------
  [1m[36mUser Load (0.1ms)[0m  [1m[34mSELECT "users".* FROM "users" WHERE "users"."id" = ? LIMIT ?[0m  [["id", 980190962], ["LIMIT", 1]]
  [1m[36mUser Count (0.0ms)[0m  [1m[34mSELECT COUNT(*) FROM "users"[0m
Started POST "/users" for 127.0.0.1 at 2023-05-20 13:13:07 +0530
Processing by UsersController#create as HTML
  Parameters: {"user"=>{"email"=>"MyString", "name"=>"MyString"}}
  [1m[36mTRANSACTION (0.1ms)[0m  [1m[35mSAVEPOINT active_record_1[0m
  [1m[36mUser Create (1.1ms)[0m  [1m[32mINSERT INTO "users" ("name", "email", "created_at", "updated_at") VALUES (?, ?, ?, ?)[0m  [["name", "MyString"], ["email", "MyString"], ["created_at", "2023-05-20 07:43:07.005294"], ["updated_at", "2023-05-20 07:43:07.005294"]]
  [1m[36mTRANSACTION (0.1ms)[0m  [1m[35mRELEASE SAVEPOINT active_record_1[0m
Redirected to http://www.example.com/users/980190963
Completed 302 Found in 4ms (ActiveRecord: 1.2ms | Allocations: 862)
  [1m[36mUser Count (0.1ms)[0m  [1m[34mSELECT COUNT(*) FROM "users"[0m
  [1m[36mUser Load (0.1ms)[0m  [1m[34mSELECT "users".* FROM "users" ORDER BY "users"."id" DESC LIMIT ?[0m  [["LIMIT", 1]]
  [1m[36mTRANSACTION (0.4ms)[0m  [1m[31mrollback transaction[0m
  [1m[36mTRANSACTION (0.0ms)[0m  [1m[36mbegin transaction[0m
-----------------------------------------------
StaticPagesControllerTest: test_should_get_home
-----------------------------------------------
Started GET "/static_pages/home" for 127.0.0.1 at 2023-05-20 13:13:07 +0530
Processing by StaticPagesController#home as HTML
  Rendering static_pages/home.html.erb
  Rendered static_pages/home.html.erb (Duration: 0.5ms | Allocations: 115)
Completed 200 OK in 4ms (Views: 2.6ms | ActiveRecord: 0.0ms | Allocations: 825)
  [1m[36mTRANSACTION (0.0ms)[0m  [1m[31mrollback transaction[0m
  [1m[36mTRANSACTION (0.0ms)[0m  [1m[36mbegin transaction[0m
-----------------------------------------------
StaticPagesControllerTest: test_should_get_help
-----------------------------------------------
Started GET "/static_pages/help" for 127.0.0.1 at 2023-05-20 13:13:07 +0530
Processing by StaticPagesController#help as HTML
  Rendering static_pages/help.html.erb
  Rendered static_pages/help.html.erb (Duration: 0.7ms | Allocations: 118)
Completed 200 OK in 2ms (Views: 1.1ms | ActiveRecord: 0.0ms | Allocations: 460)
  [1m[36mTRANSACTION (0.1ms)[0m  [1m[31mrollback transaction[0m
  [1m[36mTRANSACTION (0.0ms)[0m  [1m[36mbegin transaction[0m
------------------------------------------------
StaticPagesControllerTest: test_should_get_about
------------------------------------------------
Started GET "/static_pages/about" for 127.0.0.1 at 2023-05-20 13:13:07 +0530
Processing by StaticPagesController#about as HTML
  Rendering static_pages/about.html.erb
  Rendered static_pages/about.html.erb (Duration: 0.6ms | Allocations: 121)
Completed 200 OK in 2ms (Views: 0.9ms | ActiveRecord: 0.0ms | Allocations: 463)
  [1m[36mTRANSACTION (0.1ms)[0m  [1m[31mrollback transaction[0m
  [1m[36mTRANSACTION (0.1ms)[0m  [1m[36mbegin transaction[0m
-----------------------------------------------
MicropostsControllerTest: test_should_get_index
-----------------------------------------------
  [1m[36mMicropost Load (0.2ms)[0m  [1m[34mSELECT "microposts".* FROM "microposts" WHERE "microposts"."id" = ? LIMIT ?[0m  [["id", 980190962], ["LIMIT", 1]]
Started GET "/microposts" for 127.0.0.1 at 2023-05-20 13:13:07 +0530
Processing by MicropostsController#index as HTML
  Rendering microposts/index.html.erb
  [1m[36mMicropost Load (0.1ms)[0m  [1m[34mSELECT "microposts".* FROM "microposts"[0m
  Rendered microposts/_micropost.html.erb (Duration: 0.7ms | Allocations: 195)
  Rendered microposts/_micropost.html.erb (Duration: 0.1ms | Allocations: 15)
  Rendered microposts/index.html.erb (Duration: 3.8ms | Allocations: 1183)
Completed 200 OK in 7ms (Views: 5.7ms | ActiveRecord: 0.1ms | Allocations: 1945)
  [1m[36mTRANSACTION (0.0ms)[0m  [1m[31mrollback transaction[0m
  [1m[36mTRANSACTION (0.0ms)[0m  [1m[36mbegin transaction[0m
---------------------------------------------
MicropostsControllerTest: test_should_get_new
---------------------------------------------
  [1m[36mMicropost Load (0.1ms)[0m  [1m[34mSELECT "microposts".* FROM "microposts" WHERE "microposts"."id" = ? LIMIT ?[0m  [["id", 980190962], ["LIMIT", 1]]
Started GET "/microposts/new" for 127.0.0.1 at 2023-05-20 13:13:07 +0530
Processing by MicropostsController#new as HTML
  Rendering microposts/new.html.erb
  Rendered microposts/_form.html.erb (Duration: 5.2ms | Allocations: 1456)
  Rendered microposts/new.html.erb (Duration: 6.2ms | Allocations: 1730)
Completed 200 OK in 9ms (Views: 6.5ms | ActiveRecord: 0.0ms | Allocations: 2096)
  [1m[36mTRANSACTION (0.0ms)[0m  [1m[31mrollback transaction[0m
  [1m[36mTRANSACTION (0.0ms)[0m  [1m[36mbegin transaction[0m
----------------------------------------------------
MicropostsControllerTest: test_should_show_micropost
----------------------------------------------------
  [1m[36mMicropost Load (0.1ms)[0m  [1m[34mSELECT "microposts".* FROM "microposts" WHERE "microposts"."id" = ? LIMIT ?[0m  [["id", 980190962], ["LIMIT", 1]]
Started GET "/microposts/980190962" for 127.0.0.1 at 2023-05-20 13:13:07 +0530
Processing by MicropostsController#show as HTML
  Parameters: {"id"=>"980190962"}
  [1m[36mMicropost Load (0.0ms)[0m  [1m[34mSELECT "microposts".* FROM "microposts" WHERE "microposts"."id" = ? LIMIT ?[0m  [["id", 980190962], ["LIMIT", 1]]
  Rendering microposts/show.html.erb
  Rendered microposts/_micropost.html.erb (Duration: 0.0ms | Allocations: 16)
  Rendered microposts/show.html.erb (Duration: 1.1ms | Allocations: 541)
Completed 200 OK in 3ms (Views: 1.3ms | ActiveRecord: 0.0ms | Allocations: 1116)
  [1m[36mTRANSACTION (0.0ms)[0m  [1m[31mrollback transaction[0m
  [1m[36mTRANSACTION (0.0ms)[0m  [1m[36mbegin transaction[0m
----------------------------------------------
MicropostsControllerTest: test_should_get_edit
----------------------------------------------
  [1m[36mMicropost Load (0.1ms)[0m  [1m[34mSELECT "microposts".* FROM "microposts" WHERE "microposts"."id" = ? LIMIT ?[0m  [["id", 980190962], ["LIMIT", 1]]
Started GET "/microposts/980190962/edit" for 127.0.0.1 at 2023-05-20 13:13:07 +0530
Processing by MicropostsController#edit as HTML
  Parameters: {"id"=>"980190962"}
  [1m[36mMicropost Load (0.1ms)[0m  [1m[34mSELECT "microposts".* FROM "microposts" WHERE "microposts"."id" = ? LIMIT ?[0m  [["id", 980190962], ["LIMIT", 1]]
  Rendering microposts/edit.html.erb
  Rendered microposts/_form.html.erb (Duration: 0.8ms | Allocations: 809)
  Rendered microposts/edit.html.erb (Duration: 1.5ms | Allocations: 1075)
Completed 200 OK in 4ms (Views: 1.7ms | ActiveRecord: 0.1ms | Allocations: 1525)
  [1m[36mTRANSACTION (0.0ms)[0m  [1m[31mrollback transaction[0m
  [1m[36mTRANSACTION (0.0ms)[0m  [1m[36mbegin transaction[0m
-------------------------------------------------------
MicropostsControllerTest: test_should_destroy_micropost
-------------------------------------------------------
  [1m[36mMicropost Load (0.1ms)[0m  [1m[34mSELECT "microposts".* FROM "microposts" WHERE "microposts"."id" = ? LIMIT ?[0m  [["id", 980190962], ["LIMIT", 1]]
  [1m[36mMicropost Count (0.0ms)[0m  [1m[34mSELECT COUNT(*) FROM "microposts"[0m
Started DELETE "/microposts/980190962" for 127.0.0.1 at 2023-05-20 13:13:07 +0530
Processing by MicropostsController#destroy as HTML
  Parameters: {"id"=>"980190962"}
  [1m[36mMicropost Load (0.0ms)[0m  [1m[34mSELECT "microposts".* FROM "microposts" WHERE "microposts"."id" = ? LIMIT ?[0m  [["id", 980190962], ["LIMIT", 1]]
  [1m[36mTRANSACTION (0.0ms)[0m  [1m[35mSAVEPOINT active_record_1[0m
  [1m[36mMicropost Destroy (0.5ms)[0m  [1m[31mDELETE FROM "microposts" WHERE "microposts"."id" = ?[0m  [["id", 980190962]]
  [1m[36mTRANSACTION (0.0ms)[0m  [1m[35mRELEASE SAVEPOINT active_record_1[0m
Redirected to http://www.example.com/microposts
Completed 302 Found in 2ms (ActiveRecord: 0.6ms | Allocations: 615)
  [1m[36mMicropost Count (0.0ms)[0m  [1m[34mSELECT COUNT(*) FROM "microposts"[0m
  [1m[36mTRANSACTION (0.2ms)[0m  [1m[31mrollback transaction[0m
  [1m[36mActiveRecord::InternalMetadata Pluck (0.1ms)[0m  [1m[34mSELECT "ar_internal_metadata"."value" FROM "ar_internal_metadata" WHERE "ar_internal_metadata"."key" = ? LIMIT ?[0m  [["key", "schema_sha1"], ["LIMIT", 1]]
  [1m[36mActiveRecord::SchemaMigration Pluck (0.0ms)[0m  [1m[34mSELECT "schema_migrations"."version" FROM "schema_migrations" ORDER BY "schema_migrations"."version" ASC[0m
  [1m[35m (0.1ms)[0m  [1m[35mPRAGMA foreign_keys[0m
  [1m[35m (0.0ms)[0m  [1m[35mPRAGMA defer_foreign_keys[0m
  [1m[35m (0.0ms)[0m  [1m[35mPRAGMA defer_foreign_keys = ON[0m
  [1m[35m (0.0ms)[0m  [1m[35mPRAGMA foreign_keys = OFF[0m
  [1m[36mTRANSACTION (0.0ms)[0m  [1m[36mbegin transaction[0m
  [1m[36mFixtures Load (1.6ms)[0m  [1m[31mDELETE FROM "microposts";
DELETE FROM "users";
INSERT INTO "microposts" ("id", "content", "user_id", "created_at", "updated_at") VALUES (980190962, 'MyText', 1, '2023-05-20 07:46:35.115068', '2023-05-20 07:46:35.115068');
INSERT INTO "microposts" ("id", "content", "user_id", "created_at", "updated_at") VALUES (298486374, 'MyText', 1, '2023-05-20 07:46:35.115068', '2023-05-20 07:46:35.115068');
INSERT INTO "users" ("id", "name", "email", "created_at", "updated_at") VALUES (980190962, 'MyString', 'MyString', '2023-05-20 07:46:35.116681', '2023-05-20 07:46:35.116681');
INSERT INTO "users" ("id", "name", "email", "created_at", "updated_at") VALUES (298486374, 'MyString', 'MyString', '2023-05-20 07:46:35.116681', '2023-05-20 07:46:35.116681')[0m
  [1m[36mTRANSACTION (6.2ms)[0m  [1m[36mcommit transaction[0m
  [1m[35m (0.0ms)[0m  [1m[35mPRAGMA defer_foreign_keys = 0[0m
  [1m[35m (0.0ms)[0m  [1m[35mPRAGMA foreign_keys = 1[0m
  [1m[35m (0.0ms)[0m  [1m[35mPRAGMA foreign_key_check[0m
  [1m[36mTRANSACTION (0.0ms)[0m  [1m[36mbegin transaction[0m
-----------------------------------------
UsersControllerTest: test_should_get_edit
-----------------------------------------
  [1m[36mUser Load (0.2ms)[0m  [1m[34mSELECT "users".* FROM "users" WHERE "users"."id" = ? LIMIT ?[0m  [["id", 980190962], ["LIMIT", 1]]
Started GET "/users/980190962/edit" for 127.0.0.1 at 2023-05-20 13:16:35 +0530
Processing by UsersController#edit as HTML
  Parameters: {"id"=>"980190962"}
  [1m[36mUser Load (0.0ms)[0m  [1m[34mSELECT "users".* FROM "users" WHERE "users"."id" = ? LIMIT ?[0m  [["id", 980190962], ["LIMIT", 1]]
  Rendering users/edit.html.erb
  Rendered users/_form.html.erb (Duration: 7.1ms | Allocations: 3058)
  Rendered users/edit.html.erb (Duration: 8.8ms | Allocations: 3686)
Completed 200 OK in 24ms (Views: 15.0ms | ActiveRecord: 0.0ms | Allocations: 7655)
  [1m[36mTRANSACTION (0.0ms)[0m  [1m[31mrollback transaction[0m
  [1m[36mTRANSACTION (0.0ms)[0m  [1m[36mbegin transaction[0m
------------------------------------------
UsersControllerTest: test_should_get_index
------------------------------------------
  [1m[36mUser Load (0.1ms)[0m  [1m[34mSELECT "users".* FROM "users" WHERE "users"."id" = ? LIMIT ?[0m  [["id", 980190962], ["LIMIT", 1]]
Started GET "/users" for 127.0.0.1 at 2023-05-20 13:16:35 +0530
Processing by UsersController#index as HTML
  Rendering users/index.html.erb
  [1m[36mUser Load (0.1ms)[0m  [1m[34mSELECT "users".* FROM "users"[0m
  [1m[36mMicropost Load (0.1ms)[0m  [1m[34mSELECT "microposts".* FROM "microposts" WHERE "microposts"."user_id" = ?[0m  [["user_id", 298486374]]
  Rendered users/_user.html.erb (Duration: 3.5ms | Allocations: 1191)
  [1m[36mMicropost Load (0.0ms)[0m  [1m[34mSELECT "microposts".* FROM "microposts" WHERE "microposts"."user_id" = ?[0m  [["user_id", 980190962]]
  Rendered users/_user.html.erb (Duration: 0.3ms | Allocations: 200)
  Rendered users/index.html.erb (Duration: 10.8ms | Allocations: 3462)
Completed 200 OK in 12ms (Views: 10.9ms | ActiveRecord: 0.2ms | Allocations: 3846)
  [1m[36mTRANSACTION (0.0ms)[0m  [1m[31mrollback transaction[0m
  [1m[36mTRANSACTION (0.0ms)[0m  [1m[36mbegin transaction[0m
---------------------------------------------
UsersControllerTest: test_should_destroy_user
---------------------------------------------
  [1m[36mUser Load (0.1ms)[0m  [1m[34mSELECT "users".* FROM "users" WHERE "users"."id" = ? LIMIT ?[0m  [["id", 980190962], ["LIMIT", 1]]
  [1m[36mUser Count (0.0ms)[0m  [1m[34mSELECT COUNT(*) FROM "users"[0m
Started DELETE "/users/980190962" for 127.0.0.1 at 2023-05-20 13:16:35 +0530
Processing by UsersController#destroy as HTML
  Parameters: {"id"=>"980190962"}
  [1m[36mUser Load (0.1ms)[0m  [1m[34mSELECT "users".* FROM "users" WHERE "users"."id" = ? LIMIT ?[0m  [["id", 980190962], ["LIMIT", 1]]
  [1m[36mTRANSACTION (0.0ms)[0m  [1m[35mSAVEPOINT active_record_1[0m
  [1m[36mUser Destroy (0.5ms)[0m  [1m[31mDELETE FROM "users" WHERE "users"."id" = ?[0m  [["id", 980190962]]
  [1m[36mTRANSACTION (0.0ms)[0m  [1m[35mRELEASE SAVEPOINT active_record_1[0m
Redirected to http://www.example.com/users
Completed 302 Found in 3ms (ActiveRecord: 0.6ms | Allocations: 810)
  [1m[36mUser Count (0.1ms)[0m  [1m[34mSELECT COUNT(*) FROM "users"[0m
  [1m[36mTRANSACTION (0.4ms)[0m  [1m[31mrollback transaction[0m
  [1m[36mTRANSACTION (0.3ms)[0m  [1m[36mbegin transaction[0m
--------------------------------------------
UsersControllerTest: test_should_create_user
--------------------------------------------
  [1m[36mUser Load (0.1ms)[0m  [1m[34mSELECT "users".* FROM "users" WHERE "users"."id" = ? LIMIT ?[0m  [["id", 980190962], ["LIMIT", 1]]
  [1m[36mUser Count (0.0ms)[0m  [1m[34mSELECT COUNT(*) FROM "users"[0m
Started POST "/users" for 127.0.0.1 at 2023-05-20 13:16:35 +0530
Processing by UsersController#create as HTML
  Parameters: {"user"=>{"email"=>"MyString", "name"=>"MyString"}}
  [1m[36mTRANSACTION (0.0ms)[0m  [1m[35mSAVEPOINT active_record_1[0m
  [1m[36mUser Create (0.5ms)[0m  [1m[32mINSERT INTO "users" ("name", "email", "created_at", "updated_at") VALUES (?, ?, ?, ?)[0m  [["name", "MyString"], ["email", "MyString"], ["created_at", "2023-05-20 07:46:35.321198"], ["updated_at", "2023-05-20 07:46:35.321198"]]
  [1m[36mTRANSACTION (0.0ms)[0m  [1m[35mRELEASE SAVEPOINT active_record_1[0m
Redirected to http://www.example.com/users/980190963
Completed 302 Found in 4ms (ActiveRecord: 0.5ms | Allocations: 1226)
  [1m[36mUser Count (0.0ms)[0m  [1m[34mSELECT COUNT(*) FROM "users"[0m
  [1m[36mUser Load (0.0ms)[0m  [1m[34mSELECT "users".* FROM "users" ORDER BY "users"."id" DESC LIMIT ?[0m  [["LIMIT", 1]]
  [1m[36mTRANSACTION (0.2ms)[0m  [1m[31mrollback transaction[0m
  [1m[36mTRANSACTION (0.0ms)[0m  [1m[36mbegin transaction[0m
--------------------------------------------
UsersControllerTest: test_should_update_user
--------------------------------------------
  [1m[36mUser Load (0.1ms)[0m  [1m[34mSELECT "users".* FROM "users" WHERE "users"."id" = ? LIMIT ?[0m  [["id", 980190962], ["LIMIT", 1]]
Started PATCH "/users/980190962" for 127.0.0.1 at 2023-05-20 13:16:35 +0530
Processing by UsersController#update as HTML
  Parameters: {"user"=>{"email"=>"MyString", "name"=>"MyString"}, "id"=>"980190962"}
  [1m[36mUser Load (0.0ms)[0m  [1m[34mSELECT "users".* FROM "users" WHERE "users"."id" = ? LIMIT ?[0m  [["id", 980190962], ["LIMIT", 1]]
Redirected to http://www.example.com/users/980190962
Completed 302 Found in 2ms (ActiveRecord: 0.0ms | Allocations: 658)
  [1m[36mTRANSACTION (0.1ms)[0m  [1m[31mrollback transaction[0m
  [1m[36mTRANSACTION (0.0ms)[0m  [1m[36mbegin transaction[0m
----------------------------------------
UsersControllerTest: test_should_get_new
----------------------------------------
  [1m[36mUser Load (0.1ms)[0m  [1m[34mSELECT "users".* FROM "users" WHERE "users"."id" = ? LIMIT ?[0m  [["id", 980190962], ["LIMIT", 1]]
Started GET "/users/new" for 127.0.0.1 at 2023-05-20 13:16:35 +0530
Processing by UsersController#new as HTML
  Rendering users/new.html.erb
  Rendered users/_form.html.erb (Duration: 0.9ms | Allocations: 757)
  Rendered users/new.html.erb (Duration: 1.6ms | Allocations: 979)
Completed 200 OK in 3ms (Views: 1.8ms | ActiveRecord: 0.0ms | Allocations: 1339)
  [1m[36mTRANSACTION (0.0ms)[0m  [1m[31mrollback transaction[0m
  [1m[36mTRANSACTION (0.0ms)[0m  [1m[36mbegin transaction[0m
------------------------------------------
UsersControllerTest: test_should_show_user
------------------------------------------
  [1m[36mUser Load (0.1ms)[0m  [1m[34mSELECT "users".* FROM "users" WHERE "users"."id" = ? LIMIT ?[0m  [["id", 980190962], ["LIMIT", 1]]
Started GET "/users/980190962" for 127.0.0.1 at 2023-05-20 13:16:35 +0530
Processing by UsersController#show as HTML
  Parameters: {"id"=>"980190962"}
  [1m[36mUser Load (0.0ms)[0m  [1m[34mSELECT "users".* FROM "users" WHERE "users"."id" = ? LIMIT ?[0m  [["id", 980190962], ["LIMIT", 1]]
  Rendering users/show.html.erb
  [1m[36mMicropost Load (0.0ms)[0m  [1m[34mSELECT "microposts".* FROM "microposts" WHERE "microposts"."user_id" = ?[0m  [["user_id", 980190962]]
  Rendered users/_user.html.erb (Duration: 0.4ms | Allocations: 200)
  Rendered users/show.html.erb (Duration: 1.5ms | Allocations: 762)
Completed 200 OK in 3ms (Views: 1.7ms | ActiveRecord: 0.1ms | Allocations: 1237)
  [1m[36mTRANSACTION (0.0ms)[0m  [1m[31mrollback transaction[0m
  [1m[36mTRANSACTION (0.0ms)[0m  [1m[36mbegin transaction[0m
---------------------------------------------
MicropostsControllerTest: test_should_get_new
---------------------------------------------
  [1m[36mMicropost Load (0.1ms)[0m  [1m[34mSELECT "microposts".* FROM "microposts" WHERE "microposts"."id" = ? LIMIT ?[0m  [["id", 980190962], ["LIMIT", 1]]
Started GET "/microposts/new" for 127.0.0.1 at 2023-05-20 13:16:35 +0530
Processing by MicropostsController#new as HTML
  Rendering microposts/new.html.erb
  Rendered microposts/_form.html.erb (Duration: 3.4ms | Allocations: 1488)
  Rendered microposts/new.html.erb (Duration: 4.3ms | Allocations: 1775)
Completed 200 OK in 8ms (Views: 6.3ms | ActiveRecord: 0.0ms | Allocations: 2520)
  [1m[36mTRANSACTION (0.1ms)[0m  [1m[31mrollback transaction[0m
  [1m[36mTRANSACTION (0.0ms)[0m  [1m[36mbegin transaction[0m
-----------------------------------------------
MicropostsControllerTest: test_should_get_index
-----------------------------------------------
  [1m[36mMicropost Load (0.4ms)[0m  [1m[34mSELECT "microposts".* FROM "microposts" WHERE "microposts"."id" = ? LIMIT ?[0m  [["id", 980190962], ["LIMIT", 1]]
Started GET "/microposts" for 127.0.0.1 at 2023-05-20 13:16:35 +0530
Processing by MicropostsController#index as HTML
  Rendering microposts/index.html.erb
  [1m[36mMicropost Load (0.1ms)[0m  [1m[34mSELECT "microposts".* FROM "microposts"[0m
  Rendered microposts/_micropost.html.erb (Duration: 0.5ms | Allocations: 185)
  Rendered microposts/_micropost.html.erb (Duration: 0.0ms | Allocations: 15)
  Rendered microposts/index.html.erb (Duration: 3.9ms | Allocations: 1140)
Completed 200 OK in 5ms (Views: 4.1ms | ActiveRecord: 0.1ms | Allocations: 1523)
  [1m[36mTRANSACTION (0.0ms)[0m  [1m[31mrollback transaction[0m
  [1m[36mTRANSACTION (0.0ms)[0m  [1m[36mbegin transaction[0m
-------------------------------------------------------
MicropostsControllerTest: test_should_destroy_micropost
-------------------------------------------------------
  [1m[36mMicropost Load (0.1ms)[0m  [1m[34mSELECT "microposts".* FROM "microposts" WHERE "microposts"."id" = ? LIMIT ?[0m  [["id", 980190962], ["LIMIT", 1]]
  [1m[36mMicropost Count (0.0ms)[0m  [1m[34mSELECT COUNT(*) FROM "microposts"[0m
Started DELETE "/microposts/980190962" for 127.0.0.1 at 2023-05-20 13:16:35 +0530
Processing by MicropostsController#destroy as HTML
  Parameters: {"id"=>"980190962"}
  [1m[36mMicropost Load (0.0ms)[0m  [1m[34mSELECT "microposts".* FROM "microposts" WHERE "microposts"."id" = ? LIMIT ?[0m  [["id", 980190962], ["LIMIT", 1]]
  [1m[36mTRANSACTION (0.0ms)[0m  [1m[35mSAVEPOINT active_record_1[0m
  [1m[36mMicropost Destroy (0.3ms)[0m  [1m[31mDELETE FROM "microposts" WHERE "microposts"."id" = ?[0m  [["id", 980190962]]
  [1m[36mTRANSACTION (0.0ms)[0m  [1m[35mRELEASE SAVEPOINT active_record_1[0m
Redirected to http://www.example.com/microposts
Completed 302 Found in 2ms (ActiveRecord: 0.4ms | Allocations: 715)
  [1m[36mMicropost Count (0.1ms)[0m  [1m[34mSELECT COUNT(*) FROM "microposts"[0m
  [1m[36mTRANSACTION (0.5ms)[0m  [1m[31mrollback transaction[0m
  [1m[36mTRANSACTION (0.3ms)[0m  [1m[36mbegin transaction[0m
----------------------------------------------
MicropostsControllerTest: test_should_get_edit
----------------------------------------------
  [1m[36mMicropost Load (0.1ms)[0m  [1m[34mSELECT "microposts".* FROM "microposts" WHERE "microposts"."id" = ? LIMIT ?[0m  [["id", 980190962], ["LIMIT", 1]]
Started GET "/microposts/980190962/edit" for 127.0.0.1 at 2023-05-20 13:16:35 +0530
Processing by MicropostsController#edit as HTML
  Parameters: {"id"=>"980190962"}
  [1m[36mMicropost Load (0.1ms)[0m  [1m[34mSELECT "microposts".* FROM "microposts" WHERE "microposts"."id" = ? LIMIT ?[0m  [["id", 980190962], ["LIMIT", 1]]
  Rendering microposts/edit.html.erb
  Rendered microposts/_form.html.erb (Duration: 0.7ms | Allocations: 811)
  Rendered microposts/edit.html.erb (Duration: 1.3ms | Allocations: 1077)
Completed 200 OK in 3ms (Views: 1.6ms | ActiveRecord: 0.1ms | Allocations: 1527)
  [1m[36mTRANSACTION (0.0ms)[0m  [1m[31mrollback transaction[0m
  [1m[36mTRANSACTION (0.0ms)[0m  [1m[36mbegin transaction[0m
----------------------------------------------------
MicropostsControllerTest: test_should_show_micropost
----------------------------------------------------
  [1m[36mMicropost Load (0.1ms)[0m  [1m[34mSELECT "microposts".* FROM "microposts" WHERE "microposts"."id" = ? LIMIT ?[0m  [["id", 980190962], ["LIMIT", 1]]
Started GET "/microposts/980190962" for 127.0.0.1 at 2023-05-20 13:16:35 +0530
Processing by MicropostsController#show as HTML
  Parameters: {"id"=>"980190962"}
  [1m[36mMicropost Load (0.0ms)[0m  [1m[34mSELECT "microposts".* FROM "microposts" WHERE "microposts"."id" = ? LIMIT ?[0m  [["id", 980190962], ["LIMIT", 1]]
  Rendering microposts/show.html.erb
  Rendered microposts/_micropost.html.erb (Duration: 0.0ms | Allocations: 16)
  Rendered microposts/show.html.erb (Duration: 0.8ms | Allocations: 539)
Completed 200 OK in 2ms (Views: 1.0ms | ActiveRecord: 0.0ms | Allocations: 1014)
  [1m[36mTRANSACTION (0.0ms)[0m  [1m[31mrollback transaction[0m
  [1m[36mTRANSACTION (0.0ms)[0m  [1m[36mbegin transaction[0m
-----------------------------------------------
StaticPagesControllerTest: test_should_get_home
-----------------------------------------------
Started GET "/static_pages/home" for 127.0.0.1 at 2023-05-20 13:16:35 +0530
Processing by StaticPagesController#home as HTML
  Rendering static_pages/home.html.erb
  Rendered static_pages/home.html.erb (Duration: 6.2ms | Allocations: 169)
Completed 200 OK in 11ms (Views: 9.6ms | ActiveRecord: 0.0ms | Allocations: 879)
  [1m[36mTRANSACTION (0.0ms)[0m  [1m[31mrollback transaction[0m
  [1m[36mTRANSACTION (0.1ms)[0m  [1m[36mbegin transaction[0m
------------------------------------------------
StaticPagesControllerTest: test_should_get_about
------------------------------------------------
Started GET "/static_pages/about" for 127.0.0.1 at 2023-05-20 13:16:35 +0530
Processing by StaticPagesController#about as HTML
  Rendering static_pages/about.html.erb
  Rendered static_pages/about.html.erb (Duration: 12.4ms | Allocations: 156)
Completed 200 OK in 15ms (Views: 13.1ms | ActiveRecord: 0.0ms | Allocations: 498)
  [1m[36mTRANSACTION (0.1ms)[0m  [1m[31mrollback transaction[0m
  [1m[36mTRANSACTION (0.1ms)[0m  [1m[36mbegin transaction[0m
-----------------------------------------------
StaticPagesControllerTest: test_should_get_help
-----------------------------------------------
Started GET "/static_pages/help" for 127.0.0.1 at 2023-05-20 13:16:35 +0530
Processing by StaticPagesController#help as HTML
  Rendering static_pages/help.html.erb
  Rendered static_pages/help.html.erb (Duration: 12.7ms | Allocations: 154)
Completed 200 OK in 14ms (Views: 13.2ms | ActiveRecord: 0.0ms | Allocations: 496)
  [1m[36mTRANSACTION (0.1ms)[0m  [1m[31mrollback transaction[0m
  [1m[36mActiveRecord::InternalMetadata Pluck (0.1ms)[0m  [1m[34mSELECT "ar_internal_metadata"."value" FROM "ar_internal_metadata" WHERE "ar_internal_metadata"."key" = ? LIMIT ?[0m  [["key", "schema_sha1"], ["LIMIT", 1]]
  [1m[36mActiveRecord::SchemaMigration Pluck (0.0ms)[0m  [1m[34mSELECT "schema_migrations"."version" FROM "schema_migrations" ORDER BY "schema_migrations"."version" ASC[0m
  [1m[35m (0.1ms)[0m  [1m[35mPRAGMA foreign_keys[0m
  [1m[35m (0.0ms)[0m  [1m[35mPRAGMA defer_foreign_keys[0m
  [1m[35m (0.4ms)[0m  [1m[35mPRAGMA defer_foreign_keys = ON[0m
  [1m[35m (0.0ms)[0m  [1m[35mPRAGMA foreign_keys = OFF[0m
  [1m[36mTRANSACTION (0.0ms)[0m  [1m[36mbegin transaction[0m
  [1m[36mFixtures Load (0.9ms)[0m  [1m[31mDELETE FROM "microposts";
DELETE FROM "users";
INSERT INTO "microposts" ("id", "content", "user_id", "created_at", "updated_at") VALUES (980190962, 'MyText', 1, '2023-05-20 07:48:53.787872', '2023-05-20 07:48:53.787872');
INSERT INTO "microposts" ("id", "content", "user_id", "created_at", "updated_at") VALUES (298486374, 'MyText', 1, '2023-05-20 07:48:53.787872', '2023-05-20 07:48:53.787872');
INSERT INTO "users" ("id", "name", "email", "created_at", "updated_at") VALUES (980190962, 'MyString', 'MyString', '2023-05-20 07:48:53.789275', '2023-05-20 07:48:53.789275');
INSERT INTO "users" ("id", "name", "email", "created_at", "updated_at") VALUES (298486374, 'MyString', 'MyString', '2023-05-20 07:48:53.789275', '2023-05-20 07:48:53.789275')[0m
  [1m[36mTRANSACTION (8.5ms)[0m  [1m[36mcommit transaction[0m
  [1m[35m (0.1ms)[0m  [1m[35mPRAGMA defer_foreign_keys = 0[0m
  [1m[35m (0.0ms)[0m  [1m[35mPRAGMA foreign_keys = 1[0m
  [1m[35m (0.0ms)[0m  [1m[35mPRAGMA foreign_key_check[0m
  [1m[36mTRANSACTION (0.0ms)[0m  [1m[36mbegin transaction[0m
-----------------------------------------------
StaticPagesControllerTest: test_should_get_help
-----------------------------------------------
Started GET "/static_pages/help" for 127.0.0.1 at 2023-05-20 13:18:53 +0530
Processing by StaticPagesController#help as HTML
  Rendering layout layouts/application.html.erb
  Rendering static_pages/help.html.erb within layouts/application
  Rendered static_pages/help.html.erb within layouts/application (Duration: 1.6ms | Allocations: 419)
  Rendered shared/_navbar.html.erb (Duration: 0.5ms | Allocations: 326)
  Rendered layout layouts/application.html.erb (Duration: 99.0ms | Allocations: 36167)
Completed 200 OK in 117ms (Views: 104.4ms | ActiveRecord: 0.0ms | Allocations: 39660)
  [1m[36mTRANSACTION (0.0ms)[0m  [1m[31mrollback transaction[0m
  [1m[36mTRANSACTION (0.1ms)[0m  [1m[36mbegin transaction[0m
-----------------------------------------------
StaticPagesControllerTest: test_should_get_home
-----------------------------------------------
Started GET "/static_pages/home" for 127.0.0.1 at 2023-05-20 13:18:54 +0530
Processing by StaticPagesController#home as HTML
  Rendering layout layouts/application.html.erb
  Rendering static_pages/home.html.erb within layouts/application
  Rendered static_pages/home.html.erb within layouts/application (Duration: 0.5ms | Allocations: 151)
  Rendered shared/_navbar.html.erb (Duration: 0.1ms | Allocations: 48)
  Rendered layout layouts/application.html.erb (Duration: 1.4ms | Allocations: 1733)
Completed 200 OK in 3ms (Views: 1.6ms | ActiveRecord: 0.0ms | Allocations: 2031)
  [1m[36mTRANSACTION (0.0ms)[0m  [1m[31mrollback transaction[0m
  [1m[36mTRANSACTION (0.1ms)[0m  [1m[36mbegin transaction[0m
------------------------------------------------
StaticPagesControllerTest: test_should_get_about
------------------------------------------------
Started GET "/static_pages/about" for 127.0.0.1 at 2023-05-20 13:18:54 +0530
Processing by StaticPagesController#about as HTML
  Rendering layout layouts/application.html.erb
  Rendering static_pages/about.html.erb within layouts/application
  Rendered static_pages/about.html.erb within layouts/application (Duration: 0.7ms | Allocations: 154)
  Rendered shared/_navbar.html.erb (Duration: 0.1ms | Allocations: 48)
  Rendered layout layouts/application.html.erb (Duration: 1.9ms | Allocations: 1736)
Completed 200 OK in 3ms (Views: 2.1ms | ActiveRecord: 0.0ms | Allocations: 2032)
  [1m[36mTRANSACTION (0.0ms)[0m  [1m[31mrollback transaction[0m
  [1m[36mTRANSACTION (0.0ms)[0m  [1m[36mbegin transaction[0m
--------------------------------------------
UsersControllerTest: test_should_update_user
--------------------------------------------
  [1m[36mUser Load (0.1ms)[0m  [1m[34mSELECT "users".* FROM "users" WHERE "users"."id" = ? LIMIT ?[0m  [["id", 980190962], ["LIMIT", 1]]
Started PATCH "/users/980190962" for 127.0.0.1 at 2023-05-20 13:18:54 +0530
Processing by UsersController#update as HTML
  Parameters: {"user"=>{"email"=>"MyString", "name"=>"MyString"}, "id"=>"980190962"}
  [1m[36mUser Load (0.0ms)[0m  [1m[34mSELECT "users".* FROM "users" WHERE "users"."id" = ? LIMIT ?[0m  [["id", 980190962], ["LIMIT", 1]]
Redirected to http://www.example.com/users/980190962
Completed 302 Found in 3ms (ActiveRecord: 0.0ms | Allocations: 1598)
  [1m[36mTRANSACTION (0.1ms)[0m  [1m[31mrollback transaction[0m
  [1m[36mTRANSACTION (0.0ms)[0m  [1m[36mbegin transaction[0m
------------------------------------------
UsersControllerTest: test_should_get_index
------------------------------------------
  [1m[36mUser Load (0.1ms)[0m  [1m[34mSELECT "users".* FROM "users" WHERE "users"."id" = ? LIMIT ?[0m  [["id", 980190962], ["LIMIT", 1]]
Started GET "/users" for 127.0.0.1 at 2023-05-20 13:18:54 +0530
Processing by UsersController#index as HTML
  Rendering layout layouts/application.html.erb
  Rendering users/index.html.erb within layouts/application
  [1m[36mUser Load (0.1ms)[0m  [1m[34mSELECT "users".* FROM "users"[0m
  [1m[36mMicropost Load (0.1ms)[0m  [1m[34mSELECT "microposts".* FROM "microposts" WHERE "microposts"."user_id" = ?[0m  [["user_id", 298486374]]
  Rendered users/_user.html.erb (Duration: 4.9ms | Allocations: 1199)
  [1m[36mMicropost Load (0.1ms)[0m  [1m[34mSELECT "microposts".* FROM "microposts" WHERE "microposts"."user_id" = ?[0m  [["user_id", 980190962]]
  Rendered users/_user.html.erb (Duration: 0.8ms | Allocations: 200)
  Rendered users/index.html.erb within layouts/application (Duration: 12.4ms | Allocations: 3378)
  Rendered shared/_navbar.html.erb (Duration: 0.0ms | Allocations: 47)
  Rendered layout layouts/application.html.erb (Duration: 13.9ms | Allocations: 5034)
Completed 200 OK in 19ms (Views: 17.4ms | ActiveRecord: 0.3ms | Allocations: 5667)
  [1m[36mTRANSACTION (0.0ms)[0m  [1m[31mrollback transaction[0m
  [1m[36mTRANSACTION (0.0ms)[0m  [1m[36mbegin transaction[0m
----------------------------------------
UsersControllerTest: test_should_get_new
----------------------------------------
  [1m[36mUser Load (0.1ms)[0m  [1m[34mSELECT "users".* FROM "users" WHERE "users"."id" = ? LIMIT ?[0m  [["id", 980190962], ["LIMIT", 1]]
Started GET "/users/new" for 127.0.0.1 at 2023-05-20 13:18:54 +0530
Processing by UsersController#new as HTML
  Rendering layout layouts/application.html.erb
  Rendering users/new.html.erb within layouts/application
  Rendered users/_form.html.erb (Duration: 9.3ms | Allocations: 2795)
  Rendered users/new.html.erb within layouts/application (Duration: 10.3ms | Allocations: 3079)
  Rendered shared/_navbar.html.erb (Duration: 0.1ms | Allocations: 43)
  Rendered layout layouts/application.html.erb (Duration: 11.3ms | Allocations: 4656)
Completed 200 OK in 13ms (Views: 11.5ms | ActiveRecord: 0.0ms | Allocations: 4995)
  [1m[36mTRANSACTION (0.0ms)[0m  [1m[31mrollback transaction[0m
  [1m[36mTRANSACTION (0.2ms)[0m  [1m[36mbegin transaction[0m
------------------------------------------
UsersControllerTest: test_should_show_user
------------------------------------------
  [1m[36mUser Load (0.1ms)[0m  [1m[34mSELECT "users".* FROM "users" WHERE "users"."id" = ? LIMIT ?[0m  [["id", 980190962], ["LIMIT", 1]]
Started GET "/users/980190962" for 127.0.0.1 at 2023-05-20 13:18:54 +0530
Processing by UsersController#show as HTML
  Parameters: {"id"=>"980190962"}
  [1m[36mUser Load (0.0ms)[0m  [1m[34mSELECT "users".* FROM "users" WHERE "users"."id" = ? LIMIT ?[0m  [["id", 980190962], ["LIMIT", 1]]
  Rendering layout layouts/application.html.erb
  Rendering users/show.html.erb within layouts/application
  [1m[36mMicropost Load (0.0ms)[0m  [1m[34mSELECT "microposts".* FROM "microposts" WHERE "microposts"."user_id" = ?[0m  [["user_id", 980190962]]
  Rendered users/_user.html.erb (Duration: 0.4ms | Allocations: 200)
  Rendered users/show.html.erb within layouts/application (Duration: 1.3ms | Allocations: 766)
  Rendered shared/_navbar.html.erb (Duration: 0.0ms | Allocations: 43)
  Rendered layout layouts/application.html.erb (Duration: 2.0ms | Allocations: 2335)
Completed 200 OK in 3ms (Views: 2.2ms | ActiveRecord: 0.0ms | Allocations: 2764)
  [1m[36mTRANSACTION (0.0ms)[0m  [1m[31mrollback transaction[0m
  [1m[36mTRANSACTION (0.1ms)[0m  [1m[36mbegin transaction[0m
---------------------------------------------
UsersControllerTest: test_should_destroy_user
---------------------------------------------
  [1m[36mUser Load (0.1ms)[0m  [1m[34mSELECT "users".* FROM "users" WHERE "users"."id" = ? LIMIT ?[0m  [["id", 980190962], ["LIMIT", 1]]
  [1m[36mUser Count (0.1ms)[0m  [1m[34mSELECT COUNT(*) FROM "users"[0m
Started DELETE "/users/980190962" for 127.0.0.1 at 2023-05-20 13:18:54 +0530
Processing by UsersController#destroy as HTML
  Parameters: {"id"=>"980190962"}
  [1m[36mUser Load (0.1ms)[0m  [1m[34mSELECT "users".* FROM "users" WHERE "users"."id" = ? LIMIT ?[0m  [["id", 980190962], ["LIMIT", 1]]
  [1m[36mTRANSACTION (0.0ms)[0m  [1m[35mSAVEPOINT active_record_1[0m
  [1m[36mUser Destroy (0.5ms)[0m  [1m[31mDELETE FROM "users" WHERE "users"."id" = ?[0m  [["id", 980190962]]
  [1m[36mTRANSACTION (0.0ms)[0m  [1m[35mRELEASE SAVEPOINT active_record_1[0m
Redirected to http://www.example.com/users
Completed 302 Found in 3ms (ActiveRecord: 0.7ms | Allocations: 655)
  [1m[36mUser Count (0.1ms)[0m  [1m[34mSELECT COUNT(*) FROM "users"[0m
  [1m[36mTRANSACTION (0.4ms)[0m  [1m[31mrollback transaction[0m
  [1m[36mTRANSACTION (0.0ms)[0m  [1m[36mbegin transaction[0m
-----------------------------------------
UsersControllerTest: test_should_get_edit
-----------------------------------------
  [1m[36mUser Load (0.2ms)[0m  [1m[34mSELECT "users".* FROM "users" WHERE "users"."id" = ? LIMIT ?[0m  [["id", 980190962], ["LIMIT", 1]]
Started GET "/users/980190962/edit" for 127.0.0.1 at 2023-05-20 13:18:54 +0530
Processing by UsersController#edit as HTML
  Parameters: {"id"=>"980190962"}
  [1m[36mUser Load (0.0ms)[0m  [1m[34mSELECT "users".* FROM "users" WHERE "users"."id" = ? LIMIT ?[0m  [["id", 980190962], ["LIMIT", 1]]
  Rendering layout layouts/application.html.erb
  Rendering users/edit.html.erb within layouts/application
  Rendered users/_form.html.erb (Duration: 0.6ms | Allocations: 831)
  Rendered users/edit.html.erb within layouts/application (Duration: 1.4ms | Allocations: 1106)
  Rendered shared/_navbar.html.erb (Duration: 0.0ms | Allocations: 43)
  Rendered layout layouts/application.html.erb (Duration: 2.0ms | Allocations: 2675)
Completed 200 OK in 3ms (Views: 2.2ms | ActiveRecord: 0.0ms | Allocations: 3079)
  [1m[36mTRANSACTION (0.0ms)[0m  [1m[31mrollback transaction[0m
  [1m[36mTRANSACTION (0.0ms)[0m  [1m[36mbegin transaction[0m
--------------------------------------------
UsersControllerTest: test_should_create_user
--------------------------------------------
  [1m[36mUser Load (0.1ms)[0m  [1m[34mSELECT "users".* FROM "users" WHERE "users"."id" = ? LIMIT ?[0m  [["id", 980190962], ["LIMIT", 1]]
  [1m[36mUser Count (0.1ms)[0m  [1m[34mSELECT COUNT(*) FROM "users"[0m
Started POST "/users" for 127.0.0.1 at 2023-05-20 13:18:54 +0530
Processing by UsersController#create as HTML
  Parameters: {"user"=>{"email"=>"MyString", "name"=>"MyString"}}
  [1m[36mTRANSACTION (0.0ms)[0m  [1m[35mSAVEPOINT active_record_1[0m
  [1m[36mUser Create (0.6ms)[0m  [1m[32mINSERT INTO "users" ("name", "email", "created_at", "updated_at") VALUES (?, ?, ?, ?)[0m  [["name", "MyString"], ["email", "MyString"], ["created_at", "2023-05-20 07:48:54.268119"], ["updated_at", "2023-05-20 07:48:54.268119"]]
  [1m[36mTRANSACTION (0.0ms)[0m  [1m[35mRELEASE SAVEPOINT active_record_1[0m
Redirected to http://www.example.com/users/980190963
Completed 302 Found in 3ms (ActiveRecord: 0.7ms | Allocations: 862)
  [1m[36mUser Count (0.1ms)[0m  [1m[34mSELECT COUNT(*) FROM "users"[0m
  [1m[36mUser Load (0.1ms)[0m  [1m[34mSELECT "users".* FROM "users" ORDER BY "users"."id" DESC LIMIT ?[0m  [["LIMIT", 1]]
  [1m[36mTRANSACTION (0.4ms)[0m  [1m[31mrollback transaction[0m
  [1m[36mTRANSACTION (0.0ms)[0m  [1m[36mbegin transaction[0m
---------------------------------------------
MicropostsControllerTest: test_should_get_new
---------------------------------------------
  [1m[36mMicropost Load (0.1ms)[0m  [1m[34mSELECT "microposts".* FROM "microposts" WHERE "microposts"."id" = ? LIMIT ?[0m  [["id", 980190962], ["LIMIT", 1]]
Started GET "/microposts/new" for 127.0.0.1 at 2023-05-20 13:18:54 +0530
Processing by MicropostsController#new as HTML
  Rendering layout layouts/application.html.erb
  Rendering microposts/new.html.erb within layouts/application
  Rendered microposts/_form.html.erb (Duration: 4.1ms | Allocations: 1488)
  Rendered microposts/new.html.erb within layouts/application (Duration: 5.8ms | Allocations: 1775)
  Rendered shared/_navbar.html.erb (Duration: 0.1ms | Allocations: 47)
  Rendered layout layouts/application.html.erb (Duration: 7.5ms | Allocations: 3428)
Completed 200 OK in 13ms (Views: 11.2ms | ActiveRecord: 0.0ms | Allocations: 4127)
  [1m[36mTRANSACTION (0.1ms)[0m  [1m[31mrollback transaction[0m
  [1m[36mTRANSACTION (0.0ms)[0m  [1m[36mbegin transaction[0m
----------------------------------------------------
MicropostsControllerTest: test_should_show_micropost
----------------------------------------------------
  [1m[36mMicropost Load (0.1ms)[0m  [1m[34mSELECT "microposts".* FROM "microposts" WHERE "microposts"."id" = ? LIMIT ?[0m  [["id", 980190962], ["LIMIT", 1]]
Started GET "/microposts/980190962" for 127.0.0.1 at 2023-05-20 13:18:54 +0530
Processing by MicropostsController#show as HTML
  Parameters: {"id"=>"980190962"}
  [1m[36mMicropost Load (0.1ms)[0m  [1m[34mSELECT "microposts".* FROM "microposts" WHERE "microposts"."id" = ? LIMIT ?[0m  [["id", 980190962], ["LIMIT", 1]]
  Rendering layout layouts/application.html.erb
  Rendering microposts/show.html.erb within layouts/application
  Rendered microposts/_micropost.html.erb (Duration: 0.5ms | Allocations: 183)
  Rendered microposts/show.html.erb within layouts/application (Duration: 4.4ms | Allocations: 1003)
  Rendered shared/_navbar.html.erb (Duration: 0.0ms | Allocations: 43)
  Rendered layout layouts/application.html.erb (Duration: 5.1ms | Allocations: 2572)
Completed 200 OK in 7ms (Views: 5.3ms | ActiveRecord: 0.1ms | Allocations: 3102)
  [1m[36mTRANSACTION (0.0ms)[0m  [1m[31mrollback transaction[0m
  [1m[36mTRANSACTION (0.0ms)[0m  [1m[36mbegin transaction[0m
----------------------------------------------
MicropostsControllerTest: test_should_get_edit
----------------------------------------------
  [1m[36mMicropost Load (0.1ms)[0m  [1m[34mSELECT "microposts".* FROM "microposts" WHERE "microposts"."id" = ? LIMIT ?[0m  [["id", 980190962], ["LIMIT", 1]]
Started GET "/microposts/980190962/edit" for 127.0.0.1 at 2023-05-20 13:18:54 +0530
Processing by MicropostsController#edit as HTML
  Parameters: {"id"=>"980190962"}
  [1m[36mMicropost Load (0.0ms)[0m  [1m[34mSELECT "microposts".* FROM "microposts" WHERE "microposts"."id" = ? LIMIT ?[0m  [["id", 980190962], ["LIMIT", 1]]
  Rendering layout layouts/application.html.erb
  Rendering microposts/edit.html.erb within layouts/application
  Rendered microposts/_form.html.erb (Duration: 0.7ms | Allocations: 809)
  Rendered microposts/edit.html.erb within layouts/application (Duration: 1.3ms | Allocations: 1076)
  Rendered shared/_navbar.html.erb (Duration: 0.0ms | Allocations: 43)
  Rendered layout layouts/application.html.erb (Duration: 1.9ms | Allocations: 2645)
Completed 200 OK in 4ms (Views: 2.1ms | ActiveRecord: 0.0ms | Allocations: 3049)
  [1m[36mTRANSACTION (0.0ms)[0m  [1m[31mrollback transaction[0m
  [1m[36mTRANSACTION (0.0ms)[0m  [1m[36mbegin transaction[0m
-----------------------------------------------
MicropostsControllerTest: test_should_get_index
-----------------------------------------------
  [1m[36mMicropost Load (0.1ms)[0m  [1m[34mSELECT "microposts".* FROM "microposts" WHERE "microposts"."id" = ? LIMIT ?[0m  [["id", 980190962], ["LIMIT", 1]]
Started GET "/microposts" for 127.0.0.1 at 2023-05-20 13:18:54 +0530
Processing by MicropostsController#index as HTML
  Rendering layout layouts/application.html.erb
  Rendering microposts/index.html.erb within layouts/application
  [1m[36mMicropost Load (0.1ms)[0m  [1m[34mSELECT "microposts".* FROM "microposts"[0m
  Rendered microposts/_micropost.html.erb (Duration: 0.0ms | Allocations: 16)
  Rendered microposts/_micropost.html.erb (Duration: 0.0ms | Allocations: 15)
  Rendered microposts/index.html.erb within layouts/application (Duration: 1.4ms | Allocations: 672)
  Rendered shared/_navbar.html.erb (Duration: 0.1ms | Allocations: 43)
  Rendered layout layouts/application.html.erb (Duration: 2.3ms | Allocations: 2249)
Completed 200 OK in 4ms (Views: 2.5ms | ActiveRecord: 0.1ms | Allocations: 2585)
  [1m[36mTRANSACTION (0.0ms)[0m  [1m[31mrollback transaction[0m
  [1m[36mTRANSACTION (0.0ms)[0m  [1m[36mbegin transaction[0m
-------------------------------------------------------
MicropostsControllerTest: test_should_destroy_micropost
-------------------------------------------------------
  [1m[36mMicropost Load (0.2ms)[0m  [1m[34mSELECT "microposts".* FROM "microposts" WHERE "microposts"."id" = ? LIMIT ?[0m  [["id", 980190962], ["LIMIT", 1]]
  [1m[36mMicropost Count (0.1ms)[0m  [1m[34mSELECT COUNT(*) FROM "microposts"[0m
Started DELETE "/microposts/980190962" for 127.0.0.1 at 2023-05-20 13:18:54 +0530
Processing by MicropostsController#destroy as HTML
  Parameters: {"id"=>"980190962"}
  [1m[36mMicropost Load (0.0ms)[0m  [1m[34mSELECT "microposts".* FROM "microposts" WHERE "microposts"."id" = ? LIMIT ?[0m  [["id", 980190962], ["LIMIT", 1]]
  [1m[36mTRANSACTION (0.0ms)[0m  [1m[35mSAVEPOINT active_record_1[0m
  [1m[36mMicropost Destroy (0.5ms)[0m  [1m[31mDELETE FROM "microposts" WHERE "microposts"."id" = ?[0m  [["id", 980190962]]
  [1m[36mTRANSACTION (0.0ms)[0m  [1m[35mRELEASE SAVEPOINT active_record_1[0m
Redirected to http://www.example.com/microposts
Completed 302 Found in 3ms (ActiveRecord: 0.6ms | Allocations: 615)
  [1m[36mMicropost Count (0.0ms)[0m  [1m[34mSELECT COUNT(*) FROM "microposts"[0m
  [1m[36mTRANSACTION (0.2ms)[0m  [1m[31mrollback transaction[0m
  [1m[36mActiveRecord::InternalMetadata Pluck (0.1ms)[0m  [1m[34mSELECT "ar_internal_metadata"."value" FROM "ar_internal_metadata" WHERE "ar_internal_metadata"."key" = ? LIMIT ?[0m  [["key", "schema_sha1"], ["LIMIT", 1]]
  [1m[36mActiveRecord::SchemaMigration Pluck (0.0ms)[0m  [1m[34mSELECT "schema_migrations"."version" FROM "schema_migrations" ORDER BY "schema_migrations"."version" ASC[0m
  [1m[35m (0.0ms)[0m  [1m[35mPRAGMA foreign_keys[0m
  [1m[35m (0.0ms)[0m  [1m[35mPRAGMA defer_foreign_keys[0m
  [1m[35m (0.0ms)[0m  [1m[35mPRAGMA defer_foreign_keys = ON[0m
  [1m[35m (0.0ms)[0m  [1m[35mPRAGMA foreign_keys = OFF[0m
  [1m[36mTRANSACTION (0.0ms)[0m  [1m[36mbegin transaction[0m
  [1m[36mFixtures Load (0.8ms)[0m  [1m[31mDELETE FROM "microposts";
DELETE FROM "users";
INSERT INTO "microposts" ("id", "content", "user_id", "created_at", "updated_at") VALUES (980190962, 'MyText', 1, '2023-05-20 07:51:55.001802', '2023-05-20 07:51:55.001802');
INSERT INTO "microposts" ("id", "content", "user_id", "created_at", "updated_at") VALUES (298486374, 'MyText', 1, '2023-05-20 07:51:55.001802', '2023-05-20 07:51:55.001802');
INSERT INTO "users" ("id", "name", "email", "created_at", "updated_at") VALUES (980190962, 'MyString', 'MyString', '2023-05-20 07:51:55.002968', '2023-05-20 07:51:55.002968');
INSERT INTO "users" ("id", "name", "email", "created_at", "updated_at") VALUES (298486374, 'MyString', 'MyString', '2023-05-20 07:51:55.002968', '2023-05-20 07:51:55.002968')[0m
  [1m[36mTRANSACTION (7.2ms)[0m  [1m[36mcommit transaction[0m
  [1m[35m (0.1ms)[0m  [1m[35mPRAGMA defer_foreign_keys = 0[0m
  [1m[35m (0.0ms)[0m  [1m[35mPRAGMA foreign_keys = 1[0m
  [1m[35m (0.0ms)[0m  [1m[35mPRAGMA foreign_key_check[0m
  [1m[36mTRANSACTION (0.0ms)[0m  [1m[36mbegin transaction[0m
----------------------------------------------
MicropostsControllerTest: test_should_get_edit
----------------------------------------------
  [1m[36mMicropost Load (0.1ms)[0m  [1m[34mSELECT "microposts".* FROM "microposts" WHERE "microposts"."id" = ? LIMIT ?[0m  [["id", 980190962], ["LIMIT", 1]]
Started GET "/microposts/980190962/edit" for 127.0.0.1 at 2023-05-20 13:21:55 +0530
Processing by MicropostsController#edit as HTML
  Parameters: {"id"=>"980190962"}
  [1m[36mMicropost Load (0.0ms)[0m  [1m[34mSELECT "microposts".* FROM "microposts" WHERE "microposts"."id" = ? LIMIT ?[0m  [["id", 980190962], ["LIMIT", 1]]
  Rendering layout layouts/application.html.erb
  Rendering microposts/edit.html.erb within layouts/application
  Rendered microposts/_form.html.erb (Duration: 9.1ms | Allocations: 3260)
  Rendered microposts/edit.html.erb within layouts/application (Duration: 11.0ms | Allocations: 3875)
  Rendered shared/_navbar.html.erb (Duration: 0.5ms | Allocations: 246)
  Rendered layout layouts/application.html.erb (Duration: 106.4ms | Allocations: 39314)
Completed 200 OK in 123ms (Views: 112.0ms | ActiveRecord: 0.0ms | Allocations: 43142)
  [1m[36mTRANSACTION (0.0ms)[0m  [1m[31mrollback transaction[0m
  [1m[36mTRANSACTION (0.0ms)[0m  [1m[36mbegin transaction[0m
----------------------------------------------------
MicropostsControllerTest: test_should_show_micropost
----------------------------------------------------
  [1m[36mMicropost Load (0.1ms)[0m  [1m[34mSELECT "microposts".* FROM "microposts" WHERE "microposts"."id" = ? LIMIT ?[0m  [["id", 980190962], ["LIMIT", 1]]
Started GET "/microposts/980190962" for 127.0.0.1 at 2023-05-20 13:21:55 +0530
Processing by MicropostsController#show as HTML
  Parameters: {"id"=>"980190962"}
  [1m[36mMicropost Load (0.0ms)[0m  [1m[34mSELECT "microposts".* FROM "microposts" WHERE "microposts"."id" = ? LIMIT ?[0m  [["id", 980190962], ["LIMIT", 1]]
  Rendering layout layouts/application.html.erb
  Rendering microposts/show.html.erb within layouts/application
  Rendered microposts/_micropost.html.erb (Duration: 0.6ms | Allocations: 189)
  Rendered microposts/show.html.erb within layouts/application (Duration: 4.0ms | Allocations: 1156)
  Rendered shared/_navbar.html.erb (Duration: 0.0ms | Allocations: 43)
  Rendered layout layouts/application.html.erb (Duration: 4.6ms | Allocations: 2725)
Completed 200 OK in 6ms (Views: 4.8ms | ActiveRecord: 0.0ms | Allocations: 3156)
  [1m[36mTRANSACTION (0.0ms)[0m  [1m[31mrollback transaction[0m
  [1m[36mTRANSACTION (0.0ms)[0m  [1m[36mbegin transaction[0m
---------------------------------------------
MicropostsControllerTest: test_should_get_new
---------------------------------------------
  [1m[36mMicropost Load (0.1ms)[0m  [1m[34mSELECT "microposts".* FROM "microposts" WHERE "microposts"."id" = ? LIMIT ?[0m  [["id", 980190962], ["LIMIT", 1]]
Started GET "/microposts/new" for 127.0.0.1 at 2023-05-20 13:21:55 +0530
Processing by MicropostsController#new as HTML
  Rendering layout layouts/application.html.erb
  Rendering microposts/new.html.erb within layouts/application
  Rendered microposts/_form.html.erb (Duration: 0.5ms | Allocations: 755)
  Rendered microposts/new.html.erb within layouts/application (Duration: 1.1ms | Allocations: 967)
  Rendered shared/_navbar.html.erb (Duration: 0.0ms | Allocations: 43)
  Rendered layout layouts/application.html.erb (Duration: 1.6ms | Allocations: 2544)
Completed 200 OK in 3ms (Views: 1.8ms | ActiveRecord: 0.0ms | Allocations: 2884)
  [1m[36mTRANSACTION (0.0ms)[0m  [1m[31mrollback transaction[0m
  [1m[36mTRANSACTION (0.0ms)[0m  [1m[36mbegin transaction[0m
-----------------------------------------------
MicropostsControllerTest: test_should_get_index
-----------------------------------------------
  [1m[36mMicropost Load (0.0ms)[0m  [1m[34mSELECT "microposts".* FROM "microposts" WHERE "microposts"."id" = ? LIMIT ?[0m  [["id", 980190962], ["LIMIT", 1]]
Started GET "/microposts" for 127.0.0.1 at 2023-05-20 13:21:55 +0530
Processing by MicropostsController#index as HTML
  Rendering layout layouts/application.html.erb
  Rendering microposts/index.html.erb within layouts/application
  [1m[36mMicropost Load (0.1ms)[0m  [1m[34mSELECT "microposts".* FROM "microposts"[0m
  Rendered microposts/_micropost.html.erb (Duration: 0.0ms | Allocations: 16)
  Rendered microposts/_micropost.html.erb (Duration: 0.0ms | Allocations: 15)
  Rendered microposts/index.html.erb within layouts/application (Duration: 1.1ms | Allocations: 676)
  Rendered shared/_navbar.html.erb (Duration: 0.1ms | Allocations: 43)
  Rendered layout layouts/application.html.erb (Duration: 2.4ms | Allocations: 2253)
Completed 200 OK in 3ms (Views: 2.5ms | ActiveRecord: 0.1ms | Allocations: 2589)
  [1m[36mTRANSACTION (0.1ms)[0m  [1m[31mrollback transaction[0m
  [1m[36mTRANSACTION (0.0ms)[0m  [1m[36mbegin transaction[0m
-------------------------------------------------------
MicropostsControllerTest: test_should_destroy_micropost
-------------------------------------------------------
  [1m[36mMicropost Load (0.1ms)[0m  [1m[34mSELECT "microposts".* FROM "microposts" WHERE "microposts"."id" = ? LIMIT ?[0m  [["id", 980190962], ["LIMIT", 1]]
  [1m[36mMicropost Count (0.1ms)[0m  [1m[34mSELECT COUNT(*) FROM "microposts"[0m
Started DELETE "/microposts/980190962" for 127.0.0.1 at 2023-05-20 13:21:55 +0530
Processing by MicropostsController#destroy as HTML
  Parameters: {"id"=>"980190962"}
  [1m[36mMicropost Load (0.1ms)[0m  [1m[34mSELECT "microposts".* FROM "microposts" WHERE "microposts"."id" = ? LIMIT ?[0m  [["id", 980190962], ["LIMIT", 1]]
  [1m[36mTRANSACTION (0.0ms)[0m  [1m[35mSAVEPOINT active_record_1[0m
  [1m[36mMicropost Destroy (0.6ms)[0m  [1m[31mDELETE FROM "microposts" WHERE "microposts"."id" = ?[0m  [["id", 980190962]]
  [1m[36mTRANSACTION (0.0ms)[0m  [1m[35mRELEASE SAVEPOINT active_record_1[0m
Redirected to http://www.example.com/microposts
Completed 302 Found in 3ms (ActiveRecord: 0.8ms | Allocations: 813)
  [1m[36mMicropost Count (0.1ms)[0m  [1m[34mSELECT COUNT(*) FROM "microposts"[0m
  [1m[36mTRANSACTION (0.4ms)[0m  [1m[31mrollback transaction[0m
  [1m[36mTRANSACTION (0.1ms)[0m  [1m[36mbegin transaction[0m
------------------------------------------
UsersControllerTest: test_should_show_user
------------------------------------------
  [1m[36mUser Load (0.1ms)[0m  [1m[34mSELECT "users".* FROM "users" WHERE "users"."id" = ? LIMIT ?[0m  [["id", 980190962], ["LIMIT", 1]]
Started GET "/users/980190962" for 127.0.0.1 at 2023-05-20 13:21:55 +0530
Processing by UsersController#show as HTML
  Parameters: {"id"=>"980190962"}
  [1m[36mUser Load (0.0ms)[0m  [1m[34mSELECT "users".* FROM "users" WHERE "users"."id" = ? LIMIT ?[0m  [["id", 980190962], ["LIMIT", 1]]
  Rendering layout layouts/application.html.erb
  Rendering users/show.html.erb within layouts/application
  [1m[36mMicropost Load (0.1ms)[0m  [1m[34mSELECT "microposts".* FROM "microposts" WHERE "microposts"."user_id" = ?[0m  [["user_id", 980190962]]
  Rendered users/_user.html.erb (Duration: 8.0ms | Allocations: 1168)
  Rendered users/show.html.erb within layouts/application (Duration: 21.7ms | Allocations: 2966)
  Rendered shared/_navbar.html.erb (Duration: 0.0ms | Allocations: 47)
  Rendered layout layouts/application.html.erb (Duration: 26.0ms | Allocations: 4611)
Completed 200 OK in 31ms (Views: 28.8ms | ActiveRecord: 0.1ms | Allocations: 5540)
  [1m[36mTRANSACTION (0.0ms)[0m  [1m[31mrollback transaction[0m
  [1m[36mTRANSACTION (0.0ms)[0m  [1m[36mbegin transaction[0m
--------------------------------------------
UsersControllerTest: test_should_update_user
--------------------------------------------
  [1m[36mUser Load (0.1ms)[0m  [1m[34mSELECT "users".* FROM "users" WHERE "users"."id" = ? LIMIT ?[0m  [["id", 980190962], ["LIMIT", 1]]
Started PATCH "/users/980190962" for 127.0.0.1 at 2023-05-20 13:21:55 +0530
Processing by UsersController#update as HTML
  Parameters: {"user"=>{"email"=>"MyString", "name"=>"MyString"}, "id"=>"980190962"}
  [1m[36mUser Load (0.1ms)[0m  [1m[34mSELECT "users".* FROM "users" WHERE "users"."id" = ? LIMIT ?[0m  [["id", 980190962], ["LIMIT", 1]]
Redirected to http://www.example.com/users/980190962
Completed 302 Found in 6ms (ActiveRecord: 0.1ms | Allocations: 1031)
  [1m[36mTRANSACTION (0.0ms)[0m  [1m[31mrollback transaction[0m
  [1m[36mTRANSACTION (0.0ms)[0m  [1m[36mbegin transaction[0m
---------------------------------------------
UsersControllerTest: test_should_destroy_user
---------------------------------------------
  [1m[36mUser Load (0.1ms)[0m  [1m[34mSELECT "users".* FROM "users" WHERE "users"."id" = ? LIMIT ?[0m  [["id", 980190962], ["LIMIT", 1]]
  [1m[36mUser Count (0.0ms)[0m  [1m[34mSELECT COUNT(*) FROM "users"[0m
Started DELETE "/users/980190962" for 127.0.0.1 at 2023-05-20 13:21:55 +0530
Processing by UsersController#destroy as HTML
  Parameters: {"id"=>"980190962"}
  [1m[36mUser Load (0.0ms)[0m  [1m[34mSELECT "users".* FROM "users" WHERE "users"."id" = ? LIMIT ?[0m  [["id", 980190962], ["LIMIT", 1]]
  [1m[36mTRANSACTION (0.0ms)[0m  [1m[35mSAVEPOINT active_record_1[0m
  [1m[36mUser Destroy (0.5ms)[0m  [1m[31mDELETE FROM "users" WHERE "users"."id" = ?[0m  [["id", 980190962]]
  [1m[36mTRANSACTION (0.0ms)[0m  [1m[35mRELEASE SAVEPOINT active_record_1[0m
Redirected to http://www.example.com/users
Completed 302 Found in 3ms (ActiveRecord: 0.6ms | Allocations: 578)
  [1m[36mUser Count (0.1ms)[0m  [1m[34mSELECT COUNT(*) FROM "users"[0m
  [1m[36mTRANSACTION (1.6ms)[0m  [1m[31mrollback transaction[0m
  [1m[36mTRANSACTION (0.4ms)[0m  [1m[36mbegin transaction[0m
------------------------------------------
UsersControllerTest: test_should_get_index
------------------------------------------
  [1m[36mUser Load (0.1ms)[0m  [1m[34mSELECT "users".* FROM "users" WHERE "users"."id" = ? LIMIT ?[0m  [["id", 980190962], ["LIMIT", 1]]
Started GET "/users" for 127.0.0.1 at 2023-05-20 13:21:55 +0530
Processing by UsersController#index as HTML
  Rendering layout layouts/application.html.erb
  Rendering users/index.html.erb within layouts/application
  [1m[36mUser Load (0.1ms)[0m  [1m[34mSELECT "users".* FROM "users"[0m
  [1m[36mMicropost Load (0.0ms)[0m  [1m[34mSELECT "microposts".* FROM "microposts" WHERE "microposts"."user_id" = ?[0m  [["user_id", 298486374]]
  Rendered users/_user.html.erb (Duration: 3.2ms | Allocations: 200)
  [1m[36mMicropost Load (0.0ms)[0m  [1m[34mSELECT "microposts".* FROM "microposts" WHERE "microposts"."user_id" = ?[0m  [["user_id", 980190962]]
  Rendered users/_user.html.erb (Duration: 0.3ms | Allocations: 200)
  Rendered users/index.html.erb within layouts/application (Duration: 5.5ms | Allocations: 1072)
  Rendered shared/_navbar.html.erb (Duration: 0.0ms | Allocations: 43)
  Rendered layout layouts/application.html.erb (Duration: 6.7ms | Allocations: 2653)
Completed 200 OK in 10ms (Views: 7.3ms | ActiveRecord: 0.1ms | Allocations: 2989)
  [1m[36mTRANSACTION (0.1ms)[0m  [1m[31mrollback transaction[0m
  [1m[36mTRANSACTION (0.1ms)[0m  [1m[36mbegin transaction[0m
----------------------------------------
UsersControllerTest: test_should_get_new
----------------------------------------
  [1m[36mUser Load (0.2ms)[0m  [1m[34mSELECT "users".* FROM "users" WHERE "users"."id" = ? LIMIT ?[0m  [["id", 980190962], ["LIMIT", 1]]
Started GET "/users/new" for 127.0.0.1 at 2023-05-20 13:21:55 +0530
Processing by UsersController#new as HTML
  Rendering layout layouts/application.html.erb
  Rendering users/new.html.erb within layouts/application
  Rendered users/_form.html.erb (Duration: 1.5ms | Allocations: 1241)
  Rendered users/new.html.erb within layouts/application (Duration: 3.4ms | Allocations: 1525)
  Rendered shared/_navbar.html.erb (Duration: 0.0ms | Allocations: 43)
  Rendered layout layouts/application.html.erb (Duration: 4.2ms | Allocations: 3105)
Completed 200 OK in 6ms (Views: 4.4ms | ActiveRecord: 0.0ms | Allocations: 3425)
  [1m[36mTRANSACTION (0.0ms)[0m  [1m[31mrollback transaction[0m
  [1m[36mTRANSACTION (0.0ms)[0m  [1m[36mbegin transaction[0m
-----------------------------------------
UsersControllerTest: test_should_get_edit
-----------------------------------------
  [1m[36mUser Load (0.1ms)[0m  [1m[34mSELECT "users".* FROM "users" WHERE "users"."id" = ? LIMIT ?[0m  [["id", 980190962], ["LIMIT", 1]]
Started GET "/users/980190962/edit" for 127.0.0.1 at 2023-05-20 13:21:55 +0530
Processing by UsersController#edit as HTML
  Parameters: {"id"=>"980190962"}
  [1m[36mUser Load (0.0ms)[0m  [1m[34mSELECT "users".* FROM "users" WHERE "users"."id" = ? LIMIT ?[0m  [["id", 980190962], ["LIMIT", 1]]
  Rendering layout layouts/application.html.erb
  Rendering users/edit.html.erb within layouts/application
  Rendered users/_form.html.erb (Duration: 1.0ms | Allocations: 821)
  Rendered users/edit.html.erb within layouts/application (Duration: 2.1ms | Allocations: 1097)
  Rendered shared/_navbar.html.erb (Duration: 0.1ms | Allocations: 43)
  Rendered layout layouts/application.html.erb (Duration: 4.8ms | Allocations: 2667)
Completed 200 OK in 7ms (Views: 5.1ms | ActiveRecord: 0.0ms | Allocations: 3071)
  [1m[36mTRANSACTION (0.1ms)[0m  [1m[31mrollback transaction[0m
  [1m[36mTRANSACTION (0.1ms)[0m  [1m[36mbegin transaction[0m
--------------------------------------------
UsersControllerTest: test_should_create_user
--------------------------------------------
  [1m[36mUser Load (0.1ms)[0m  [1m[34mSELECT "users".* FROM "users" WHERE "users"."id" = ? LIMIT ?[0m  [["id", 980190962], ["LIMIT", 1]]
  [1m[36mUser Count (0.1ms)[0m  [1m[34mSELECT COUNT(*) FROM "users"[0m
Started POST "/users" for 127.0.0.1 at 2023-05-20 13:21:55 +0530
Processing by UsersController#create as HTML
  Parameters: {"user"=>{"email"=>"MyString", "name"=>"MyString"}}
  [1m[36mTRANSACTION (0.0ms)[0m  [1m[35mSAVEPOINT active_record_1[0m
  [1m[36mUser Create (0.7ms)[0m  [1m[32mINSERT INTO "users" ("name", "email", "created_at", "updated_at") VALUES (?, ?, ?, ?)[0m  [["name", "MyString"], ["email", "MyString"], ["created_at", "2023-05-20 07:51:55.516557"], ["updated_at", "2023-05-20 07:51:55.516557"]]
  [1m[36mTRANSACTION (0.0ms)[0m  [1m[35mRELEASE SAVEPOINT active_record_1[0m
Redirected to http://www.example.com/users/980190963
Completed 302 Found in 3ms (ActiveRecord: 0.8ms | Allocations: 863)
  [1m[36mUser Count (0.1ms)[0m  [1m[34mSELECT COUNT(*) FROM "users"[0m
  [1m[36mUser Load (0.1ms)[0m  [1m[34mSELECT "users".* FROM "users" ORDER BY "users"."id" DESC LIMIT ?[0m  [["LIMIT", 1]]
  [1m[36mTRANSACTION (0.2ms)[0m  [1m[31mrollback transaction[0m
  [1m[36mTRANSACTION (0.0ms)[0m  [1m[36mbegin transaction[0m
-----------------------------------------------
StaticPagesControllerTest: test_should_get_help
-----------------------------------------------
Started GET "/static_pages/help" for 127.0.0.1 at 2023-05-20 13:21:55 +0530
Processing by StaticPagesController#help as HTML
  Rendering layout layouts/application.html.erb
  Rendering static_pages/help.html.erb within layouts/application
  Rendered static_pages/help.html.erb within layouts/application (Duration: 15.0ms | Allocations: 137)
  Rendered shared/_navbar.html.erb (Duration: 0.1ms | Allocations: 71)
  Rendered layout layouts/application.html.erb (Duration: 16.5ms | Allocations: 1820)
Completed 200 OK in 21ms (Views: 18.8ms | ActiveRecord: 0.0ms | Allocations: 2484)
  [1m[36mTRANSACTION (0.1ms)[0m  [1m[31mrollback transaction[0m
  [1m[36mTRANSACTION (0.1ms)[0m  [1m[36mbegin transaction[0m
-----------------------------------------------
StaticPagesControllerTest: test_should_get_home
-----------------------------------------------
Started GET "/static_pages/home" for 127.0.0.1 at 2023-05-20 13:21:55 +0530
Processing by StaticPagesController#home as HTML
  Rendering layout layouts/application.html.erb
  Rendering static_pages/home.html.erb within layouts/application
  Rendered static_pages/home.html.erb within layouts/application (Duration: 10.7ms | Allocations: 125)
  Rendered shared/_navbar.html.erb (Duration: 0.1ms | Allocations: 48)
  Rendered layout layouts/application.html.erb (Duration: 11.8ms | Allocations: 1707)
Completed 200 OK in 13ms (Views: 12.0ms | ActiveRecord: 0.0ms | Allocations: 2003)
  [1m[36mTRANSACTION (0.0ms)[0m  [1m[31mrollback transaction[0m
  [1m[36mTRANSACTION (0.3ms)[0m  [1m[36mbegin transaction[0m
------------------------------------------------
StaticPagesControllerTest: test_should_get_about
------------------------------------------------
Started GET "/static_pages/about" for 127.0.0.1 at 2023-05-20 13:21:55 +0530
Processing by StaticPagesController#about as HTML
  Rendering layout layouts/application.html.erb
  Rendering static_pages/about.html.erb within layouts/application
  Rendered static_pages/about.html.erb within layouts/application (Duration: 9.9ms | Allocations: 128)
  Rendered shared/_navbar.html.erb (Duration: 0.1ms | Allocations: 48)
  Rendered layout layouts/application.html.erb (Duration: 10.9ms | Allocations: 1710)
Completed 200 OK in 12ms (Views: 11.1ms | ActiveRecord: 0.0ms | Allocations: 2006)
  [1m[36mTRANSACTION (0.0ms)[0m  [1m[31mrollback transaction[0m
  [1m[36mActiveRecord::InternalMetadata Pluck (0.1ms)[0m  [1m[34mSELECT "ar_internal_metadata"."value" FROM "ar_internal_metadata" WHERE "ar_internal_metadata"."key" = ? LIMIT ?[0m  [["key", "schema_sha1"], ["LIMIT", 1]]
  [1m[36mActiveRecord::SchemaMigration Pluck (0.0ms)[0m  [1m[34mSELECT "schema_migrations"."version" FROM "schema_migrations" ORDER BY "schema_migrations"."version" ASC[0m
  [1m[35m (0.1ms)[0m  [1m[35mPRAGMA foreign_keys[0m
  [1m[35m (0.0ms)[0m  [1m[35mPRAGMA defer_foreign_keys[0m
  [1m[35m (0.0ms)[0m  [1m[35mPRAGMA defer_foreign_keys = ON[0m
  [1m[35m (0.0ms)[0m  [1m[35mPRAGMA foreign_keys = OFF[0m
  [1m[36mTRANSACTION (0.1ms)[0m  [1m[36mbegin transaction[0m
  [1m[36mFixtures Load (3.1ms)[0m  [1m[31mDELETE FROM "microposts";
DELETE FROM "users";
INSERT INTO "microposts" ("id", "content", "user_id", "created_at", "updated_at") VALUES (980190962, 'MyText', 1, '2023-05-20 07:52:19.677856', '2023-05-20 07:52:19.677856');
INSERT INTO "microposts" ("id", "content", "user_id", "created_at", "updated_at") VALUES (298486374, 'MyText', 1, '2023-05-20 07:52:19.677856', '2023-05-20 07:52:19.677856');
INSERT INTO "users" ("id", "name", "email", "created_at", "updated_at") VALUES (980190962, 'MyString', 'MyString', '2023-05-20 07:52:19.679524', '2023-05-20 07:52:19.679524');
INSERT INTO "users" ("id", "name", "email", "created_at", "updated_at") VALUES (298486374, 'MyString', 'MyString', '2023-05-20 07:52:19.679524', '2023-05-20 07:52:19.679524')[0m
  [1m[36mTRANSACTION (7.6ms)[0m  [1m[36mcommit transaction[0m
  [1m[35m (0.1ms)[0m  [1m[35mPRAGMA defer_foreign_keys = 0[0m
  [1m[35m (0.0ms)[0m  [1m[35mPRAGMA foreign_keys = 1[0m
  [1m[35m (0.0ms)[0m  [1m[35mPRAGMA foreign_key_check[0m
  [1m[36mTRANSACTION (0.0ms)[0m  [1m[36mbegin transaction[0m
--------------------------------------------
UsersControllerTest: test_should_update_user
--------------------------------------------
  [1m[36mUser Load (0.1ms)[0m  [1m[34mSELECT "users".* FROM "users" WHERE "users"."id" = ? LIMIT ?[0m  [["id", 980190962], ["LIMIT", 1]]
Started PATCH "/users/980190962" for 127.0.0.1 at 2023-05-20 13:22:19 +0530
Processing by UsersController#update as HTML
  Parameters: {"user"=>{"email"=>"MyString", "name"=>"MyString"}, "id"=>"980190962"}
  [1m[36mUser Load (0.0ms)[0m  [1m[34mSELECT "users".* FROM "users" WHERE "users"."id" = ? LIMIT ?[0m  [["id", 980190962], ["LIMIT", 1]]
Redirected to http://www.example.com/users/980190962
Completed 302 Found in 10ms (ActiveRecord: 0.0ms | Allocations: 2988)
  [1m[36mTRANSACTION (0.0ms)[0m  [1m[31mrollback transaction[0m
  [1m[36mTRANSACTION (0.0ms)[0m  [1m[36mbegin transaction[0m
----------------------------------------
UsersControllerTest: test_should_get_new
----------------------------------------
  [1m[36mUser Load (0.1ms)[0m  [1m[34mSELECT "users".* FROM "users" WHERE "users"."id" = ? LIMIT ?[0m  [["id", 980190962], ["LIMIT", 1]]
Started GET "/users/new" for 127.0.0.1 at 2023-05-20 13:22:19 +0530
Processing by UsersController#new as HTML
  Rendering layout layouts/application.html.erb
  Rendering users/new.html.erb within layouts/application
  Rendered users/_form.html.erb (Duration: 8.5ms | Allocations: 2896)
  Rendered users/new.html.erb within layouts/application (Duration: 10.3ms | Allocations: 3443)
  Rendered shared/_navbar.html.erb (Duration: 0.5ms | Allocations: 246)
  Rendered layout layouts/application.html.erb (Duration: 67.7ms | Allocations: 38912)
Completed 200 OK in 78ms (Views: 72.5ms | ActiveRecord: 0.0ms | Allocations: 41078)
  [1m[36mTRANSACTION (0.0ms)[0m  [1m[31mrollback transaction[0m
  [1m[36mTRANSACTION (0.0ms)[0m  [1m[36mbegin transaction[0m
------------------------------------------
UsersControllerTest: test_should_get_index
------------------------------------------
  [1m[36mUser Load (0.1ms)[0m  [1m[34mSELECT "users".* FROM "users" WHERE "users"."id" = ? LIMIT ?[0m  [["id", 980190962], ["LIMIT", 1]]
Started GET "/users" for 127.0.0.1 at 2023-05-20 13:22:19 +0530
Processing by UsersController#index as HTML
  Rendering layout layouts/application.html.erb
  Rendering users/index.html.erb within layouts/application
  [1m[36mUser Load (0.1ms)[0m  [1m[34mSELECT "users".* FROM "users"[0m
  [1m[36mMicropost Load (0.1ms)[0m  [1m[34mSELECT "microposts".* FROM "microposts" WHERE "microposts"."user_id" = ?[0m  [["user_id", 298486374]]
  Rendered users/_user.html.erb (Duration: 3.0ms | Allocations: 1188)
  [1m[36mMicropost Load (0.0ms)[0m  [1m[34mSELECT "microposts".* FROM "microposts" WHERE "microposts"."user_id" = ?[0m  [["user_id", 980190962]]
  Rendered users/_user.html.erb (Duration: 0.2ms | Allocations: 200)
  Rendered users/index.html.erb within layouts/application (Duration: 8.7ms | Allocations: 3329)
  Rendered shared/_navbar.html.erb (Duration: 0.0ms | Allocations: 43)
  Rendered layout layouts/application.html.erb (Duration: 9.3ms | Allocations: 4906)
Completed 200 OK in 11ms (Views: 9.4ms | ActiveRecord: 0.1ms | Allocations: 5244)
  [1m[36mTRANSACTION (0.0ms)[0m  [1m[31mrollback transaction[0m
  [1m[36mTRANSACTION (0.0ms)[0m  [1m[36mbegin transaction[0m
------------------------------------------
UsersControllerTest: test_should_show_user
------------------------------------------
  [1m[36mUser Load (0.0ms)[0m  [1m[34mSELECT "users".* FROM "users" WHERE "users"."id" = ? LIMIT ?[0m  [["id", 980190962], ["LIMIT", 1]]
Started GET "/users/980190962" for 127.0.0.1 at 2023-05-20 13:22:20 +0530
Processing by UsersController#show as HTML
  Parameters: {"id"=>"980190962"}
  [1m[36mUser Load (0.0ms)[0m  [1m[34mSELECT "users".* FROM "users" WHERE "users"."id" = ? LIMIT ?[0m  [["id", 980190962], ["LIMIT", 1]]
  Rendering layout layouts/application.html.erb
  Rendering users/show.html.erb within layouts/application
  [1m[36mMicropost Load (0.0ms)[0m  [1m[34mSELECT "microposts".* FROM "microposts" WHERE "microposts"."user_id" = ?[0m  [["user_id", 980190962]]
  Rendered users/_user.html.erb (Duration: 0.2ms | Allocations: 200)
  Rendered users/show.html.erb within layouts/application (Duration: 1.0ms | Allocations: 766)
  Rendered shared/_navbar.html.erb (Duration: 0.0ms | Allocations: 43)
  Rendered layout layouts/application.html.erb (Duration: 1.6ms | Allocations: 2335)
Completed 200 OK in 3ms (Views: 1.7ms | ActiveRecord: 0.0ms | Allocations: 2765)
  [1m[36mTRANSACTION (0.0ms)[0m  [1m[31mrollback transaction[0m
  [1m[36mTRANSACTION (0.0ms)[0m  [1m[36mbegin transaction[0m
-----------------------------------------
UsersControllerTest: test_should_get_edit
-----------------------------------------
  [1m[36mUser Load (0.0ms)[0m  [1m[34mSELECT "users".* FROM "users" WHERE "users"."id" = ? LIMIT ?[0m  [["id", 980190962], ["LIMIT", 1]]
Started GET "/users/980190962/edit" for 127.0.0.1 at 2023-05-20 13:22:20 +0530
Processing by UsersController#edit as HTML
  Parameters: {"id"=>"980190962"}
  [1m[36mUser Load (0.0ms)[0m  [1m[34mSELECT "users".* FROM "users" WHERE "users"."id" = ? LIMIT ?[0m  [["id", 980190962], ["LIMIT", 1]]
  Rendering layout layouts/application.html.erb
  Rendering users/edit.html.erb within layouts/application
  Rendered users/_form.html.erb (Duration: 0.5ms | Allocations: 831)
  Rendered users/edit.html.erb within layouts/application (Duration: 1.1ms | Allocations: 1106)
  Rendered shared/_navbar.html.erb (Duration: 0.0ms | Allocations: 43)
  Rendered layout layouts/application.html.erb (Duration: 1.6ms | Allocations: 2675)
Completed 200 OK in 3ms (Views: 1.7ms | ActiveRecord: 0.0ms | Allocations: 3079)
  [1m[36mTRANSACTION (0.0ms)[0m  [1m[31mrollback transaction[0m
  [1m[36mTRANSACTION (0.0ms)[0m  [1m[36mbegin transaction[0m
--------------------------------------------
UsersControllerTest: test_should_create_user
--------------------------------------------
  [1m[36mUser Load (0.1ms)[0m  [1m[34mSELECT "users".* FROM "users" WHERE "users"."id" = ? LIMIT ?[0m  [["id", 980190962], ["LIMIT", 1]]
  [1m[36mUser Count (0.1ms)[0m  [1m[34mSELECT COUNT(*) FROM "users"[0m
Started POST "/users" for 127.0.0.1 at 2023-05-20 13:22:20 +0530
Processing by UsersController#create as HTML
  Parameters: {"user"=>{"email"=>"MyString", "name"=>"MyString"}}
  [1m[36mTRANSACTION (0.0ms)[0m  [1m[35mSAVEPOINT active_record_1[0m
  [1m[36mUser Create (2.1ms)[0m  [1m[32mINSERT INTO "users" ("name", "email", "created_at", "updated_at") VALUES (?, ?, ?, ?)[0m  [["name", "MyString"], ["email", "MyString"], ["created_at", "2023-05-20 07:52:20.020959"], ["updated_at", "2023-05-20 07:52:20.020959"]]
  [1m[36mTRANSACTION (0.1ms)[0m  [1m[35mRELEASE SAVEPOINT active_record_1[0m
Redirected to http://www.example.com/users/980190963
Completed 302 Found in 5ms (ActiveRecord: 2.2ms | Allocations: 888)
  [1m[36mUser Count (0.1ms)[0m  [1m[34mSELECT COUNT(*) FROM "users"[0m
  [1m[36mUser Load (0.1ms)[0m  [1m[34mSELECT "users".* FROM "users" ORDER BY "users"."id" DESC LIMIT ?[0m  [["LIMIT", 1]]
  [1m[36mTRANSACTION (0.2ms)[0m  [1m[31mrollback transaction[0m
  [1m[36mTRANSACTION (0.0ms)[0m  [1m[36mbegin transaction[0m
---------------------------------------------
UsersControllerTest: test_should_destroy_user
---------------------------------------------
  [1m[36mUser Load (0.1ms)[0m  [1m[34mSELECT "users".* FROM "users" WHERE "users"."id" = ? LIMIT ?[0m  [["id", 980190962], ["LIMIT", 1]]
  [1m[36mUser Count (0.1ms)[0m  [1m[34mSELECT COUNT(*) FROM "users"[0m
Started DELETE "/users/980190962" for 127.0.0.1 at 2023-05-20 13:22:20 +0530
Processing by UsersController#destroy as HTML
  Parameters: {"id"=>"980190962"}
  [1m[36mUser Load (0.0ms)[0m  [1m[34mSELECT "users".* FROM "users" WHERE "users"."id" = ? LIMIT ?[0m  [["id", 980190962], ["LIMIT", 1]]
  [1m[36mTRANSACTION (0.0ms)[0m  [1m[35mSAVEPOINT active_record_1[0m
  [1m[36mUser Destroy (1.6ms)[0m  [1m[31mDELETE FROM "users" WHERE "users"."id" = ?[0m  [["id", 980190962]]
  [1m[36mTRANSACTION (0.0ms)[0m  [1m[35mRELEASE SAVEPOINT active_record_1[0m
Redirected to http://www.example.com/users
Completed 302 Found in 4ms (ActiveRecord: 1.7ms | Allocations: 634)
  [1m[36mUser Count (0.1ms)[0m  [1m[34mSELECT COUNT(*) FROM "users"[0m
  [1m[36mTRANSACTION (0.2ms)[0m  [1m[31mrollback transaction[0m
  [1m[36mTRANSACTION (0.0ms)[0m  [1m[36mbegin transaction[0m
-----------------------------------------------
StaticPagesControllerTest: test_should_get_home
-----------------------------------------------
Started GET "/static_pages/home" for 127.0.0.1 at 2023-05-20 13:22:20 +0530
Processing by StaticPagesController#home as HTML
  Rendering layout layouts/application.html.erb
  Rendering static_pages/home.html.erb within layouts/application
  Rendered static_pages/home.html.erb within layouts/application (Duration: 0.4ms | Allocations: 132)
  Rendered shared/_navbar.html.erb (Duration: 0.1ms | Allocations: 71)
  Rendered layout layouts/application.html.erb (Duration: 1.2ms | Allocations: 1815)
Completed 200 OK in 4ms (Views: 3.1ms | ActiveRecord: 0.0ms | Allocations: 2479)
  [1m[36mTRANSACTION (0.0ms)[0m  [1m[31mrollback transaction[0m
  [1m[36mTRANSACTION (0.0ms)[0m  [1m[36mbegin transaction[0m
------------------------------------------------
StaticPagesControllerTest: test_should_get_about
------------------------------------------------
Started GET "/static_pages/about" for 127.0.0.1 at 2023-05-20 13:22:20 +0530
Processing by StaticPagesController#about as HTML
  Rendering layout layouts/application.html.erb
  Rendering static_pages/about.html.erb within layouts/application
  Rendered static_pages/about.html.erb within layouts/application (Duration: 0.5ms | Allocations: 130)
  Rendered shared/_navbar.html.erb (Duration: 0.1ms | Allocations: 48)
  Rendered layout layouts/application.html.erb (Duration: 1.3ms | Allocations: 1712)
Completed 200 OK in 3ms (Views: 1.5ms | ActiveRecord: 0.0ms | Allocations: 2008)
  [1m[36mTRANSACTION (0.0ms)[0m  [1m[31mrollback transaction[0m
  [1m[36mTRANSACTION (0.1ms)[0m  [1m[36mbegin transaction[0m
-----------------------------------------------
StaticPagesControllerTest: test_should_get_help
-----------------------------------------------
Started GET "/static_pages/help" for 127.0.0.1 at 2023-05-20 13:22:20 +0530
Processing by StaticPagesController#help as HTML
  Rendering layout layouts/application.html.erb
  Rendering static_pages/help.html.erb within layouts/application
  Rendered static_pages/help.html.erb within layouts/application (Duration: 0.4ms | Allocations: 128)
  Rendered shared/_navbar.html.erb (Duration: 0.1ms | Allocations: 48)
  Rendered layout layouts/application.html.erb (Duration: 1.2ms | Allocations: 1710)
Completed 200 OK in 3ms (Views: 1.5ms | ActiveRecord: 0.0ms | Allocations: 2006)
  [1m[36mTRANSACTION (0.0ms)[0m  [1m[31mrollback transaction[0m
  [1m[36mTRANSACTION (0.1ms)[0m  [1m[36mbegin transaction[0m
----------------------------------------------------
MicropostsControllerTest: test_should_show_micropost
----------------------------------------------------
  [1m[36mMicropost Load (0.1ms)[0m  [1m[34mSELECT "microposts".* FROM "microposts" WHERE "microposts"."id" = ? LIMIT ?[0m  [["id", 980190962], ["LIMIT", 1]]
Started GET "/microposts/980190962" for 127.0.0.1 at 2023-05-20 13:22:20 +0530
Processing by MicropostsController#show as HTML
  Parameters: {"id"=>"980190962"}
  [1m[36mMicropost Load (0.0ms)[0m  [1m[34mSELECT "microposts".* FROM "microposts" WHERE "microposts"."id" = ? LIMIT ?[0m  [["id", 980190962], ["LIMIT", 1]]
  Rendering layout layouts/application.html.erb
  Rendering microposts/show.html.erb within layouts/application
  Rendered microposts/_micropost.html.erb (Duration: 0.3ms | Allocations: 193)
  Rendered microposts/show.html.erb within layouts/application (Duration: 2.2ms | Allocations: 1054)
  Rendered shared/_navbar.html.erb (Duration: 0.1ms | Allocations: 47)
  Rendered layout layouts/application.html.erb (Duration: 3.0ms | Allocations: 2698)
Completed 200 OK in 7ms (Views: 5.1ms | ActiveRecord: 0.0ms | Allocations: 3607)
  [1m[36mTRANSACTION (0.0ms)[0m  [1m[31mrollback transaction[0m
  [1m[36mTRANSACTION (0.0ms)[0m  [1m[36mbegin transaction[0m
---------------------------------------------
MicropostsControllerTest: test_should_get_new
---------------------------------------------
  [1m[36mMicropost Load (0.1ms)[0m  [1m[34mSELECT "microposts".* FROM "microposts" WHERE "microposts"."id" = ? LIMIT ?[0m  [["id", 980190962], ["LIMIT", 1]]
Started GET "/microposts/new" for 127.0.0.1 at 2023-05-20 13:22:20 +0530
Processing by MicropostsController#new as HTML
  Rendering layout layouts/application.html.erb
  Rendering microposts/new.html.erb within layouts/application
  Rendered microposts/_form.html.erb (Duration: 4.9ms | Allocations: 1451)
  Rendered microposts/new.html.erb within layouts/application (Duration: 6.0ms | Allocations: 1722)
  Rendered shared/_navbar.html.erb (Duration: 0.1ms | Allocations: 43)
  Rendered layout layouts/application.html.erb (Duration: 6.9ms | Allocations: 3299)
Completed 200 OK in 8ms (Views: 7.2ms | ActiveRecord: 0.0ms | Allocations: 3619)
  [1m[36mTRANSACTION (0.0ms)[0m  [1m[31mrollback transaction[0m
  [1m[36mTRANSACTION (0.0ms)[0m  [1m[36mbegin transaction[0m
-----------------------------------------------
MicropostsControllerTest: test_should_get_index
-----------------------------------------------
  [1m[36mMicropost Load (0.1ms)[0m  [1m[34mSELECT "microposts".* FROM "microposts" WHERE "microposts"."id" = ? LIMIT ?[0m  [["id", 980190962], ["LIMIT", 1]]
Started GET "/microposts" for 127.0.0.1 at 2023-05-20 13:22:20 +0530
Processing by MicropostsController#index as HTML
  Rendering layout layouts/application.html.erb
  Rendering microposts/index.html.erb within layouts/application
  [1m[36mMicropost Load (0.1ms)[0m  [1m[34mSELECT "microposts".* FROM "microposts"[0m
  Rendered microposts/_micropost.html.erb (Duration: 0.0ms | Allocations: 16)
  Rendered microposts/_micropost.html.erb (Duration: 0.0ms | Allocations: 15)
  Rendered microposts/index.html.erb within layouts/application (Duration: 1.1ms | Allocations: 673)
  Rendered shared/_navbar.html.erb (Duration: 0.0ms | Allocations: 43)
  Rendered layout layouts/application.html.erb (Duration: 1.8ms | Allocations: 2250)
Completed 200 OK in 3ms (Views: 1.9ms | ActiveRecord: 0.1ms | Allocations: 2586)
  [1m[36mTRANSACTION (0.0ms)[0m  [1m[31mrollback transaction[0m
  [1m[36mTRANSACTION (0.0ms)[0m  [1m[36mbegin transaction[0m
-------------------------------------------------------
MicropostsControllerTest: test_should_destroy_micropost
-------------------------------------------------------
  [1m[36mMicropost Load (0.1ms)[0m  [1m[34mSELECT "microposts".* FROM "microposts" WHERE "microposts"."id" = ? LIMIT ?[0m  [["id", 980190962], ["LIMIT", 1]]
  [1m[36mMicropost Count (0.0ms)[0m  [1m[34mSELECT COUNT(*) FROM "microposts"[0m
Started DELETE "/microposts/980190962" for 127.0.0.1 at 2023-05-20 13:22:20 +0530
Processing by MicropostsController#destroy as HTML
  Parameters: {"id"=>"980190962"}
  [1m[36mMicropost Load (0.0ms)[0m  [1m[34mSELECT "microposts".* FROM "microposts" WHERE "microposts"."id" = ? LIMIT ?[0m  [["id", 980190962], ["LIMIT", 1]]
  [1m[36mTRANSACTION (0.0ms)[0m  [1m[35mSAVEPOINT active_record_1[0m
  [1m[36mMicropost Destroy (2.2ms)[0m  [1m[31mDELETE FROM "microposts" WHERE "microposts"."id" = ?[0m  [["id", 980190962]]
  [1m[36mTRANSACTION (0.1ms)[0m  [1m[35mRELEASE SAVEPOINT active_record_1[0m
Redirected to http://www.example.com/microposts
Completed 302 Found in 4ms (ActiveRecord: 2.4ms | Allocations: 615)
  [1m[36mMicropost Count (0.1ms)[0m  [1m[34mSELECT COUNT(*) FROM "microposts"[0m
  [1m[36mTRANSACTION (0.4ms)[0m  [1m[31mrollback transaction[0m
  [1m[36mTRANSACTION (0.0ms)[0m  [1m[36mbegin transaction[0m
----------------------------------------------
MicropostsControllerTest: test_should_get_edit
----------------------------------------------
  [1m[36mMicropost Load (0.1ms)[0m  [1m[34mSELECT "microposts".* FROM "microposts" WHERE "microposts"."id" = ? LIMIT ?[0m  [["id", 980190962], ["LIMIT", 1]]
Started GET "/microposts/980190962/edit" for 127.0.0.1 at 2023-05-20 13:22:20 +0530
Processing by MicropostsController#edit as HTML
  Parameters: {"id"=>"980190962"}
  [1m[36mMicropost Load (0.0ms)[0m  [1m[34mSELECT "microposts".* FROM "microposts" WHERE "microposts"."id" = ? LIMIT ?[0m  [["id", 980190962], ["LIMIT", 1]]
  Rendering layout layouts/application.html.erb
  Rendering microposts/edit.html.erb within layouts/application
  Rendered microposts/_form.html.erb (Duration: 0.7ms | Allocations: 809)
  Rendered microposts/edit.html.erb within layouts/application (Duration: 1.3ms | Allocations: 1075)
  Rendered shared/_navbar.html.erb (Duration: 0.0ms | Allocations: 43)
  Rendered layout layouts/application.html.erb (Duration: 2.0ms | Allocations: 2644)
Completed 200 OK in 3ms (Views: 2.2ms | ActiveRecord: 0.0ms | Allocations: 3048)
  [1m[36mTRANSACTION (0.0ms)[0m  [1m[31mrollback transaction[0m
  [1m[36mActiveRecord::InternalMetadata Pluck (0.1ms)[0m  [1m[34mSELECT "ar_internal_metadata"."value" FROM "ar_internal_metadata" WHERE "ar_internal_metadata"."key" = ? LIMIT ?[0m  [["key", "schema_sha1"], ["LIMIT", 1]]
  [1m[36mActiveRecord::SchemaMigration Pluck (0.0ms)[0m  [1m[34mSELECT "schema_migrations"."version" FROM "schema_migrations" ORDER BY "schema_migrations"."version" ASC[0m
  [1m[35m (0.0ms)[0m  [1m[35mPRAGMA foreign_keys[0m
  [1m[35m (0.0ms)[0m  [1m[35mPRAGMA defer_foreign_keys[0m
  [1m[35m (0.0ms)[0m  [1m[35mPRAGMA defer_foreign_keys = ON[0m
  [1m[35m (0.0ms)[0m  [1m[35mPRAGMA foreign_keys = OFF[0m
  [1m[36mTRANSACTION (0.0ms)[0m  [1m[36mbegin transaction[0m
  [1m[36mFixtures Load (2.2ms)[0m  [1m[31mDELETE FROM "microposts";
DELETE FROM "users";
INSERT INTO "microposts" ("id", "content", "user_id", "created_at", "updated_at") VALUES (980190962, 'MyText', 1, '2023-05-20 07:52:55.814134', '2023-05-20 07:52:55.814134');
INSERT INTO "microposts" ("id", "content", "user_id", "created_at", "updated_at") VALUES (298486374, 'MyText', 1, '2023-05-20 07:52:55.814134', '2023-05-20 07:52:55.814134');
INSERT INTO "users" ("id", "name", "email", "created_at", "updated_at") VALUES (980190962, 'MyString', 'MyString', '2023-05-20 07:52:55.815137', '2023-05-20 07:52:55.815137');
INSERT INTO "users" ("id", "name", "email", "created_at", "updated_at") VALUES (298486374, 'MyString', 'MyString', '2023-05-20 07:52:55.815137', '2023-05-20 07:52:55.815137')[0m
  [1m[36mTRANSACTION (8.8ms)[0m  [1m[36mcommit transaction[0m
  [1m[35m (0.1ms)[0m  [1m[35mPRAGMA defer_foreign_keys = 0[0m
  [1m[35m (0.0ms)[0m  [1m[35mPRAGMA foreign_keys = 1[0m
  [1m[35m (0.0ms)[0m  [1m[35mPRAGMA foreign_key_check[0m
  [1m[36mTRANSACTION (0.0ms)[0m  [1m[36mbegin transaction[0m
------------------------------------------
UsersControllerTest: test_should_show_user
------------------------------------------
  [1m[36mUser Load (0.1ms)[0m  [1m[34mSELECT "users".* FROM "users" WHERE "users"."id" = ? LIMIT ?[0m  [["id", 980190962], ["LIMIT", 1]]
Started GET "/users/980190962" for 127.0.0.1 at 2023-05-20 13:22:55 +0530
Processing by UsersController#show as HTML
  Parameters: {"id"=>"980190962"}
  [1m[36mUser Load (0.0ms)[0m  [1m[34mSELECT "users".* FROM "users" WHERE "users"."id" = ? LIMIT ?[0m  [["id", 980190962], ["LIMIT", 1]]
  Rendering layout layouts/application.html.erb
  Rendering users/show.html.erb within layouts/application
  [1m[36mMicropost Load (0.1ms)[0m  [1m[34mSELECT "microposts".* FROM "microposts" WHERE "microposts"."user_id" = ?[0m  [["user_id", 980190962]]
  Rendered users/_user.html.erb (Duration: 3.4ms | Allocations: 1236)
  Rendered users/show.html.erb within layouts/application (Duration: 10.6ms | Allocations: 3620)
  Rendered shared/_navbar.html.erb (Duration: 0.4ms | Allocations: 246)
  Rendered layout layouts/application.html.erb (Duration: 76.0ms | Allocations: 39136)
Completed 200 OK in 92ms (Views: 80.8ms | ActiveRecord: 0.1ms | Allocations: 42989)
  [1m[36mTRANSACTION (0.0ms)[0m  [1m[31mrollback transaction[0m
  [1m[36mTRANSACTION (0.0ms)[0m  [1m[36mbegin transaction[0m
--------------------------------------------
UsersControllerTest: test_should_update_user
--------------------------------------------
  [1m[36mUser Load (0.1ms)[0m  [1m[34mSELECT "users".* FROM "users" WHERE "users"."id" = ? LIMIT ?[0m  [["id", 980190962], ["LIMIT", 1]]
Started PATCH "/users/980190962" for 127.0.0.1 at 2023-05-20 13:22:56 +0530
Processing by UsersController#update as HTML
  Parameters: {"user"=>{"email"=>"MyString", "name"=>"MyString"}, "id"=>"980190962"}
  [1m[36mUser Load (0.0ms)[0m  [1m[34mSELECT "users".* FROM "users" WHERE "users"."id" = ? LIMIT ?[0m  [["id", 980190962], ["LIMIT", 1]]
Redirected to http://www.example.com/users/980190962
Completed 302 Found in 2ms (ActiveRecord: 0.0ms | Allocations: 1166)
  [1m[36mTRANSACTION (0.0ms)[0m  [1m[31mrollback transaction[0m
  [1m[36mTRANSACTION (0.0ms)[0m  [1m[36mbegin transaction[0m
--------------------------------------------
UsersControllerTest: test_should_create_user
--------------------------------------------
  [1m[36mUser Load (0.1ms)[0m  [1m[34mSELECT "users".* FROM "users" WHERE "users"."id" = ? LIMIT ?[0m  [["id", 980190962], ["LIMIT", 1]]
  [1m[36mUser Count (0.0ms)[0m  [1m[34mSELECT COUNT(*) FROM "users"[0m
Started POST "/users" for 127.0.0.1 at 2023-05-20 13:22:56 +0530
Processing by UsersController#create as HTML
  Parameters: {"user"=>{"email"=>"MyString", "name"=>"MyString"}}
  [1m[36mTRANSACTION (0.0ms)[0m  [1m[35mSAVEPOINT active_record_1[0m
  [1m[36mUser Create (2.1ms)[0m  [1m[32mINSERT INTO "users" ("name", "email", "created_at", "updated_at") VALUES (?, ?, ?, ?)[0m  [["name", "MyString"], ["email", "MyString"], ["created_at", "2023-05-20 07:52:56.094303"], ["updated_at", "2023-05-20 07:52:56.094303"]]
  [1m[36mTRANSACTION (0.0ms)[0m  [1m[35mRELEASE SAVEPOINT active_record_1[0m
Redirected to http://www.example.com/users/980190963
Completed 302 Found in 4ms (ActiveRecord: 2.2ms | Allocations: 912)
  [1m[36mUser Count (0.1ms)[0m  [1m[34mSELECT COUNT(*) FROM "users"[0m
  [1m[36mUser Load (0.1ms)[0m  [1m[34mSELECT "users".* FROM "users" ORDER BY "users"."id" DESC LIMIT ?[0m  [["LIMIT", 1]]
  [1m[36mTRANSACTION (0.2ms)[0m  [1m[31mrollback transaction[0m
  [1m[36mTRANSACTION (0.0ms)[0m  [1m[36mbegin transaction[0m
----------------------------------------
UsersControllerTest: test_should_get_new
----------------------------------------
  [1m[36mUser Load (0.1ms)[0m  [1m[34mSELECT "users".* FROM "users" WHERE "users"."id" = ? LIMIT ?[0m  [["id", 980190962], ["LIMIT", 1]]
Started GET "/users/new" for 127.0.0.1 at 2023-05-20 13:22:56 +0530
Processing by UsersController#new as HTML
  Rendering layout layouts/application.html.erb
  Rendering users/new.html.erb within layouts/application
  Rendered users/_form.html.erb (Duration: 8.4ms | Allocations: 2790)
  Rendered users/new.html.erb within layouts/application (Duration: 10.3ms | Allocations: 3071)
  Rendered shared/_navbar.html.erb (Duration: 0.0ms | Allocations: 43)
  Rendered layout layouts/application.html.erb (Duration: 11.0ms | Allocations: 4648)
Completed 200 OK in 14ms (Views: 11.7ms | ActiveRecord: 0.0ms | Allocations: 4964)
  [1m[36mTRANSACTION (0.0ms)[0m  [1m[31mrollback transaction[0m
  [1m[36mTRANSACTION (0.0ms)[0m  [1m[36mbegin transaction[0m
-----------------------------------------
UsersControllerTest: test_should_get_edit
-----------------------------------------
  [1m[36mUser Load (0.1ms)[0m  [1m[34mSELECT "users".* FROM "users" WHERE "users"."id" = ? LIMIT ?[0m  [["id", 980190962], ["LIMIT", 1]]
Started GET "/users/980190962/edit" for 127.0.0.1 at 2023-05-20 13:22:56 +0530
Processing by UsersController#edit as HTML
  Parameters: {"id"=>"980190962"}
  [1m[36mUser Load (0.0ms)[0m  [1m[34mSELECT "users".* FROM "users" WHERE "users"."id" = ? LIMIT ?[0m  [["id", 980190962], ["LIMIT", 1]]
  Rendering layout layouts/application.html.erb
  Rendering users/edit.html.erb within layouts/application
  Rendered users/_form.html.erb (Duration: 0.7ms | Allocations: 831)
  Rendered users/edit.html.erb within layouts/application (Duration: 1.4ms | Allocations: 1107)
  Rendered shared/_navbar.html.erb (Duration: 0.0ms | Allocations: 43)
  Rendered layout layouts/application.html.erb (Duration: 1.9ms | Allocations: 2676)
Completed 200 OK in 3ms (Views: 2.1ms | ActiveRecord: 0.0ms | Allocations: 3080)
  [1m[36mTRANSACTION (0.0ms)[0m  [1m[31mrollback transaction[0m
  [1m[36mTRANSACTION (0.0ms)[0m  [1m[36mbegin transaction[0m
---------------------------------------------
UsersControllerTest: test_should_destroy_user
---------------------------------------------
  [1m[36mUser Load (0.1ms)[0m  [1m[34mSELECT "users".* FROM "users" WHERE "users"."id" = ? LIMIT ?[0m  [["id", 980190962], ["LIMIT", 1]]
  [1m[36mUser Count (0.1ms)[0m  [1m[34mSELECT COUNT(*) FROM "users"[0m
Started DELETE "/users/980190962" for 127.0.0.1 at 2023-05-20 13:22:56 +0530
Processing by UsersController#destroy as HTML
  Parameters: {"id"=>"980190962"}
  [1m[36mUser Load (0.0ms)[0m  [1m[34mSELECT "users".* FROM "users" WHERE "users"."id" = ? LIMIT ?[0m  [["id", 980190962], ["LIMIT", 1]]
  [1m[36mTRANSACTION (0.0ms)[0m  [1m[35mSAVEPOINT active_record_1[0m
  [1m[36mUser Destroy (2.0ms)[0m  [1m[31mDELETE FROM "users" WHERE "users"."id" = ?[0m  [["id", 980190962]]
  [1m[36mTRANSACTION (0.0ms)[0m  [1m[35mRELEASE SAVEPOINT active_record_1[0m
Redirected to http://www.example.com/users
Completed 302 Found in 6ms (ActiveRecord: 2.1ms | Allocations: 634)
  [1m[36mUser Count (0.1ms)[0m  [1m[34mSELECT COUNT(*) FROM "users"[0m
  [1m[36mTRANSACTION (0.3ms)[0m  [1m[31mrollback transaction[0m
  [1m[36mTRANSACTION (0.0ms)[0m  [1m[36mbegin transaction[0m
------------------------------------------
UsersControllerTest: test_should_get_index
------------------------------------------
  [1m[36mUser Load (0.1ms)[0m  [1m[34mSELECT "users".* FROM "users" WHERE "users"."id" = ? LIMIT ?[0m  [["id", 980190962], ["LIMIT", 1]]
Started GET "/users" for 127.0.0.1 at 2023-05-20 13:22:56 +0530
Processing by UsersController#index as HTML
  Rendering layout layouts/application.html.erb
  Rendering users/index.html.erb within layouts/application
  [1m[36mUser Load (0.2ms)[0m  [1m[34mSELECT "users".* FROM "users"[0m
  [1m[36mMicropost Load (0.0ms)[0m  [1m[34mSELECT "microposts".* FROM "microposts" WHERE "microposts"."user_id" = ?[0m  [["user_id", 298486374]]
  Rendered users/_user.html.erb (Duration: 1.3ms | Allocations: 200)
  [1m[36mMicropost Load (0.0ms)[0m  [1m[34mSELECT "microposts".* FROM "microposts" WHERE "microposts"."user_id" = ?[0m  [["user_id", 980190962]]
  Rendered users/_user.html.erb (Duration: 1.3ms | Allocations: 200)
  Rendered users/index.html.erb within layouts/application (Duration: 6.4ms | Allocations: 1073)
  Rendered shared/_navbar.html.erb (Duration: 0.1ms | Allocations: 43)
  Rendered layout layouts/application.html.erb (Duration: 10.9ms | Allocations: 2650)
Completed 200 OK in 12ms (Views: 10.9ms | ActiveRecord: 0.2ms | Allocations: 2986)
  [1m[36mTRANSACTION (0.0ms)[0m  [1m[31mrollback transaction[0m
  [1m[36mTRANSACTION (0.0ms)[0m  [1m[36mbegin transaction[0m
----------------------------------------------------
MicropostsControllerTest: test_should_show_micropost
----------------------------------------------------
  [1m[36mMicropost Load (0.1ms)[0m  [1m[34mSELECT "microposts".* FROM "microposts" WHERE "microposts"."id" = ? LIMIT ?[0m  [["id", 980190962], ["LIMIT", 1]]
Started GET "/microposts/980190962" for 127.0.0.1 at 2023-05-20 13:22:56 +0530
Processing by MicropostsController#show as HTML
  Parameters: {"id"=>"980190962"}
  [1m[36mMicropost Load (0.1ms)[0m  [1m[34mSELECT "microposts".* FROM "microposts" WHERE "microposts"."id" = ? LIMIT ?[0m  [["id", 980190962], ["LIMIT", 1]]
  Rendering layout layouts/application.html.erb
  Rendering microposts/show.html.erb within layouts/application
  Rendered microposts/_micropost.html.erb (Duration: 0.6ms | Allocations: 193)
  Rendered microposts/show.html.erb within layouts/application (Duration: 4.3ms | Allocations: 1057)
  Rendered shared/_navbar.html.erb (Duration: 0.1ms | Allocations: 47)
  Rendered layout layouts/application.html.erb (Duration: 5.5ms | Allocations: 2714)
Completed 200 OK in 25ms (Views: 8.2ms | ActiveRecord: 0.1ms | Allocations: 3624)
  [1m[36mTRANSACTION (0.1ms)[0m  [1m[31mrollback transaction[0m
  [1m[36mTRANSACTION (0.0ms)[0m  [1m[36mbegin transaction[0m
-------------------------------------------------------
MicropostsControllerTest: test_should_destroy_micropost
-------------------------------------------------------
  [1m[36mMicropost Load (0.1ms)[0m  [1m[34mSELECT "microposts".* FROM "microposts" WHERE "microposts"."id" = ? LIMIT ?[0m  [["id", 980190962], ["LIMIT", 1]]
  [1m[36mMicropost Count (0.0ms)[0m  [1m[34mSELECT COUNT(*) FROM "microposts"[0m
Started DELETE "/microposts/980190962" for 127.0.0.1 at 2023-05-20 13:22:56 +0530
Processing by MicropostsController#destroy as HTML
  Parameters: {"id"=>"980190962"}
  [1m[36mMicropost Load (0.0ms)[0m  [1m[34mSELECT "microposts".* FROM "microposts" WHERE "microposts"."id" = ? LIMIT ?[0m  [["id", 980190962], ["LIMIT", 1]]
  [1m[36mTRANSACTION (0.0ms)[0m  [1m[35mSAVEPOINT active_record_1[0m
  [1m[36mMicropost Destroy (0.6ms)[0m  [1m[31mDELETE FROM "microposts" WHERE "microposts"."id" = ?[0m  [["id", 980190962]]
  [1m[36mTRANSACTION (0.0ms)[0m  [1m[35mRELEASE SAVEPOINT active_record_1[0m
Redirected to http://www.example.com/microposts
Completed 302 Found in 2ms (ActiveRecord: 0.6ms | Allocations: 615)
  [1m[36mMicropost Count (0.0ms)[0m  [1m[34mSELECT COUNT(*) FROM "microposts"[0m
  [1m[36mTRANSACTION (0.2ms)[0m  [1m[31mrollback transaction[0m
  [1m[36mTRANSACTION (0.0ms)[0m  [1m[36mbegin transaction[0m
-----------------------------------------------
MicropostsControllerTest: test_should_get_index
-----------------------------------------------
  [1m[36mMicropost Load (0.1ms)[0m  [1m[34mSELECT "microposts".* FROM "microposts" WHERE "microposts"."id" = ? LIMIT ?[0m  [["id", 980190962], ["LIMIT", 1]]
Started GET "/microposts" for 127.0.0.1 at 2023-05-20 13:22:56 +0530
Processing by MicropostsController#index as HTML
  Rendering layout layouts/application.html.erb
  Rendering microposts/index.html.erb within layouts/application
  [1m[36mMicropost Load (0.1ms)[0m  [1m[34mSELECT "microposts".* FROM "microposts"[0m
  Rendered microposts/_micropost.html.erb (Duration: 0.1ms | Allocations: 16)
  Rendered microposts/_micropost.html.erb (Duration: 0.0ms | Allocations: 15)
  Rendered microposts/index.html.erb within layouts/application (Duration: 2.0ms | Allocations: 674)
  Rendered shared/_navbar.html.erb (Duration: 0.0ms | Allocations: 43)
  Rendered layout layouts/application.html.erb (Duration: 2.9ms | Allocations: 2263)
Completed 200 OK in 4ms (Views: 3.1ms | ActiveRecord: 0.1ms | Allocations: 2600)
  [1m[36mTRANSACTION (0.0ms)[0m  [1m[31mrollback transaction[0m
  [1m[36mTRANSACTION (0.0ms)[0m  [1m[36mbegin transaction[0m
----------------------------------------------
MicropostsControllerTest: test_should_get_edit
----------------------------------------------
  [1m[36mMicropost Load (0.1ms)[0m  [1m[34mSELECT "microposts".* FROM "microposts" WHERE "microposts"."id" = ? LIMIT ?[0m  [["id", 980190962], ["LIMIT", 1]]
Started GET "/microposts/980190962/edit" for 127.0.0.1 at 2023-05-20 13:22:56 +0530
Processing by MicropostsController#edit as HTML
  Parameters: {"id"=>"980190962"}
  [1m[36mMicropost Load (0.0ms)[0m  [1m[34mSELECT "microposts".* FROM "microposts" WHERE "microposts"."id" = ? LIMIT ?[0m  [["id", 980190962], ["LIMIT", 1]]
  Rendering layout layouts/application.html.erb
  Rendering microposts/edit.html.erb within layouts/application
  Rendered microposts/_form.html.erb (Duration: 3.3ms | Allocations: 1522)
  Rendered microposts/edit.html.erb within layouts/application (Duration: 4.3ms | Allocations: 1847)
  Rendered shared/_navbar.html.erb (Duration: 0.0ms | Allocations: 43)
  Rendered layout layouts/application.html.erb (Duration: 4.8ms | Allocations: 3416)
Completed 200 OK in 6ms (Views: 5.0ms | ActiveRecord: 0.0ms | Allocations: 3820)
  [1m[36mTRANSACTION (0.0ms)[0m  [1m[31mrollback transaction[0m
  [1m[36mTRANSACTION (0.0ms)[0m  [1m[36mbegin transaction[0m
---------------------------------------------
MicropostsControllerTest: test_should_get_new
---------------------------------------------
  [1m[36mMicropost Load (0.1ms)[0m  [1m[34mSELECT "microposts".* FROM "microposts" WHERE "microposts"."id" = ? LIMIT ?[0m  [["id", 980190962], ["LIMIT", 1]]
Started GET "/microposts/new" for 127.0.0.1 at 2023-05-20 13:22:56 +0530
Processing by MicropostsController#new as HTML
  Rendering layout layouts/application.html.erb
  Rendering microposts/new.html.erb within layouts/application
  Rendered microposts/_form.html.erb (Duration: 0.6ms | Allocations: 739)
  Rendered microposts/new.html.erb within layouts/application (Duration: 1.3ms | Allocations: 951)
  Rendered shared/_navbar.html.erb (Duration: 0.0ms | Allocations: 43)
  Rendered layout layouts/application.html.erb (Duration: 2.0ms | Allocations: 2528)
Completed 200 OK in 3ms (Views: 2.3ms | ActiveRecord: 0.0ms | Allocations: 2848)
  [1m[36mTRANSACTION (0.0ms)[0m  [1m[31mrollback transaction[0m
  [1m[36mTRANSACTION (0.0ms)[0m  [1m[36mbegin transaction[0m
-----------------------------------------------
StaticPagesControllerTest: test_should_get_home
-----------------------------------------------
Started GET "/static_pages/home" for 127.0.0.1 at 2023-05-20 13:22:56 +0530
Processing by StaticPagesController#home as HTML
  Rendering layout layouts/application.html.erb
  Rendering static_pages/home.html.erb within layouts/application
  Rendered static_pages/home.html.erb within layouts/application (Duration: 0.5ms | Allocations: 132)
  Rendered shared/_navbar.html.erb (Duration: 0.1ms | Allocations: 71)
  Rendered layout layouts/application.html.erb (Duration: 1.6ms | Allocations: 1815)
Completed 200 OK in 6ms (Views: 3.9ms | ActiveRecord: 0.0ms | Allocations: 2479)
  [1m[36mTRANSACTION (0.0ms)[0m  [1m[31mrollback transaction[0m
  [1m[36mTRANSACTION (0.1ms)[0m  [1m[36mbegin transaction[0m
------------------------------------------------
StaticPagesControllerTest: test_should_get_about
------------------------------------------------
Started GET "/static_pages/about" for 127.0.0.1 at 2023-05-20 13:22:56 +0530
Processing by StaticPagesController#about as HTML
  Rendering layout layouts/application.html.erb
  Rendering static_pages/about.html.erb within layouts/application
  Rendered static_pages/about.html.erb within layouts/application (Duration: 11.9ms | Allocations: 129)
  Rendered shared/_navbar.html.erb (Duration: 0.1ms | Allocations: 48)
  Rendered layout layouts/application.html.erb (Duration: 12.7ms | Allocations: 1711)
Completed 200 OK in 14ms (Views: 13.1ms | ActiveRecord: 0.0ms | Allocations: 2007)
  [1m[36mTRANSACTION (0.0ms)[0m  [1m[31mrollback transaction[0m
  [1m[36mTRANSACTION (0.1ms)[0m  [1m[36mbegin transaction[0m
-----------------------------------------------
StaticPagesControllerTest: test_should_get_help
-----------------------------------------------
Started GET "/static_pages/help" for 127.0.0.1 at 2023-05-20 13:22:56 +0530
Processing by StaticPagesController#help as HTML
  Rendering layout layouts/application.html.erb
  Rendering static_pages/help.html.erb within layouts/application
  Rendered static_pages/help.html.erb within layouts/application (Duration: 0.8ms | Allocations: 129)
  Rendered shared/_navbar.html.erb (Duration: 0.1ms | Allocations: 48)
  Rendered layout layouts/application.html.erb (Duration: 1.8ms | Allocations: 1711)
Completed 200 OK in 5ms (Views: 2.2ms | ActiveRecord: 0.0ms | Allocations: 2007)
  [1m[36mTRANSACTION (0.0ms)[0m  [1m[31mrollback transaction[0m
  [1m[36mActiveRecord::InternalMetadata Pluck (0.1ms)[0m  [1m[34mSELECT "ar_internal_metadata"."value" FROM "ar_internal_metadata" WHERE "ar_internal_metadata"."key" = ? LIMIT ?[0m  [["key", "schema_sha1"], ["LIMIT", 1]]
  [1m[36mActiveRecord::SchemaMigration Pluck (0.0ms)[0m  [1m[34mSELECT "schema_migrations"."version" FROM "schema_migrations" ORDER BY "schema_migrations"."version" ASC[0m
  [1m[35m (0.0ms)[0m  [1m[35mPRAGMA foreign_keys[0m
  [1m[35m (0.0ms)[0m  [1m[35mPRAGMA defer_foreign_keys[0m
  [1m[35m (0.0ms)[0m  [1m[35mPRAGMA defer_foreign_keys = ON[0m
  [1m[35m (0.0ms)[0m  [1m[35mPRAGMA foreign_keys = OFF[0m
  [1m[36mTRANSACTION (0.0ms)[0m  [1m[36mbegin transaction[0m
  [1m[36mFixtures Load (2.0ms)[0m  [1m[31mDELETE FROM "microposts";
DELETE FROM "users";
INSERT INTO "microposts" ("id", "content", "user_id", "created_at", "updated_at") VALUES (980190962, 'MyText', 1, '2023-05-20 07:53:16.996792', '2023-05-20 07:53:16.996792');
INSERT INTO "microposts" ("id", "content", "user_id", "created_at", "updated_at") VALUES (298486374, 'MyText', 1, '2023-05-20 07:53:16.996792', '2023-05-20 07:53:16.996792');
INSERT INTO "users" ("id", "name", "email", "created_at", "updated_at") VALUES (980190962, 'MyString', 'MyString', '2023-05-20 07:53:16.997636', '2023-05-20 07:53:16.997636');
INSERT INTO "users" ("id", "name", "email", "created_at", "updated_at") VALUES (298486374, 'MyString', 'MyString', '2023-05-20 07:53:16.997636', '2023-05-20 07:53:16.997636')[0m
  [1m[36mTRANSACTION (7.1ms)[0m  [1m[36mcommit transaction[0m
  [1m[35m (0.1ms)[0m  [1m[35mPRAGMA defer_foreign_keys = 0[0m
  [1m[35m (0.0ms)[0m  [1m[35mPRAGMA foreign_keys = 1[0m
  [1m[35m (0.0ms)[0m  [1m[35mPRAGMA foreign_key_check[0m
  [1m[36mTRANSACTION (0.0ms)[0m  [1m[36mbegin transaction[0m
-----------------------------------------------
StaticPagesControllerTest: test_should_get_home
-----------------------------------------------
Started GET "/static_pages/home" for 127.0.0.1 at 2023-05-20 13:23:17 +0530
Processing by StaticPagesController#home as HTML
  Rendering layout layouts/application.html.erb
  Rendering static_pages/home.html.erb within layouts/application
  Rendered static_pages/home.html.erb within layouts/application (Duration: 1.1ms | Allocations: 368)
  Rendered shared/_navbar.html.erb (Duration: 0.5ms | Allocations: 326)
  Rendered layout layouts/application.html.erb (Duration: 68.6ms | Allocations: 36032)
Completed 200 OK in 81ms (Views: 73.1ms | ActiveRecord: 0.0ms | Allocations: 39525)
  [1m[36mTRANSACTION (0.0ms)[0m  [1m[31mrollback transaction[0m
  [1m[36mTRANSACTION (0.0ms)[0m  [1m[36mbegin transaction[0m
-----------------------------------------------
StaticPagesControllerTest: test_should_get_help
-----------------------------------------------
Started GET "/static_pages/help" for 127.0.0.1 at 2023-05-20 13:23:17 +0530
Processing by StaticPagesController#help as HTML
  Rendering layout layouts/application.html.erb
  Rendering static_pages/help.html.erb within layouts/application
  Rendered static_pages/help.html.erb within layouts/application (Duration: 0.8ms | Allocations: 130)
  Rendered shared/_navbar.html.erb (Duration: 0.1ms | Allocations: 48)
  Rendered layout layouts/application.html.erb (Duration: 1.5ms | Allocations: 1712)
Completed 200 OK in 3ms (Views: 1.7ms | ActiveRecord: 0.0ms | Allocations: 2010)
  [1m[36mTRANSACTION (0.0ms)[0m  [1m[31mrollback transaction[0m
  [1m[36mTRANSACTION (0.0ms)[0m  [1m[36mbegin transaction[0m
------------------------------------------------
StaticPagesControllerTest: test_should_get_about
------------------------------------------------
Started GET "/static_pages/about" for 127.0.0.1 at 2023-05-20 13:23:17 +0530
Processing by StaticPagesController#about as HTML
  Rendering layout layouts/application.html.erb
  Rendering static_pages/about.html.erb within layouts/application
  Rendered static_pages/about.html.erb within layouts/application (Duration: 0.4ms | Allocations: 128)
  Rendered shared/_navbar.html.erb (Duration: 0.0ms | Allocations: 48)
  Rendered layout layouts/application.html.erb (Duration: 1.0ms | Allocations: 1710)
Completed 200 OK in 2ms (Views: 1.1ms | ActiveRecord: 0.0ms | Allocations: 2006)
  [1m[36mTRANSACTION (0.0ms)[0m  [1m[31mrollback transaction[0m
  [1m[36mTRANSACTION (0.0ms)[0m  [1m[36mbegin transaction[0m
----------------------------------------------------
MicropostsControllerTest: test_should_show_micropost
----------------------------------------------------
  [1m[36mMicropost Load (0.1ms)[0m  [1m[34mSELECT "microposts".* FROM "microposts" WHERE "microposts"."id" = ? LIMIT ?[0m  [["id", 980190962], ["LIMIT", 1]]
Started GET "/microposts/980190962" for 127.0.0.1 at 2023-05-20 13:23:17 +0530
Processing by MicropostsController#show as HTML
  Parameters: {"id"=>"980190962"}
  [1m[36mMicropost Load (0.1ms)[0m  [1m[34mSELECT "microposts".* FROM "microposts" WHERE "microposts"."id" = ? LIMIT ?[0m  [["id", 980190962], ["LIMIT", 1]]
  Rendering layout layouts/application.html.erb
  Rendering microposts/show.html.erb within layouts/application
  Rendered microposts/_micropost.html.erb (Duration: 0.8ms | Allocations: 203)
  Rendered microposts/show.html.erb within layouts/application (Duration: 6.5ms | Allocations: 1253)
  Rendered shared/_navbar.html.erb (Duration: 0.1ms | Allocations: 47)
  Rendered layout layouts/application.html.erb (Duration: 7.4ms | Allocations: 2897)
Completed 200 OK in 16ms (Views: 11.8ms | ActiveRecord: 0.1ms | Allocations: 3898)
  [1m[36mTRANSACTION (0.0ms)[0m  [1m[31mrollback transaction[0m
  [1m[36mTRANSACTION (0.1ms)[0m  [1m[36mbegin transaction[0m
-----------------------------------------------
MicropostsControllerTest: test_should_get_index
-----------------------------------------------
  [1m[36mMicropost Load (0.3ms)[0m  [1m[34mSELECT "microposts".* FROM "microposts" WHERE "microposts"."id" = ? LIMIT ?[0m  [["id", 980190962], ["LIMIT", 1]]
Started GET "/microposts" for 127.0.0.1 at 2023-05-20 13:23:17 +0530
Processing by MicropostsController#index as HTML
  Rendering layout layouts/application.html.erb
  Rendering microposts/index.html.erb within layouts/application
  [1m[36mMicropost Load (0.1ms)[0m  [1m[34mSELECT "microposts".* FROM "microposts"[0m
  Rendered microposts/_micropost.html.erb (Duration: 0.1ms | Allocations: 16)
  Rendered microposts/_micropost.html.erb (Duration: 0.0ms | Allocations: 15)
  Rendered microposts/index.html.erb within layouts/application (Duration: 2.4ms | Allocations: 681)
  Rendered shared/_navbar.html.erb (Duration: 0.1ms | Allocations: 43)
  Rendered layout layouts/application.html.erb (Duration: 3.6ms | Allocations: 2258)
Completed 200 OK in 7ms (Views: 3.8ms | ActiveRecord: 0.1ms | Allocations: 2594)
  [1m[36mTRANSACTION (0.0ms)[0m  [1m[31mrollback transaction[0m
  [1m[36mTRANSACTION (0.0ms)[0m  [1m[36mbegin transaction[0m
----------------------------------------------
MicropostsControllerTest: test_should_get_edit
----------------------------------------------
  [1m[36mMicropost Load (0.1ms)[0m  [1m[34mSELECT "microposts".* FROM "microposts" WHERE "microposts"."id" = ? LIMIT ?[0m  [["id", 980190962], ["LIMIT", 1]]
Started GET "/microposts/980190962/edit" for 127.0.0.1 at 2023-05-20 13:23:17 +0530
Processing by MicropostsController#edit as HTML
  Parameters: {"id"=>"980190962"}
  [1m[36mMicropost Load (0.0ms)[0m  [1m[34mSELECT "microposts".* FROM "microposts" WHERE "microposts"."id" = ? LIMIT ?[0m  [["id", 980190962], ["LIMIT", 1]]
  Rendering layout layouts/application.html.erb
  Rendering microposts/edit.html.erb within layouts/application
  Rendered microposts/_form.html.erb (Duration: 11.2ms | Allocations: 3082)
  Rendered microposts/edit.html.erb within layouts/application (Duration: 12.3ms | Allocations: 3407)
  Rendered shared/_navbar.html.erb (Duration: 0.1ms | Allocations: 43)
  Rendered layout layouts/application.html.erb (Duration: 13.1ms | Allocations: 4976)
Completed 200 OK in 14ms (Views: 13.3ms | ActiveRecord: 0.0ms | Allocations: 5380)
  [1m[36mTRANSACTION (0.0ms)[0m  [1m[31mrollback transaction[0m
  [1m[36mTRANSACTION (0.0ms)[0m  [1m[36mbegin transaction[0m
---------------------------------------------
MicropostsControllerTest: test_should_get_new
---------------------------------------------
  [1m[36mMicropost Load (0.1ms)[0m  [1m[34mSELECT "microposts".* FROM "microposts" WHERE "microposts"."id" = ? LIMIT ?[0m  [["id", 980190962], ["LIMIT", 1]]
Started GET "/microposts/new" for 127.0.0.1 at 2023-05-20 13:23:17 +0530
Processing by MicropostsController#new as HTML
  Rendering layout layouts/application.html.erb
  Rendering microposts/new.html.erb within layouts/application
  Rendered microposts/_form.html.erb (Duration: 0.7ms | Allocations: 755)
  Rendered microposts/new.html.erb within layouts/application (Duration: 1.3ms | Allocations: 967)
  Rendered shared/_navbar.html.erb (Duration: 0.1ms | Allocations: 43)
  Rendered layout layouts/application.html.erb (Duration: 2.6ms | Allocations: 2544)
Completed 200 OK in 4ms (Views: 2.8ms | ActiveRecord: 0.0ms | Allocations: 2884)
  [1m[36mTRANSACTION (0.1ms)[0m  [1m[31mrollback transaction[0m
  [1m[36mTRANSACTION (0.0ms)[0m  [1m[36mbegin transaction[0m
-------------------------------------------------------
MicropostsControllerTest: test_should_destroy_micropost
-------------------------------------------------------
  [1m[36mMicropost Load (0.1ms)[0m  [1m[34mSELECT "microposts".* FROM "microposts" WHERE "microposts"."id" = ? LIMIT ?[0m  [["id", 980190962], ["LIMIT", 1]]
  [1m[36mMicropost Count (0.1ms)[0m  [1m[34mSELECT COUNT(*) FROM "microposts"[0m
Started DELETE "/microposts/980190962" for 127.0.0.1 at 2023-05-20 13:23:17 +0530
Processing by MicropostsController#destroy as HTML
  Parameters: {"id"=>"980190962"}
  [1m[36mMicropost Load (0.0ms)[0m  [1m[34mSELECT "microposts".* FROM "microposts" WHERE "microposts"."id" = ? LIMIT ?[0m  [["id", 980190962], ["LIMIT", 1]]
  [1m[36mTRANSACTION (0.0ms)[0m  [1m[35mSAVEPOINT active_record_1[0m
  [1m[36mMicropost Destroy (1.8ms)[0m  [1m[31mDELETE FROM "microposts" WHERE "microposts"."id" = ?[0m  [["id", 980190962]]
  [1m[36mTRANSACTION (0.0ms)[0m  [1m[35mRELEASE SAVEPOINT active_record_1[0m
Redirected to http://www.example.com/microposts
Completed 302 Found in 4ms (ActiveRecord: 1.9ms | Allocations: 813)
  [1m[36mMicropost Count (0.0ms)[0m  [1m[34mSELECT COUNT(*) FROM "microposts"[0m
  [1m[36mTRANSACTION (0.2ms)[0m  [1m[31mrollback transaction[0m
  [1m[36mTRANSACTION (0.0ms)[0m  [1m[36mbegin transaction[0m
----------------------------------------
UsersControllerTest: test_should_get_new
----------------------------------------
  [1m[36mUser Load (0.1ms)[0m  [1m[34mSELECT "users".* FROM "users" WHERE "users"."id" = ? LIMIT ?[0m  [["id", 980190962], ["LIMIT", 1]]
Started GET "/users/new" for 127.0.0.1 at 2023-05-20 13:23:17 +0530
Processing by UsersController#new as HTML
  Rendering layout layouts/application.html.erb
  Rendering users/new.html.erb within layouts/application
  Rendered users/_form.html.erb (Duration: 1.3ms | Allocations: 1278)
  Rendered users/new.html.erb within layouts/application (Duration: 2.2ms | Allocations: 1575)
  Rendered shared/_navbar.html.erb (Duration: 0.1ms | Allocations: 47)
  Rendered layout layouts/application.html.erb (Duration: 3.1ms | Allocations: 3228)
Completed 200 OK in 7ms (Views: 5.6ms | ActiveRecord: 0.0ms | Allocations: 3932)
  [1m[36mTRANSACTION (0.1ms)[0m  [1m[31mrollback transaction[0m
  [1m[36mTRANSACTION (0.1ms)[0m  [1m[36mbegin transaction[0m
--------------------------------------------
UsersControllerTest: test_should_update_user
--------------------------------------------
  [1m[36mUser Load (0.1ms)[0m  [1m[34mSELECT "users".* FROM "users" WHERE "users"."id" = ? LIMIT ?[0m  [["id", 980190962], ["LIMIT", 1]]
Started PATCH "/users/980190962" for 127.0.0.1 at 2023-05-20 13:23:17 +0530
Processing by UsersController#update as HTML
  Parameters: {"user"=>{"email"=>"MyString", "name"=>"MyString"}, "id"=>"980190962"}
  [1m[36mUser Load (0.0ms)[0m  [1m[34mSELECT "users".* FROM "users" WHERE "users"."id" = ? LIMIT ?[0m  [["id", 980190962], ["LIMIT", 1]]
Redirected to http://www.example.com/users/980190962
Completed 302 Found in 3ms (ActiveRecord: 0.0ms | Allocations: 1148)
  [1m[36mTRANSACTION (0.0ms)[0m  [1m[31mrollback transaction[0m
  [1m[36mTRANSACTION (0.0ms)[0m  [1m[36mbegin transaction[0m
-----------------------------------------
UsersControllerTest: test_should_get_edit
-----------------------------------------
  [1m[36mUser Load (0.1ms)[0m  [1m[34mSELECT "users".* FROM "users" WHERE "users"."id" = ? LIMIT ?[0m  [["id", 980190962], ["LIMIT", 1]]
Started GET "/users/980190962/edit" for 127.0.0.1 at 2023-05-20 13:23:17 +0530
Processing by UsersController#edit as HTML
  Parameters: {"id"=>"980190962"}
  [1m[36mUser Load (0.0ms)[0m  [1m[34mSELECT "users".* FROM "users" WHERE "users"."id" = ? LIMIT ?[0m  [["id", 980190962], ["LIMIT", 1]]
  Rendering layout layouts/application.html.erb
  Rendering users/edit.html.erb within layouts/application
  Rendered users/_form.html.erb (Duration: 0.6ms | Allocations: 825)
  Rendered users/edit.html.erb within layouts/application (Duration: 1.3ms | Allocations: 1104)
  Rendered shared/_navbar.html.erb (Duration: 0.0ms | Allocations: 43)
  Rendered layout layouts/application.html.erb (Duration: 1.9ms | Allocations: 2673)
Completed 200 OK in 3ms (Views: 2.1ms | ActiveRecord: 0.0ms | Allocations: 3077)
  [1m[36mTRANSACTION (0.0ms)[0m  [1m[31mrollback transaction[0m
  [1m[36mTRANSACTION (0.0ms)[0m  [1m[36mbegin transaction[0m
------------------------------------------
UsersControllerTest: test_should_show_user
------------------------------------------
  [1m[36mUser Load (0.1ms)[0m  [1m[34mSELECT "users".* FROM "users" WHERE "users"."id" = ? LIMIT ?[0m  [["id", 980190962], ["LIMIT", 1]]
Started GET "/users/980190962" for 127.0.0.1 at 2023-05-20 13:23:17 +0530
Processing by UsersController#show as HTML
  Parameters: {"id"=>"980190962"}
  [1m[36mUser Load (0.1ms)[0m  [1m[34mSELECT "users".* FROM "users" WHERE "users"."id" = ? LIMIT ?[0m  [["id", 980190962], ["LIMIT", 1]]
  Rendering layout layouts/application.html.erb
  Rendering users/show.html.erb within layouts/application
  [1m[36mMicropost Load (0.1ms)[0m  [1m[34mSELECT "microposts".* FROM "microposts" WHERE "microposts"."user_id" = ?[0m  [["user_id", 980190962]]
  Rendered users/_user.html.erb (Duration: 3.3ms | Allocations: 1153)
  Rendered users/show.html.erb within layouts/application (Duration: 10.6ms | Allocations: 2904)
  Rendered shared/_navbar.html.erb (Duration: 0.0ms | Allocations: 43)
  Rendered layout layouts/application.html.erb (Duration: 11.3ms | Allocations: 4473)
Completed 200 OK in 15ms (Views: 11.5ms | ActiveRecord: 0.2ms | Allocations: 4902)
  [1m[36mTRANSACTION (0.0ms)[0m  [1m[31mrollback transaction[0m
  [1m[36mTRANSACTION (0.0ms)[0m  [1m[36mbegin transaction[0m
---------------------------------------------
UsersControllerTest: test_should_destroy_user
---------------------------------------------
  [1m[36mUser Load (0.1ms)[0m  [1m[34mSELECT "users".* FROM "users" WHERE "users"."id" = ? LIMIT ?[0m  [["id", 980190962], ["LIMIT", 1]]
  [1m[36mUser Count (0.1ms)[0m  [1m[34mSELECT COUNT(*) FROM "users"[0m
Started DELETE "/users/980190962" for 127.0.0.1 at 2023-05-20 13:23:17 +0530
Processing by UsersController#destroy as HTML
  Parameters: {"id"=>"980190962"}
  [1m[36mUser Load (0.1ms)[0m  [1m[34mSELECT "users".* FROM "users" WHERE "users"."id" = ? LIMIT ?[0m  [["id", 980190962], ["LIMIT", 1]]
  [1m[36mTRANSACTION (0.1ms)[0m  [1m[35mSAVEPOINT active_record_1[0m
  [1m[36mUser Destroy (1.9ms)[0m  [1m[31mDELETE FROM "users" WHERE "users"."id" = ?[0m  [["id", 980190962]]
  [1m[36mTRANSACTION (0.0ms)[0m  [1m[35mRELEASE SAVEPOINT active_record_1[0m
Redirected to http://www.example.com/users
Completed 302 Found in 4ms (ActiveRecord: 2.1ms | Allocations: 578)
  [1m[36mUser Count (0.1ms)[0m  [1m[34mSELECT COUNT(*) FROM "users"[0m
  [1m[36mTRANSACTION (0.2ms)[0m  [1m[31mrollback transaction[0m
  [1m[36mTRANSACTION (0.0ms)[0m  [1m[36mbegin transaction[0m
------------------------------------------
UsersControllerTest: test_should_get_index
------------------------------------------
  [1m[36mUser Load (0.1ms)[0m  [1m[34mSELECT "users".* FROM "users" WHERE "users"."id" = ? LIMIT ?[0m  [["id", 980190962], ["LIMIT", 1]]
Started GET "/users" for 127.0.0.1 at 2023-05-20 13:23:17 +0530
Processing by UsersController#index as HTML
  Rendering layout layouts/application.html.erb
  Rendering users/index.html.erb within layouts/application
  [1m[36mUser Load (0.1ms)[0m  [1m[34mSELECT "users".* FROM "users"[0m
  [1m[36mMicropost Load (0.0ms)[0m  [1m[34mSELECT "microposts".* FROM "microposts" WHERE "microposts"."user_id" = ?[0m  [["user_id", 298486374]]
  Rendered users/_user.html.erb (Duration: 0.3ms | Allocations: 200)
  [1m[36mMicropost Load (0.0ms)[0m  [1m[34mSELECT "microposts".* FROM "microposts" WHERE "microposts"."user_id" = ?[0m  [["user_id", 980190962]]
  Rendered users/_user.html.erb (Duration: 0.3ms | Allocations: 200)
  Rendered users/index.html.erb within layouts/application (Duration: 1.7ms | Allocations: 1071)
  Rendered shared/_navbar.html.erb (Duration: 0.0ms | Allocations: 43)
  Rendered layout layouts/application.html.erb (Duration: 2.4ms | Allocations: 2648)
Completed 200 OK in 4ms (Views: 2.5ms | ActiveRecord: 0.1ms | Allocations: 2984)
  [1m[36mTRANSACTION (0.0ms)[0m  [1m[31mrollback transaction[0m
  [1m[36mTRANSACTION (0.0ms)[0m  [1m[36mbegin transaction[0m
--------------------------------------------
UsersControllerTest: test_should_create_user
--------------------------------------------
  [1m[36mUser Load (0.1ms)[0m  [1m[34mSELECT "users".* FROM "users" WHERE "users"."id" = ? LIMIT ?[0m  [["id", 980190962], ["LIMIT", 1]]
  [1m[36mUser Count (0.0ms)[0m  [1m[34mSELECT COUNT(*) FROM "users"[0m
Started POST "/users" for 127.0.0.1 at 2023-05-20 13:23:17 +0530
Processing by UsersController#create as HTML
  Parameters: {"user"=>{"email"=>"MyString", "name"=>"MyString"}}
  [1m[36mTRANSACTION (0.0ms)[0m  [1m[35mSAVEPOINT active_record_1[0m
  [1m[36mUser Create (2.0ms)[0m  [1m[32mINSERT INTO "users" ("name", "email", "created_at", "updated_at") VALUES (?, ?, ?, ?)[0m  [["name", "MyString"], ["email", "MyString"], ["created_at", "2023-05-20 07:53:17.477957"], ["updated_at", "2023-05-20 07:53:17.477957"]]
  [1m[36mTRANSACTION (0.1ms)[0m  [1m[35mRELEASE SAVEPOINT active_record_1[0m
Redirected to http://www.example.com/users/980190963
Completed 302 Found in 5ms (ActiveRecord: 2.1ms | Allocations: 862)
  [1m[36mUser Count (0.1ms)[0m  [1m[34mSELECT COUNT(*) FROM "users"[0m
  [1m[36mUser Load (0.1ms)[0m  [1m[34mSELECT "users".* FROM "users" ORDER BY "users"."id" DESC LIMIT ?[0m  [["LIMIT", 1]]
  [1m[36mTRANSACTION (0.2ms)[0m  [1m[31mrollback transaction[0m
